#
# There is insufficient memory for the Java Runtime Environment to continue.
# Native memory allocation (malloc) failed to allocate 933168 bytes. Error detail: Chunk::new
# Possible reasons:
#   The system is out of physical RAM or swap space
#   This process is running with CompressedOops enabled, and the Java Heap may be blocking the growth of the native heap
# Possible solutions:
#   Reduce memory load on the system
#   Increase physical memory or swap space
#   Check if swap backing store is full
#   Decrease Java heap size (-Xmx/-Xms)
#   Decrease number of Java threads
#   Decrease Java thread stack sizes (-Xss)
#   Set larger code cache with -XX:ReservedCodeCacheSize=
#   JVM is running with Unscaled Compressed Oops mode in which the Java heap is
#     placed in the first 4GB address space. The Java Heap base address is the
#     maximum limit for the native heap growth. Please use -XX:HeapBaseMinAddress
#     to set the Java Heap base and to place the Java Heap above 4GB virtual address.
# This output file may be truncated or incomplete.
#
#  Out of Memory Error (arena.cpp:168), pid=16000, tid=10072
#
# JRE version: OpenJDK Runtime Environment Temurin-21.0.6+7 (21.0.6+7) (build 21.0.6+7-LTS)
# Java VM: OpenJDK 64-Bit Server VM Temurin-21.0.6+7 (21.0.6+7-LTS, mixed mode, sharing, tiered, compressed oops, compressed class ptrs, parallel gc, windows-amd64)
# No core dump will be written. Minidumps are not enabled by default on client versions of Windows
#

---------------  S U M M A R Y ------------

Command Line: --add-modules=ALL-SYSTEM --add-opens=java.base/java.util=ALL-UNNAMED --add-opens=java.base/java.lang=ALL-UNNAMED --add-opens=java.base/sun.nio.fs=ALL-UNNAMED -Declipse.application=org.eclipse.jdt.ls.core.id1 -Dosgi.bundles.defaultStartLevel=4 -Declipse.product=org.eclipse.jdt.ls.core.product -Djava.import.generatesMetadataFilesAtProjectRoot=false -DDetectVMInstallationsJob.disabled=true -Dfile.encoding=utf8 -XX:+UseParallelGC -XX:GCTimeRatio=4 -XX:AdaptiveSizePolicyWeight=90 -Dsun.zip.disableMemoryMapping=true -Xmx1G -Xms100m -Xlog:disable -javaagent:c:\Users\dinet\.vscode-insiders\extensions\redhat.java-1.40.0-win32-x64\lombok\lombok-1.18.36.jar c:\Users\dinet\.vscode-insiders\extensions\redhat.java-1.40.0-win32-x64\server\plugins\org.eclipse.equinox.launcher_1.6.1000.v20250131-0606.jar -configuration c:\Users\dinet\AppData\Roaming\Code - Insiders\User\globalStorage\redhat.java\1.40.0\config_ss_win -data c:\Users\dinet\AppData\Roaming\Code - Insiders\User\workspaceStorage\dabadabde1c83beb8ffe71b872dfda3c\redhat.java\ss_ws --pipe=\\.\pipe\lsp-9de13bdddb333b3c54d783e5baf1f559-sock

Host: 11th Gen Intel(R) Core(TM) i5-1135G7 @ 2.40GHz, 8 cores, 7G,  Windows 11 , 64 bit Build 22621 (10.0.22621.4974)
Time: Sat Mar 22 11:38:37 2025 Sri Lanka Standard Time elapsed time: 4.149624 seconds (0d 0h 0m 4s)

---------------  T H R E A D  ---------------

Current thread (0x0000020ee2eeb2c0):  JavaThread "C2 CompilerThread0" daemon [_thread_in_native, id=10072, stack(0x000000f987b00000,0x000000f987c00000) (1024K)]


Current CompileTask:
C2:4149 2347       4       org.eclipse.core.internal.dtree.DataTreeReader::readNode (248 bytes)

Stack: [0x000000f987b00000,0x000000f987c00000]
Native frames: (J=compiled Java code, j=interpreted, Vv=VM code, C=native code)
V  [jvm.dll+0x6cdee9]
V  [jvm.dll+0x8a83d1]
V  [jvm.dll+0x8aa8fe]
V  [jvm.dll+0x8aafe3]
V  [jvm.dll+0x27f706]
V  [jvm.dll+0xc500d]
V  [jvm.dll+0xc5543]
V  [jvm.dll+0x3b678c]
V  [jvm.dll+0x382935]
V  [jvm.dll+0x381d9a]
V  [jvm.dll+0x2479f0]
V  [jvm.dll+0x246fcf]
V  [jvm.dll+0x1c75ee]
V  [jvm.dll+0x25685a]
V  [jvm.dll+0x254dfa]
V  [jvm.dll+0x3f0256]
V  [jvm.dll+0x851f8b]
V  [jvm.dll+0x6cc5ed]
C  [ucrtbase.dll+0x29333]
C  [KERNEL32.DLL+0x1259d]
C  [ntdll.dll+0x5af38]


---------------  P R O C E S S  ---------------

Threads class SMR info:
_java_thread_list=0x0000020ee983dd50, length=17, elements={
0x0000020eceb30d80, 0x0000020ecebddb40, 0x0000020ee2edf430, 0x0000020ee2ee1280,
0x0000020ee2ee5fb0, 0x0000020ee2ee8f40, 0x0000020ee2ee9990, 0x0000020ee2eeb2c0,
0x0000020ee48b0110, 0x0000020ee492c690, 0x0000020ee4bab6c0, 0x0000020ee951ee60,
0x0000020ee92f6730, 0x0000020ee97071e0, 0x0000020ee92d62f0, 0x0000020ee917e690,
0x0000020ee97c5400
}

Java Threads: ( => current thread )
  0x0000020eceb30d80 JavaThread "main"                              [_thread_blocked, id=16916, stack(0x000000f987100000,0x000000f987200000) (1024K)]
  0x0000020ecebddb40 JavaThread "Reference Handler"          daemon [_thread_blocked, id=17460, stack(0x000000f987500000,0x000000f987600000) (1024K)]
  0x0000020ee2edf430 JavaThread "Finalizer"                  daemon [_thread_blocked, id=15680, stack(0x000000f987600000,0x000000f987700000) (1024K)]
  0x0000020ee2ee1280 JavaThread "Signal Dispatcher"          daemon [_thread_blocked, id=17084, stack(0x000000f987700000,0x000000f987800000) (1024K)]
  0x0000020ee2ee5fb0 JavaThread "Attach Listener"            daemon [_thread_blocked, id=18144, stack(0x000000f987800000,0x000000f987900000) (1024K)]
  0x0000020ee2ee8f40 JavaThread "Service Thread"             daemon [_thread_blocked, id=14540, stack(0x000000f987900000,0x000000f987a00000) (1024K)]
  0x0000020ee2ee9990 JavaThread "Monitor Deflation Thread"   daemon [_thread_blocked, id=13700, stack(0x000000f987a00000,0x000000f987b00000) (1024K)]
=>0x0000020ee2eeb2c0 JavaThread "C2 CompilerThread0"         daemon [_thread_in_native, id=10072, stack(0x000000f987b00000,0x000000f987c00000) (1024K)]
  0x0000020ee48b0110 JavaThread "C1 CompilerThread0"         daemon [_thread_blocked, id=6880, stack(0x000000f987c00000,0x000000f987d00000) (1024K)]
  0x0000020ee492c690 JavaThread "Common-Cleaner"             daemon [_thread_blocked, id=10216, stack(0x000000f987d00000,0x000000f987e00000) (1024K)]
  0x0000020ee4bab6c0 JavaThread "Notification Thread"        daemon [_thread_blocked, id=14488, stack(0x000000f987e00000,0x000000f987f00000) (1024K)]
  0x0000020ee951ee60 JavaThread "Active Thread: Equinox Container: 6cf3926c-01d9-427f-aac9-bf84fbb842c1"        [_thread_blocked, id=13264, stack(0x000000f988700000,0x000000f988800000) (1024K)]
  0x0000020ee92f6730 JavaThread "Framework Event Dispatcher: Equinox Container: 6cf3926c-01d9-427f-aac9-bf84fbb842c1" daemon [_thread_blocked, id=2184, stack(0x000000f988800000,0x000000f988900000) (1024K)]
  0x0000020ee97071e0 JavaThread "Start Level: Equinox Container: 6cf3926c-01d9-427f-aac9-bf84fbb842c1" daemon [_thread_in_native, id=8984, stack(0x000000f988900000,0x000000f988a00000) (1024K)]
  0x0000020ee92d62f0 JavaThread "SCR Component Actor"        daemon [_thread_blocked, id=8436, stack(0x000000f988a00000,0x000000f988b00000) (1024K)]
  0x0000020ee917e690 JavaThread "SCR Component Registry"     daemon [_thread_blocked, id=7248, stack(0x000000f988c00000,0x000000f988d00000) (1024K)]
  0x0000020ee97c5400 JavaThread "Worker-JM"                         [_thread_blocked, id=18004, stack(0x000000f988600000,0x000000f988700000) (1024K)]
Total: 17

Other Threads:
  0x0000020ee2ed3600 VMThread "VM Thread"                           [id=7504, stack(0x000000f987400000,0x000000f987500000) (1024K)]
  0x0000020ee2dec950 WatcherThread "VM Periodic Task Thread"        [id=18292, stack(0x000000f987300000,0x000000f987400000) (1024K)]
  0x0000020eceb4f4c0 WorkerThread "GC Thread#0"                     [id=18296, stack(0x000000f987200000,0x000000f987300000) (1024K)]
  0x0000020ee9420ae0 WorkerThread "GC Thread#1"                     [id=17064, stack(0x000000f988000000,0x000000f988100000) (1024K)]
  0x0000020ee96b24e0 WorkerThread "GC Thread#2"                     [id=10500, stack(0x000000f988100000,0x000000f988200000) (1024K)]
  0x0000020ee96b2880 WorkerThread "GC Thread#3"                     [id=17884, stack(0x000000f988200000,0x000000f988300000) (1024K)]
  0x0000020ee96b2c20 WorkerThread "GC Thread#4"                     [id=17668, stack(0x000000f988300000,0x000000f988400000) (1024K)]
  0x0000020ee96b2fc0 WorkerThread "GC Thread#5"                     [id=5144, stack(0x000000f988400000,0x000000f988500000) (1024K)]
  0x0000020ee96b3360 WorkerThread "GC Thread#6"                     [id=8088, stack(0x000000f988500000,0x000000f988600000) (1024K)]
  0x0000020ee9390be0 WorkerThread "GC Thread#7"                     [id=8128, stack(0x000000f988b00000,0x000000f988c00000) (1024K)]
Total: 10

Threads with active compile tasks:
C2 CompilerThread0  4169 2347       4       org.eclipse.core.internal.dtree.DataTreeReader::readNode (248 bytes)
Total: 1

VM state: not at safepoint (normal execution)

VM Mutex/Monitor currently owned by a thread: None

Heap address: 0x00000000c0000000, size: 1024 MB, Compressed Oops mode: 32-bit

CDS archive(s) mapped at: [0x0000020e80000000-0x0000020e80ba0000-0x0000020e80ba0000), size 12189696, SharedBaseAddress: 0x0000020e80000000, ArchiveRelocationMode: 1.
Compressed class space mapped at: 0x0000020e81000000-0x0000020ec1000000, reserved size: 1073741824
Narrow klass base: 0x0000020e80000000, Narrow klass shift: 0, Narrow klass range: 0x100000000

GC Precious Log:
 CardTable entry size: 512
 CPUs: 8 total, 8 available
 Memory: 7991M
 Large Page Support: Disabled
 NUMA Support: Disabled
 Compressed Oops: Enabled (32-bit)
 Alignments: Space 512K, Generation 512K, Heap 2M
 Heap Min Capacity: 100M
 Heap Initial Capacity: 100M
 Heap Max Capacity: 1G
 Pre-touch: Disabled
 Parallel Workers: 8

Heap:
 PSYoungGen      total 29696K, used 19962K [0x00000000eab00000, 0x00000000ecc00000, 0x0000000100000000)
  eden space 25600K, 62% used [0x00000000eab00000,0x00000000eba81d88,0x00000000ec400000)
  from space 4096K, 99% used [0x00000000ec400000,0x00000000ec7fcde8,0x00000000ec800000)
  to   space 4096K, 0% used [0x00000000ec800000,0x00000000ec800000,0x00000000ecc00000)
 ParOldGen       total 68608K, used 2698K [0x00000000c0000000, 0x00000000c4300000, 0x00000000eab00000)
  object space 68608K, 3% used [0x00000000c0000000,0x00000000c02a2a10,0x00000000c4300000)
 Metaspace       used 13746K, committed 14336K, reserved 1114112K
  class space    used 1384K, committed 1664K, reserved 1048576K

Card table byte_map: [0x0000020ece4c0000,0x0000020ece6d0000] _byte_map_base: 0x0000020ecdec0000

Marking Bits: (ParMarkBitMap*) 0x00007ff9d2503260
 Begin Bits: [0x0000020ee0d10000, 0x0000020ee1d10000)
 End Bits:   [0x0000020ee1d10000, 0x0000020ee2d10000)

Polling page: 0x0000020ecc940000

Metaspace:

Usage:
  Non-class:     12.07 MB used.
      Class:      1.35 MB used.
       Both:     13.42 MB used.

Virtual space:
  Non-class space:       64.00 MB reserved,      12.38 MB ( 19%) committed,  1 nodes.
      Class space:        1.00 GB reserved,       1.62 MB ( <1%) committed,  1 nodes.
             Both:        1.06 GB reserved,      14.00 MB (  1%) committed. 

Chunk freelists:
   Non-Class:  3.45 MB
       Class:  14.37 MB
        Both:  17.83 MB

MaxMetaspaceSize: unlimited
CompressedClassSpaceSize: 1.00 GB
Initial GC threshold: 21.00 MB
Current GC threshold: 21.00 MB
CDS: on
 - commit_granule_bytes: 65536.
 - commit_granule_words: 8192.
 - virtual_space_node_default_size: 8388608.
 - enlarge_chunks_in_place: 1.
 - use_allocation_guard: 0.


Internal statistics:

num_allocs_failed_limit: 0.
num_arena_births: 412.
num_arena_deaths: 0.
num_vsnodes_births: 2.
num_vsnodes_deaths: 0.
num_space_committed: 224.
num_space_uncommitted: 0.
num_chunks_returned_to_freelist: 0.
num_chunks_taken_from_freelist: 893.
num_chunk_merges: 0.
num_chunk_splits: 587.
num_chunks_enlarged: 351.
num_inconsistent_stats: 0.

CodeHeap 'non-profiled nmethods': size=120000Kb used=988Kb max_used=988Kb free=119011Kb
 bounds [0x0000020ed97e0000, 0x0000020ed9a50000, 0x0000020ee0d10000]
CodeHeap 'profiled nmethods': size=120000Kb used=4541Kb max_used=4541Kb free=115458Kb
 bounds [0x0000020ed1d10000, 0x0000020ed2180000, 0x0000020ed9240000]
CodeHeap 'non-nmethods': size=5760Kb used=1257Kb max_used=1274Kb free=4502Kb
 bounds [0x0000020ed9240000, 0x0000020ed94b0000, 0x0000020ed97e0000]
 total_blobs=2869 nmethods=2345 adapters=430
 compilation: enabled
              stopped_count=0, restarted_count=0
 full_count=0

Compilation events (20 events):
Event: 4.021 Thread 0x0000020ee2eeb2c0 nmethod 2339 0x0000020ed98d3710 code [0x0000020ed98d38c0, 0x0000020ed98d3af8]
Event: 4.022 Thread 0x0000020ee2eeb2c0 2341       4       java.io.FilterInputStream::read (8 bytes)
Event: 4.031 Thread 0x0000020ee2eeb2c0 nmethod 2341 0x0000020ed98d3e90 code [0x0000020ed98d40a0, 0x0000020ed98d4648]
Event: 4.031 Thread 0x0000020ee2eeb2c0 2343       4       org.eclipse.core.runtime.Path::equals (124 bytes)
Event: 4.033 Thread 0x0000020ee2eeb2c0 nmethod 2343 0x0000020ed98d4b10 code [0x0000020ed98d4cc0, 0x0000020ed98d4e50]
Event: 4.033 Thread 0x0000020ee2eeb2c0 2342       4       java.util.Arrays::copyOf (40 bytes)
Event: 4.037 Thread 0x0000020ee2eeb2c0 nmethod 2342 0x0000020ed98d5010 code [0x0000020ed98d51c0, 0x0000020ed98d56a0]
Event: 4.037 Thread 0x0000020ee2eeb2c0 2344       4       java.io.DataInputStream::readUTF (5 bytes)
Event: 4.038 Thread 0x0000020ee2eeb2c0 nmethod 2344 0x0000020ed98d5910 code [0x0000020ed98d5aa0, 0x0000020ed98d5b50]
Event: 4.038 Thread 0x0000020ee2eeb2c0 2345       4       org.eclipse.core.runtime.Path::<init> (37 bytes)
Event: 4.039 Thread 0x0000020ee2eeb2c0 nmethod 2345 0x0000020ed98d5c10 code [0x0000020ed98d5da0, 0x0000020ed98d5e90]
Event: 4.039 Thread 0x0000020ee2eeb2c0 2346       4       org.eclipse.core.runtime.Path::append (147 bytes)
Event: 4.049 Thread 0x0000020ee2eeb2c0 nmethod 2346 0x0000020ed98d5f90 code [0x0000020ed98d6180, 0x0000020ed98d6a38]
Event: 4.050 Thread 0x0000020ee2eeb2c0 2347       4       org.eclipse.core.internal.dtree.DataTreeReader::readNode (248 bytes)
Event: 4.123 Thread 0x0000020ee48b0110 2352       3       java.util.concurrent.Semaphore$NonfairSync::tryAcquireShared (6 bytes)
Event: 4.123 Thread 0x0000020ee48b0110 nmethod 2352 0x0000020ed217e510 code [0x0000020ed217e6c0, 0x0000020ed217e7f8]
Event: 4.124 Thread 0x0000020ee48b0110 2353       3       java.util.concurrent.Semaphore$Sync::nonfairTryAcquireShared (27 bytes)
Event: 4.124 Thread 0x0000020ee48b0110 nmethod 2353 0x0000020ed217e890 code [0x0000020ed217ea40, 0x0000020ed217ec90]
Event: 4.147 Thread 0x0000020ee48b0110 2354       3       org.eclipse.osgi.internal.framework.FilterImpl$Item::matches0 (15 bytes)
Event: 4.148 Thread 0x0000020ee48b0110 nmethod 2354 0x0000020ed217ed90 code [0x0000020ed217ef40, 0x0000020ed217f168]

GC Heap History (6 events):
Event: 1.290 GC heap before
{Heap before GC invocations=1 (full 0):
 PSYoungGen      total 29696K, used 25596K [0x00000000eab00000, 0x00000000ecc00000, 0x0000000100000000)
  eden space 25600K, 99% used [0x00000000eab00000,0x00000000ec3ff1f8,0x00000000ec400000)
  from space 4096K, 0% used [0x00000000ec800000,0x00000000ec800000,0x00000000ecc00000)
  to   space 4096K, 0% used [0x00000000ec400000,0x00000000ec400000,0x00000000ec800000)
 ParOldGen       total 68608K, used 0K [0x00000000c0000000, 0x00000000c4300000, 0x00000000eab00000)
  object space 68608K, 0% used [0x00000000c0000000,0x00000000c0000000,0x00000000c4300000)
 Metaspace       used 4331K, committed 4544K, reserved 1114112K
  class space    used 435K, committed 512K, reserved 1048576K
}
Event: 1.313 GC heap after
{Heap after GC invocations=1 (full 0):
 PSYoungGen      total 29696K, used 3173K [0x00000000eab00000, 0x00000000ecc00000, 0x0000000100000000)
  eden space 25600K, 0% used [0x00000000eab00000,0x00000000eab00000,0x00000000ec400000)
  from space 4096K, 77% used [0x00000000ec400000,0x00000000ec7197f0,0x00000000ec800000)
  to   space 4096K, 0% used [0x00000000ec800000,0x00000000ec800000,0x00000000ecc00000)
 ParOldGen       total 68608K, used 16K [0x00000000c0000000, 0x00000000c4300000, 0x00000000eab00000)
  object space 68608K, 0% used [0x00000000c0000000,0x00000000c0004000,0x00000000c4300000)
 Metaspace       used 4331K, committed 4544K, reserved 1114112K
  class space    used 435K, committed 512K, reserved 1048576K
}
Event: 2.281 GC heap before
{Heap before GC invocations=2 (full 0):
 PSYoungGen      total 29696K, used 28773K [0x00000000eab00000, 0x00000000ecc00000, 0x0000000100000000)
  eden space 25600K, 100% used [0x00000000eab00000,0x00000000ec400000,0x00000000ec400000)
  from space 4096K, 77% used [0x00000000ec400000,0x00000000ec7197f0,0x00000000ec800000)
  to   space 4096K, 0% used [0x00000000ec800000,0x00000000ec800000,0x00000000ecc00000)
 ParOldGen       total 68608K, used 16K [0x00000000c0000000, 0x00000000c4300000, 0x00000000eab00000)
  object space 68608K, 0% used [0x00000000c0000000,0x00000000c0004000,0x00000000c4300000)
 Metaspace       used 8100K, committed 8384K, reserved 1114112K
  class space    used 800K, committed 960K, reserved 1048576K
}
Event: 2.287 GC heap after
{Heap after GC invocations=2 (full 0):
 PSYoungGen      total 29696K, used 4074K [0x00000000eab00000, 0x00000000ecc00000, 0x0000000100000000)
  eden space 25600K, 0% used [0x00000000eab00000,0x00000000eab00000,0x00000000ec400000)
  from space 4096K, 99% used [0x00000000ec800000,0x00000000ecbfa948,0x00000000ecc00000)
  to   space 4096K, 0% used [0x00000000ec400000,0x00000000ec400000,0x00000000ec800000)
 ParOldGen       total 68608K, used 837K [0x00000000c0000000, 0x00000000c4300000, 0x00000000eab00000)
  object space 68608K, 1% used [0x00000000c0000000,0x00000000c00d16b8,0x00000000c4300000)
 Metaspace       used 8100K, committed 8384K, reserved 1114112K
  class space    used 800K, committed 960K, reserved 1048576K
}
Event: 3.506 GC heap before
{Heap before GC invocations=3 (full 0):
 PSYoungGen      total 29696K, used 29674K [0x00000000eab00000, 0x00000000ecc00000, 0x0000000100000000)
  eden space 25600K, 100% used [0x00000000eab00000,0x00000000ec400000,0x00000000ec400000)
  from space 4096K, 99% used [0x00000000ec800000,0x00000000ecbfa948,0x00000000ecc00000)
  to   space 4096K, 0% used [0x00000000ec400000,0x00000000ec400000,0x00000000ec800000)
 ParOldGen       total 68608K, used 837K [0x00000000c0000000, 0x00000000c4300000, 0x00000000eab00000)
  object space 68608K, 1% used [0x00000000c0000000,0x00000000c00d16b8,0x00000000c4300000)
 Metaspace       used 12863K, committed 13376K, reserved 1114112K
  class space    used 1293K, committed 1472K, reserved 1048576K
}
Event: 3.511 GC heap after
{Heap after GC invocations=3 (full 0):
 PSYoungGen      total 29696K, used 4083K [0x00000000eab00000, 0x00000000ecc00000, 0x0000000100000000)
  eden space 25600K, 0% used [0x00000000eab00000,0x00000000eab00000,0x00000000ec400000)
  from space 4096K, 99% used [0x00000000ec400000,0x00000000ec7fcde8,0x00000000ec800000)
  to   space 4096K, 0% used [0x00000000ec800000,0x00000000ec800000,0x00000000ecc00000)
 ParOldGen       total 68608K, used 2698K [0x00000000c0000000, 0x00000000c4300000, 0x00000000eab00000)
  object space 68608K, 3% used [0x00000000c0000000,0x00000000c02a2a10,0x00000000c4300000)
 Metaspace       used 12863K, committed 13376K, reserved 1114112K
  class space    used 1293K, committed 1472K, reserved 1048576K
}

Dll operation events (9 events):
Event: 0.019 Loaded shared library c:\Users\dinet\.vscode-insiders\extensions\redhat.java-1.40.0-win32-x64\jre\21.0.6-win32-x86_64\bin\java.dll
Event: 0.179 Loaded shared library c:\Users\dinet\.vscode-insiders\extensions\redhat.java-1.40.0-win32-x64\jre\21.0.6-win32-x86_64\bin\zip.dll
Event: 0.254 Loaded shared library C:\Users\dinet\.vscode-insiders\extensions\redhat.java-1.40.0-win32-x64\jre\21.0.6-win32-x86_64\bin\instrument.dll
Event: 0.273 Loaded shared library C:\Users\dinet\.vscode-insiders\extensions\redhat.java-1.40.0-win32-x64\jre\21.0.6-win32-x86_64\bin\net.dll
Event: 0.279 Loaded shared library C:\Users\dinet\.vscode-insiders\extensions\redhat.java-1.40.0-win32-x64\jre\21.0.6-win32-x86_64\bin\nio.dll
Event: 0.284 Loaded shared library C:\Users\dinet\.vscode-insiders\extensions\redhat.java-1.40.0-win32-x64\jre\21.0.6-win32-x86_64\bin\zip.dll
Event: 0.331 Loaded shared library C:\Users\dinet\.vscode-insiders\extensions\redhat.java-1.40.0-win32-x64\jre\21.0.6-win32-x86_64\bin\jimage.dll
Event: 0.488 Loaded shared library c:\Users\dinet\.vscode-insiders\extensions\redhat.java-1.40.0-win32-x64\jre\21.0.6-win32-x86_64\bin\verify.dll
Event: 2.207 Loaded shared library C:\Users\dinet\AppData\Roaming\Code - Insiders\User\globalStorage\redhat.java\1.40.0\config_ss_win\org.eclipse.equinox.launcher\org.eclipse.equinox.launcher.win32.win32.x86_64_1.2.1200.v20250212-0927\eclipse_11909.dll

Deoptimization events (20 events):
Event: 3.318 Thread 0x0000020ee97071e0 DEOPT PACKING pc=0x0000020ed9824d28 sp=0x000000f9889f6fb0
Event: 3.318 Thread 0x0000020ee97071e0 DEOPT UNPACKING pc=0x0000020ed9296da2 sp=0x000000f9889f6f70 mode 2
Event: 3.322 Thread 0x0000020ee97071e0 DEOPT PACKING pc=0x0000020ed1dafa0d sp=0x000000f9889f62e0
Event: 3.322 Thread 0x0000020ee97071e0 DEOPT UNPACKING pc=0x0000020ed92978e2 sp=0x000000f9889f5790 mode 0
Event: 3.556 Thread 0x0000020ee97071e0 Uncommon trap: trap_request=0xffffff45 fr.pc=0x0000020ed98c0990 relative=0x00000000000011f0
Event: 3.556 Thread 0x0000020ee97071e0 Uncommon trap: reason=unstable_if action=reinterpret pc=0x0000020ed98c0990 method=java.util.Properties.loadConvert([CIILjava/lang/StringBuilder;)Ljava/lang/String; @ 491 c2
Event: 3.556 Thread 0x0000020ee97071e0 DEOPT PACKING pc=0x0000020ed98c0990 sp=0x000000f9889f7b60
Event: 3.556 Thread 0x0000020ee97071e0 DEOPT UNPACKING pc=0x0000020ed9296da2 sp=0x000000f9889f7b50 mode 2
Event: 4.147 Thread 0x0000020ee97071e0 Uncommon trap: trap_request=0xffffff45 fr.pc=0x0000020ed98d4d68 relative=0x00000000000000a8
Event: 4.147 Thread 0x0000020ee97071e0 Uncommon trap: reason=unstable_if action=reinterpret pc=0x0000020ed98d4d68 method=org.eclipse.core.runtime.Path.equals(Ljava/lang/Object;)Z @ 2 c2
Event: 4.147 Thread 0x0000020ee97071e0 DEOPT PACKING pc=0x0000020ed98d4d68 sp=0x000000f9889f9600
Event: 4.147 Thread 0x0000020ee97071e0 DEOPT UNPACKING pc=0x0000020ed9296da2 sp=0x000000f9889f9578 mode 2
Event: 4.147 Thread 0x0000020ee97071e0 Uncommon trap: trap_request=0xffffff45 fr.pc=0x0000020ed98d6964 relative=0x00000000000007e4
Event: 4.147 Thread 0x0000020ee97071e0 Uncommon trap: reason=unstable_if action=reinterpret pc=0x0000020ed98d6964 method=org.eclipse.core.runtime.Path.append(Ljava/lang/String;)Lorg/eclipse/core/runtime/IPath; @ 41 c2
Event: 4.147 Thread 0x0000020ee97071e0 DEOPT PACKING pc=0x0000020ed98d6964 sp=0x000000f9889f9670
Event: 4.147 Thread 0x0000020ee97071e0 DEOPT UNPACKING pc=0x0000020ed9296da2 sp=0x000000f9889f9630 mode 2
Event: 4.147 Thread 0x0000020ee97071e0 Uncommon trap: trap_request=0xffffffcc fr.pc=0x0000020ed98d551c relative=0x000000000000035c
Event: 4.147 Thread 0x0000020ee97071e0 Uncommon trap: reason=intrinsic_or_type_checked_inlining action=make_not_entrant pc=0x0000020ed98d551c method=java.util.Arrays.copyOf([Ljava/lang/Object;ILjava/lang/Class;)[Ljava/lang/Object; @ 35 c2
Event: 4.147 Thread 0x0000020ee97071e0 DEOPT PACKING pc=0x0000020ed98d551c sp=0x000000f9889f92f0
Event: 4.147 Thread 0x0000020ee97071e0 DEOPT UNPACKING pc=0x0000020ed9296da2 sp=0x000000f9889f9280 mode 2

Classes loaded (20 events):
Event: 3.550 Loading class java/lang/IllegalCallerException
Event: 3.550 Loading class java/lang/IllegalCallerException done
Event: 3.557 Loading class java/lang/invoke/DirectMethodHandle$1
Event: 3.558 Loading class java/lang/invoke/DirectMethodHandle$1 done
Event: 3.785 Loading class java/util/stream/SortedOps
Event: 3.791 Loading class java/util/stream/SortedOps done
Event: 3.791 Loading class java/util/stream/SortedOps$OfRef
Event: 3.791 Loading class java/util/stream/ReferencePipeline$StatefulOp
Event: 3.799 Loading class java/util/stream/ReferencePipeline$StatefulOp done
Event: 3.799 Loading class java/util/stream/SortedOps$OfRef done
Event: 3.800 Loading class java/util/stream/SortedOps$RefSortingSink
Event: 3.800 Loading class java/util/stream/SortedOps$AbstractRefSortingSink
Event: 3.800 Loading class java/util/stream/SortedOps$AbstractRefSortingSink done
Event: 3.800 Loading class java/util/stream/SortedOps$RefSortingSink done
Event: 3.918 Loading class java/util/zip/ZipOutputStream
Event: 3.919 Loading class java/util/zip/DeflaterOutputStream
Event: 3.919 Loading class java/util/zip/DeflaterOutputStream done
Event: 3.919 Loading class java/util/zip/ZipOutputStream done
Event: 3.921 Loading class java/util/concurrent/ExecutionException
Event: 3.921 Loading class java/util/concurrent/ExecutionException done

Classes unloaded (0 events):
No events

Classes redefined (0 events):
No events

Internal exceptions (20 events):
Event: 1.410 Thread 0x0000020eceb30d80 Exception <a 'java/lang/NoSuchMethodError'{0x00000000ead906e8}: 'void java.lang.invoke.DirectMethodHandle$Holder.invokeStatic(java.lang.Object, java.lang.Object)'> (0x00000000ead906e8) 
thrown [s\src\hotspot\share\interpreter\linkResolver.cpp, line 773]
Event: 1.410 Thread 0x0000020eceb30d80 Exception <a 'java/lang/NoSuchMethodError'{0x00000000ead93a90}: 'void java.lang.invoke.DirectMethodHandle$Holder.invokeStaticInit(java.lang.Object, java.lang.Object)'> (0x00000000ead93a90) 
thrown [s\src\hotspot\share\interpreter\linkResolver.cpp, line 773]
Event: 1.414 Thread 0x0000020eceb30d80 Exception <a 'java/lang/NoSuchMethodError'{0x00000000ead9aad0}: 'int java.lang.invoke.DirectMethodHandle$Holder.invokeStaticInit(java.lang.Object, java.lang.Object)'> (0x00000000ead9aad0) 
thrown [s\src\hotspot\share\interpreter\linkResolver.cpp, line 773]
Event: 1.629 Thread 0x0000020eceb30d80 Exception <a 'java/lang/NoSuchMethodError'{0x00000000eaeda7e8}: 'void java.lang.invoke.DirectMethodHandle$Holder.invokeSpecial(java.lang.Object, java.lang.Object, java.lang.Object)'> (0x00000000eaeda7e8) 
thrown [s\src\hotspot\share\interpreter\linkResolver.cpp, line 773]
Event: 1.889 Thread 0x0000020eceb30d80 Exception <a 'java/lang/NoSuchMethodError'{0x00000000eb783b48}: 'int java.lang.invoke.DirectMethodHandle$Holder.invokeVirtual(java.lang.Object, java.lang.Object)'> (0x00000000eb783b48) 
thrown [s\src\hotspot\share\interpreter\linkResolver.cpp, line 773]
Event: 1.984 Thread 0x0000020eceb30d80 Exception <a 'java/lang/NoSuchMethodError'{0x00000000ebabd4b8}: 'java.lang.Object java.lang.invoke.DirectMethodHandle$Holder.newInvokeSpecial(java.lang.Object, int, java.lang.Object)'> (0x00000000ebabd4b8) 
thrown [s\src\hotspot\share\interpreter\linkResolver.cpp, line 773]
Event: 2.024 Thread 0x0000020eceb30d80 Exception <a 'java/lang/NoSuchMethodError'{0x00000000ebc50540}: 'java.lang.Object java.lang.invoke.DirectMethodHandle$Holder.newInvokeSpecial(java.lang.Object, java.lang.Object, java.lang.Object, java.lang.Object, int, java.lang.Object)'> (0x00000000ebc50540) 
thrown [s\src\hotspot\share\interpreter\linkResolver.cpp, line 773]
Event: 2.198 Thread 0x0000020eceb30d80 Exception <a 'java/lang/UnsatisfiedLinkError'{0x00000000ec103180}: 'void org.eclipse.equinox.launcher.JNIBridge._update_splash()'> (0x00000000ec103180) 
thrown [s\src\hotspot\share\prims\nativeLookup.cpp, line 415]
Event: 2.315 Thread 0x0000020ee97071e0 Exception <a 'java/lang/NullPointerException'{0x00000000eac0e728}> (0x00000000eac0e728) 
thrown [s\src\hotspot\share\interpreter\linkResolver.cpp, line 1372]
Event: 2.315 Thread 0x0000020ee97071e0 Exception <a 'java/lang/NullPointerException'{0x00000000eac0ea08}> (0x00000000eac0ea08) 
thrown [s\src\hotspot\share\interpreter\linkResolver.cpp, line 1372]
Event: 2.673 Thread 0x0000020ee97071e0 Exception <a 'java/io/FileNotFoundException'{0x00000000eb75f1b0}> (0x00000000eb75f1b0) 
thrown [s\src\hotspot\share\prims\jni.cpp, line 520]
Event: 2.869 Thread 0x0000020ee97071e0 Exception <a 'java/lang/NoSuchMethodError'{0x00000000eba2a190}: 'java.lang.Object java.lang.invoke.Invokers$Holder.linkToTargetMethod(java.lang.Object, long, java.lang.Object)'> (0x00000000eba2a190) 
thrown [s\src\hotspot\share\interpreter\linkResolver.cpp, line 773]
Event: 3.031 Thread 0x0000020ee97071e0 Exception <a 'java/lang/NoSuchMethodError'{0x00000000ebdc0830}: 'void java.lang.invoke.DirectMethodHandle$Holder.invokeInterface(java.lang.Object, java.lang.Object, java.lang.Object)'> (0x00000000ebdc0830) 
thrown [s\src\hotspot\share\interpreter\linkResolver.cpp, line 773]
Event: 3.109 Thread 0x0000020ee97071e0 Exception <a 'java/lang/NoSuchMethodError'{0x00000000ebfbcaf0}: 'void java.lang.invoke.Invokers$Holder.invokeExact_MT(java.lang.Object, java.lang.Object, java.lang.Object)'> (0x00000000ebfbcaf0) 
thrown [s\src\hotspot\share\interpreter\linkResolver.cpp, line 773]
Event: 3.357 Thread 0x0000020ee97071e0 Exception <a 'java/lang/NoSuchMethodError'{0x00000000ec289f40}: 'java.lang.Object java.lang.invoke.DirectMethodHandle$Holder.invokeVirtual(java.lang.Object, java.lang.Object, java.lang.Object)'> (0x00000000ec289f40) 
thrown [s\src\hotspot\share\interpreter\linkResolver.cpp, line 773]
Event: 3.404 Thread 0x0000020ee97071e0 Exception <a 'java/lang/NoSuchMethodError'{0x00000000ec2a21b8}: 'java.lang.Object java.lang.invoke.DelegatingMethodHandle$Holder.reinvoke_L(java.lang.Object, java.lang.Object, java.lang.Object, java.lang.Object, int, int)'> (0x00000000ec2a21b8) 
thrown [s\src\hotspot\share\interpreter\linkResolver.cpp, line 773]
Event: 3.408 Thread 0x0000020ee97071e0 Exception <a 'java/lang/NoSuchMethodError'{0x00000000ec2bf488}: 'java.lang.Object java.lang.invoke.DirectMethodHandle$Holder.newInvokeSpecial(java.lang.Object, java.lang.Object, java.lang.Object, java.lang.Object, java.lang.Object, java.lang.Object)'> (0x00000000ec2bf488) 
thrown [s\src\hotspot\share\interpreter\linkResolver.cpp, line 773]
Event: 3.413 Thread 0x0000020ee97071e0 Exception <a 'java/lang/NoSuchMethodError'{0x00000000ec2eb9a0}: 'void java.lang.invoke.Invokers$Holder.invokeExact_MT(java.lang.Object, java.lang.Object, java.lang.Object, java.lang.Object)'> (0x00000000ec2eb9a0) 
thrown [s\src\hotspot\share\interpreter\linkResolver.cpp, line 773]
Event: 3.753 Thread 0x0000020ee97071e0 Exception <a 'java/io/FileNotFoundException'{0x00000000eacbd290}> (0x00000000eacbd290) 
thrown [s\src\hotspot\share\prims\jni.cpp, line 520]
Event: 3.753 Thread 0x0000020ee97071e0 Exception <a 'java/io/FileNotFoundException'{0x00000000eacc4670}> (0x00000000eacc4670) 
thrown [s\src\hotspot\share\prims\jni.cpp, line 520]

ZGC Phase Switch (0 events):
No events

VM Operations (20 events):
Event: 1.248 Executing VM operation: ICBufferFull
Event: 1.248 Executing VM operation: ICBufferFull done
Event: 1.288 Executing VM operation: ParallelGCFailedAllocation (Allocation Failure)
Event: 1.313 Executing VM operation: ParallelGCFailedAllocation (Allocation Failure) done
Event: 1.959 Executing VM operation: HandshakeAllThreads (Deoptimize)
Event: 1.959 Executing VM operation: HandshakeAllThreads (Deoptimize) done
Event: 1.970 Executing VM operation: HandshakeAllThreads (Deoptimize)
Event: 1.970 Executing VM operation: HandshakeAllThreads (Deoptimize) done
Event: 2.021 Executing VM operation: HandshakeAllThreads (Deoptimize)
Event: 2.021 Executing VM operation: HandshakeAllThreads (Deoptimize) done
Event: 2.281 Executing VM operation: ParallelGCFailedAllocation (Allocation Failure)
Event: 2.287 Executing VM operation: ParallelGCFailedAllocation (Allocation Failure) done
Event: 2.310 Executing VM operation: HandshakeAllThreads (Deoptimize)
Event: 2.310 Executing VM operation: HandshakeAllThreads (Deoptimize) done
Event: 2.456 Executing VM operation: HandshakeAllThreads (Deoptimize)
Event: 2.456 Executing VM operation: HandshakeAllThreads (Deoptimize) done
Event: 2.967 Executing VM operation: HandshakeAllThreads (Deoptimize)
Event: 2.967 Executing VM operation: HandshakeAllThreads (Deoptimize) done
Event: 3.506 Executing VM operation: ParallelGCFailedAllocation (Allocation Failure)
Event: 3.511 Executing VM operation: ParallelGCFailedAllocation (Allocation Failure) done

Memory protections (0 events):
No events

Nmethod flushes (0 events):
No events

Events (20 events):
Event: 0.071 Thread 0x0000020eceb30d80 Thread added: 0x0000020ee2ee1280
Event: 0.071 Thread 0x0000020eceb30d80 Thread added: 0x0000020ee2ee5fb0
Event: 0.072 Thread 0x0000020eceb30d80 Thread added: 0x0000020ee2ee8f40
Event: 0.072 Thread 0x0000020eceb30d80 Thread added: 0x0000020ee2ee9990
Event: 0.078 Thread 0x0000020eceb30d80 Thread added: 0x0000020ee2eeb2c0
Event: 0.080 Thread 0x0000020eceb30d80 Thread added: 0x0000020ee48b0110
Event: 0.133 Thread 0x0000020eceb30d80 Thread added: 0x0000020ee492c690
Event: 0.623 Thread 0x0000020eceb30d80 Thread added: 0x0000020ee4bab6c0
Event: 0.645 Thread 0x0000020ee48b0110 Thread added: 0x0000020ee4bbe580
Event: 1.599 Thread 0x0000020ee4bbe580 Thread exited: 0x0000020ee4bbe580
Event: 1.704 Thread 0x0000020ee2eeb2c0 Thread added: 0x0000020ee92a8ea0
Event: 1.712 Thread 0x0000020ee48b0110 Thread added: 0x0000020ee92ff6e0
Event: 1.944 Thread 0x0000020eceb30d80 Thread added: 0x0000020ee951ee60
Event: 2.189 Thread 0x0000020eceb30d80 Thread added: 0x0000020ee92f6730
Event: 2.196 Thread 0x0000020eceb30d80 Thread added: 0x0000020ee97071e0
Event: 2.245 Thread 0x0000020ee97071e0 Thread added: 0x0000020ee92d62f0
Event: 2.436 Thread 0x0000020ee97071e0 Thread added: 0x0000020ee917e690
Event: 2.798 Thread 0x0000020ee92ff6e0 Thread exited: 0x0000020ee92ff6e0
Event: 3.041 Thread 0x0000020ee97071e0 Thread added: 0x0000020ee97c5400
Event: 3.079 Thread 0x0000020ee92a8ea0 Thread exited: 0x0000020ee92a8ea0


Dynamic libraries:
0x00007ff72d830000 - 0x00007ff72d83e000 	c:\Users\dinet\.vscode-insiders\extensions\redhat.java-1.40.0-win32-x64\jre\21.0.6-win32-x86_64\bin\java.exe
0x00007ffa32290000 - 0x00007ffa324a7000 	C:\Windows\SYSTEM32\ntdll.dll
0x00007ffa313a0000 - 0x00007ffa31464000 	C:\Windows\System32\KERNEL32.DLL
0x00007ffa2f4a0000 - 0x00007ffa2f871000 	C:\Windows\System32\KERNELBASE.dll
0x00007ffa29460000 - 0x00007ffa294f7000 	C:\Windows\SYSTEM32\apphelp.dll
0x00007ffa2fb30000 - 0x00007ffa2fc41000 	C:\Windows\System32\ucrtbase.dll
0x00007ffa1ef50000 - 0x00007ffa1ef6e000 	c:\Users\dinet\.vscode-insiders\extensions\redhat.java-1.40.0-win32-x64\jre\21.0.6-win32-x86_64\bin\VCRUNTIME140.dll
0x00007ffa1f100000 - 0x00007ffa1f118000 	c:\Users\dinet\.vscode-insiders\extensions\redhat.java-1.40.0-win32-x64\jre\21.0.6-win32-x86_64\bin\jli.dll
0x00007ffa31910000 - 0x00007ffa31ac1000 	C:\Windows\System32\USER32.dll
0x00007ffa05e70000 - 0x00007ffa06102000 	C:\Windows\WinSxS\amd64_microsoft.windows.common-controls_6595b64144ccf1df_6.0.22621.4830_none_270fe7d773858e80\COMCTL32.dll
0x00007ffa2f3d0000 - 0x00007ffa2f3f6000 	C:\Windows\System32\win32u.dll
0x00007ffa31710000 - 0x00007ffa317b7000 	C:\Windows\System32\msvcrt.dll
0x00007ffa30830000 - 0x00007ffa30859000 	C:\Windows\System32\GDI32.dll
0x00007ffa2fe40000 - 0x00007ffa2ff5b000 	C:\Windows\System32\gdi32full.dll
0x00007ffa2f400000 - 0x00007ffa2f49a000 	C:\Windows\System32\msvcp_win.dll
0x00007ffa30f20000 - 0x00007ffa30f51000 	C:\Windows\System32\IMM32.DLL
0x00007ffa1f150000 - 0x00007ffa1f15c000 	c:\Users\dinet\.vscode-insiders\extensions\redhat.java-1.40.0-win32-x64\jre\21.0.6-win32-x86_64\bin\vcruntime140_1.dll
0x00007ff9d4d40000 - 0x00007ff9d4dcd000 	c:\Users\dinet\.vscode-insiders\extensions\redhat.java-1.40.0-win32-x64\jre\21.0.6-win32-x86_64\bin\msvcp140.dll
0x00007ff9d1850000 - 0x00007ff9d25e0000 	c:\Users\dinet\.vscode-insiders\extensions\redhat.java-1.40.0-win32-x64\jre\21.0.6-win32-x86_64\bin\server\jvm.dll
0x00007ffa314f0000 - 0x00007ffa315a1000 	C:\Windows\System32\ADVAPI32.dll
0x00007ffa320f0000 - 0x00007ffa32197000 	C:\Windows\System32\sechost.dll
0x00007ffa2f940000 - 0x00007ffa2f968000 	C:\Windows\System32\bcrypt.dll
0x00007ffa30e00000 - 0x00007ffa30f14000 	C:\Windows\System32\RPCRT4.dll
0x00007ffa31be0000 - 0x00007ffa31c51000 	C:\Windows\System32\WS2_32.dll
0x00007ffa2ec50000 - 0x00007ffa2ec9d000 	C:\Windows\SYSTEM32\POWRPROF.dll
0x00007ffa2cf80000 - 0x00007ffa2cfb4000 	C:\Windows\SYSTEM32\WINMM.dll
0x00007ffa26660000 - 0x00007ffa2666a000 	C:\Windows\SYSTEM32\VERSION.dll
0x00007ffa2ec30000 - 0x00007ffa2ec43000 	C:\Windows\SYSTEM32\UMPDC.dll
0x00007ffa2e3f0000 - 0x00007ffa2e408000 	C:\Windows\SYSTEM32\kernel.appcore.dll
0x00007ffa1ec70000 - 0x00007ffa1ec7a000 	c:\Users\dinet\.vscode-insiders\extensions\redhat.java-1.40.0-win32-x64\jre\21.0.6-win32-x86_64\bin\jimage.dll
0x00007ffa2cd00000 - 0x00007ffa2cf32000 	C:\Windows\SYSTEM32\DBGHELP.DLL
0x00007ffa30960000 - 0x00007ffa30cf0000 	C:\Windows\System32\combase.dll
0x00007ffa30860000 - 0x00007ffa30937000 	C:\Windows\System32\OLEAUT32.dll
0x00007ffa2cf40000 - 0x00007ffa2cf72000 	C:\Windows\SYSTEM32\dbgcore.DLL
0x00007ffa2fab0000 - 0x00007ffa2fb2b000 	C:\Windows\System32\bcryptPrimitives.dll
0x00007ffa1ec60000 - 0x00007ffa1ec6f000 	c:\Users\dinet\.vscode-insiders\extensions\redhat.java-1.40.0-win32-x64\jre\21.0.6-win32-x86_64\bin\instrument.dll
0x00007ffa1e0b0000 - 0x00007ffa1e0cf000 	c:\Users\dinet\.vscode-insiders\extensions\redhat.java-1.40.0-win32-x64\jre\21.0.6-win32-x86_64\bin\java.dll
0x00007ffa2ff90000 - 0x00007ffa30818000 	C:\Windows\System32\SHELL32.dll
0x00007ffa2f970000 - 0x00007ffa2faaf000 	C:\Windows\System32\wintypes.dll
0x00007ffa2d2e0000 - 0x00007ffa2dbed000 	C:\Windows\SYSTEM32\windows.storage.dll
0x00007ffa31ad0000 - 0x00007ffa31bda000 	C:\Windows\System32\SHCORE.dll
0x00007ffa318b0000 - 0x00007ffa3190e000 	C:\Windows\System32\shlwapi.dll
0x00007ffa2f300000 - 0x00007ffa2f32b000 	C:\Windows\SYSTEM32\profapi.dll
0x00007ffa1d930000 - 0x00007ffa1d948000 	c:\Users\dinet\.vscode-insiders\extensions\redhat.java-1.40.0-win32-x64\jre\21.0.6-win32-x86_64\bin\zip.dll
0x00007ffa1db60000 - 0x00007ffa1db70000 	C:\Users\dinet\.vscode-insiders\extensions\redhat.java-1.40.0-win32-x64\jre\21.0.6-win32-x86_64\bin\net.dll
0x00007ffa2aa10000 - 0x00007ffa2ab3c000 	C:\Windows\SYSTEM32\WINHTTP.dll
0x00007ffa2e8e0000 - 0x00007ffa2e94a000 	C:\Windows\system32\mswsock.dll
0x00007ffa1d860000 - 0x00007ffa1d876000 	C:\Users\dinet\.vscode-insiders\extensions\redhat.java-1.40.0-win32-x64\jre\21.0.6-win32-x86_64\bin\nio.dll
0x00007ffa171f0000 - 0x00007ffa17200000 	c:\Users\dinet\.vscode-insiders\extensions\redhat.java-1.40.0-win32-x64\jre\21.0.6-win32-x86_64\bin\verify.dll
0x00007ff9fab80000 - 0x00007ff9fabc5000 	C:\Users\dinet\AppData\Roaming\Code - Insiders\User\globalStorage\redhat.java\1.40.0\config_ss_win\org.eclipse.equinox.launcher\org.eclipse.equinox.launcher.win32.win32.x86_64_1.2.1200.v20250212-0927\eclipse_11909.dll
0x00007ffa30f60000 - 0x00007ffa31101000 	C:\Windows\System32\ole32.dll

dbghelp: loaded successfully - version: 4.0.5 - missing functions: none
symbol engine: initialized successfully - sym options: 0x614 - pdb path: .;c:\Users\dinet\.vscode-insiders\extensions\redhat.java-1.40.0-win32-x64\jre\21.0.6-win32-x86_64\bin;C:\Windows\SYSTEM32;C:\Windows\WinSxS\amd64_microsoft.windows.common-controls_6595b64144ccf1df_6.0.22621.4830_none_270fe7d773858e80;c:\Users\dinet\.vscode-insiders\extensions\redhat.java-1.40.0-win32-x64\jre\21.0.6-win32-x86_64\bin\server;C:\Users\dinet\AppData\Roaming\Code - Insiders\User\globalStorage\redhat.java\1.40.0\config_ss_win\org.eclipse.equinox.launcher\org.eclipse.equinox.launcher.win32.win32.x86_64_1.2.1200.v20250212-0927

VM Arguments:
jvm_args: --add-modules=ALL-SYSTEM --add-opens=java.base/java.util=ALL-UNNAMED --add-opens=java.base/java.lang=ALL-UNNAMED --add-opens=java.base/sun.nio.fs=ALL-UNNAMED -Declipse.application=org.eclipse.jdt.ls.core.id1 -Dosgi.bundles.defaultStartLevel=4 -Declipse.product=org.eclipse.jdt.ls.core.product -Djava.import.generatesMetadataFilesAtProjectRoot=false -DDetectVMInstallationsJob.disabled=true -Dfile.encoding=utf8 -XX:+UseParallelGC -XX:GCTimeRatio=4 -XX:AdaptiveSizePolicyWeight=90 -Dsun.zip.disableMemoryMapping=true -Xmx1G -Xms100m -Xlog:disable -javaagent:c:\Users\dinet\.vscode-insiders\extensions\redhat.java-1.40.0-win32-x64\lombok\lombok-1.18.36.jar 
java_command: c:\Users\dinet\.vscode-insiders\extensions\redhat.java-1.40.0-win32-x64\server\plugins\org.eclipse.equinox.launcher_1.6.1000.v20250131-0606.jar -configuration c:\Users\dinet\AppData\Roaming\Code - Insiders\User\globalStorage\redhat.java\1.40.0\config_ss_win -data c:\Users\dinet\AppData\Roaming\Code - Insiders\User\workspaceStorage\dabadabde1c83beb8ffe71b872dfda3c\redhat.java\ss_ws --pipe=\\.\pipe\lsp-9de13bdddb333b3c54d783e5baf1f559-sock
java_class_path (initial): c:\Users\dinet\.vscode-insiders\extensions\redhat.java-1.40.0-win32-x64\server\plugins\org.eclipse.equinox.launcher_1.6.1000.v20250131-0606.jar
Launcher Type: SUN_STANDARD

[Global flags]
    uintx AdaptiveSizePolicyWeight                 = 90                                        {product} {command line}
     intx CICompilerCount                          = 4                                         {product} {ergonomic}
    uintx GCTimeRatio                              = 4                                         {product} {command line}
   size_t InitialHeapSize                          = 104857600                                 {product} {command line}
   size_t MaxHeapSize                              = 1073741824                                {product} {command line}
   size_t MaxNewSize                               = 357564416                                 {product} {ergonomic}
   size_t MinHeapDeltaBytes                        = 524288                                    {product} {ergonomic}
   size_t MinHeapSize                              = 104857600                                 {product} {command line}
   size_t NewSize                                  = 34603008                                  {product} {ergonomic}
    uintx NonNMethodCodeHeapSize                   = 5839372                                {pd product} {ergonomic}
    uintx NonProfiledCodeHeapSize                  = 122909434                              {pd product} {ergonomic}
   size_t OldSize                                  = 70254592                                  {product} {ergonomic}
    uintx ProfiledCodeHeapSize                     = 122909434                              {pd product} {ergonomic}
    uintx ReservedCodeCacheSize                    = 251658240                              {pd product} {ergonomic}
     bool SegmentedCodeCache                       = true                                      {product} {ergonomic}
   size_t SoftMaxHeapSize                          = 1073741824                             {manageable} {ergonomic}
     bool UseCompressedOops                        = true                           {product lp64_product} {ergonomic}
     bool UseLargePagesIndividualAllocation        = false                                  {pd product} {ergonomic}
     bool UseParallelGC                            = true                                      {product} {command line}

Logging:
Log output configuration:
 #0: stdout all=off uptime,level,tags foldmultilines=false
 #1: stderr all=off uptime,level,tags foldmultilines=false

Environment Variables:
PATH=c:\Users\dinet\AppData\Local\Programs\cursor\resources\app\bin;C:\Program Files\MySQL\MySQL Server 8.0\bin;C:\Program Files\Java\jdk-21\bin;C:\Program Files\Common Files\Oracle\Java\javapath;D:\apache-maven-3.9.9-bin\apache-maven-3.9.9\bin;C:\Windows\system32;C:\Windows;C:\Windows\System32\Wbem;C:\Windows\System32\WindowsPowerShell\v1.0\;C:\Windows\System32\OpenSSH\;C:\Program Files (x86)\Microsoft SQL Server\160\Tools\Binn\;C:\Program Files\Microsoft SQL Server\160\Tools\Binn\;C:\Program Files\Microsoft SQL Server\Client SDK\ODBC\170\Tools\Binn\;C:\Program Files\Microsoft SQL Server\160\DTS\Binn\;C:\Program Files\nodejs\;C:\Program Files\Git\cmd;C:\Users\dinet\AppData\Local\Microsoft\WindowsApps;C:\Users\dinet\AppData\Roaming\npm;c:\Users\dinet\AppData\Local\Programs\cursor\resources\app\bin;c:\Users\dinet\AppData\Local\Programs\cursor\resources\app\bin;C:\Program Files\dotnet\;C:\Program Files\MongoDB\mongosh-2.4.0-win32-x64\bin;D:\azure-cli-2.70.0-x64\bin;C:\Program Files\Docker\Docker\resources\bin;C:\Program Files\apache-maven-3.9.9-bin\apache-maven-3.9.9\bin;C:\Users\dinet\AppData\Local\Microsoft\WindowsApps;C:\Users\dinet\AppData\Local\Programs\Microsoft VS Code\bin;C:\Users\dinet\AppData\Roaming\npm;C:\Program Files\JetBrains\WebStorm 2024.3.2.1\bin;;C:\Users\dinet\AppData\Local\Programs\Microsoft VS Code Insiders\bin
USERNAME=dinet
OS=Windows_NT
PROCESSOR_IDENTIFIER=Intel64 Family 6 Model 140 Stepping 1, GenuineIntel
TMP=C:\Users\dinet\AppData\Local\Temp
TEMP=C:\Users\dinet\AppData\Local\Temp




Periodic native trim disabled

---------------  S Y S T E M  ---------------

OS:
 Windows 11 , 64 bit Build 22621 (10.0.22621.4974)
OS uptime: 0 days 0:32 hours
Hyper-V role detected

CPU: total 8 (initial active 8) (4 cores per cpu, 2 threads per core) family 6 model 140 stepping 1 microcode 0x8a, cx8, cmov, fxsr, ht, mmx, 3dnowpref, sse, sse2, sse3, ssse3, sse4.1, sse4.2, popcnt, lzcnt, tsc, tscinvbit, avx, avx2, aes, erms, clmul, bmi1, bmi2, adx, avx512f, avx512dq, avx512cd, avx512bw, avx512vl, sha, fma, vzeroupper, avx512_vpopcntdq, avx512_vpclmulqdq, avx512_vaes, avx512_vnni, clflush, clflushopt, clwb, avx512_vbmi2, avx512_vbmi, hv, rdtscp, rdpid, fsrm, gfni, avx512_bitalg, f16c, cet_ibt, cet_ss, avx512_ifma
Processor Information for the first 8 processors :
  Max Mhz: 2419, Current Mhz: 2419, Mhz Limit: 2419

Memory: 4k page, system-wide physical 7991M (297M free)
TotalPageFile size 18047M (AvailPageFile size 0M)
current process WorkingSet (physical memory assigned to process): 113M, peak: 113M
current process commit charge ("private bytes"): 222M, peak: 222M

vm_info: OpenJDK 64-Bit Server VM (21.0.6+7-LTS) for windows-amd64 JRE (21.0.6+7-LTS), built on 2025-01-21T00:00:00Z by "admin" with MS VC++ 17.7 (VS2022)

END.
