#
# There is insufficient memory for the Java Runtime Environment to continue.
# Native memory allocation (malloc) failed to allocate 1622256 bytes for Chunk::new
# Possible reasons:
#   The system is out of physical RAM or swap space
#   The process is running with CompressedOops enabled, and the Java Heap may be blocking the growth of the native heap
# Possible solutions:
#   Reduce memory load on the system
#   Increase physical memory or swap space
#   Check if swap backing store is full
#   Decrease Java heap size (-Xmx/-Xms)
#   Decrease number of Java threads
#   Decrease Java thread stack sizes (-Xss)
#   Set larger code cache with -XX:ReservedCodeCacheSize=
#   JVM is running with Zero Based Compressed Oops mode in which the Java heap is
#     placed in the first 32GB address space. The Java Heap base address is the
#     maximum limit for the native heap growth. Please use -XX:HeapBaseMinAddress
#     to set the Java Heap base and to place the Java Heap above 32GB virtual address.
# This output file may be truncated or incomplete.
#
#  Out of Memory Error (./open/src/hotspot/share/memory/arena.cpp:197), pid=21096, tid=18596
#
# JRE version: Java(TM) SE Runtime Environment 18.9 (11.0.17+10) (build 11.0.17+10-LTS-269)
# Java VM: Java HotSpot(TM) 64-Bit Server VM 18.9 (11.0.17+10-LTS-269, mixed mode, tiered, compressed oops, g1 gc, windows-amd64)
# No core dump will be written. Minidumps are not enabled by default on client versions of Windows
#

---------------  S U M M A R Y ------------

Command Line: --add-opens=java.base/java.util=ALL-UNNAMED --add-opens=java.base/java.lang=ALL-UNNAMED --add-opens=java.base/java.lang.invoke=ALL-UNNAMED --add-opens=java.prefs/java.util.prefs=ALL-UNNAMED --add-opens=java.base/java.nio.charset=ALL-UNNAMED --add-opens=java.base/java.net=ALL-UNNAMED --add-opens=java.base/java.util.concurrent.atomic=ALL-UNNAMED -Xmx6144m -Dfile.encoding=utf8 -Duser.country=US -Duser.language=en -Duser.variant -javaagent:C:\Users\dinet\.gradle\wrapper\dists\gradle-8.3-all\6en3ugtfdg5xnpx44z4qbwgas\gradle-8.3\lib\agents\gradle-instrumentation-agent-8.3.jar org.gradle.launcher.daemon.bootstrap.GradleDaemon 8.3

Host: 11th Gen Intel(R) Core(TM) i5-1135G7 @ 2.40GHz, 8 cores, 7G,  Windows 11 , 64 bit Build 22621 (10.0.22621.4974)
Time: Wed Mar 19 08:03:42 2025 Sri Lanka Standard Time elapsed time: 4.983696 seconds (0d 0h 0m 4s)

---------------  T H R E A D  ---------------

Current thread (0x000002d3cedf5800):  JavaThread "C2 CompilerThread0" daemon [_thread_in_native, id=18596, stack(0x000000e6cee00000,0x000000e6cef00000)]


Current CompileTask:
C2:   4983 2329   !   4       java.net.URLClassLoader$1::run (81 bytes)

Stack: [0x000000e6cee00000,0x000000e6cef00000]
Native frames: (J=compiled Java code, j=interpreted, Vv=VM code, C=native code)
V  [jvm.dll+0x62b5da]
V  [jvm.dll+0x7653df]
V  [jvm.dll+0x766a89]
V  [jvm.dll+0x767113]
V  [jvm.dll+0x23dd28]
V  [jvm.dll+0xb2a1c]
V  [jvm.dll+0xb2fdc]
V  [jvm.dll+0x341552]
V  [jvm.dll+0x18ce51]
V  [jvm.dll+0x1f8815]
V  [jvm.dll+0x1f78fd]
V  [jvm.dll+0x177c91]
V  [jvm.dll+0x207296]
V  [jvm.dll+0x20542b]
V  [jvm.dll+0x72b2c0]
V  [jvm.dll+0x723e64]
V  [jvm.dll+0x62a485]
C  [ucrtbase.dll+0x29333]
C  [KERNEL32.DLL+0x1259d]
C  [ntdll.dll+0x5af38]


---------------  P R O C E S S  ---------------

Threads class SMR info:
_java_thread_list=0x000002d3d2483b30, length=24, elements={
0x000002d3a6b0f800, 0x000002d3ced92000, 0x000002d3ced93000, 0x000002d3cedef000,
0x000002d3cedf2800, 0x000002d3cedf4800, 0x000002d3cedf5800, 0x000002d3cedf8000,
0x000002d3cedfb000, 0x000002d3ced90800, 0x000002d3d1444800, 0x000002d3d105a000,
0x000002d3d1450000, 0x000002d3cffc6800, 0x000002d3d05fd000, 0x000002d3d0594000,
0x000002d3d15d4800, 0x000002d3d07ed800, 0x000002d3d07ef800, 0x000002d3d1186000,
0x000002d3d114d000, 0x000002d3d114b800, 0x000002d3d1149000, 0x000002d3d1147800
}

Java Threads: ( => current thread )
  0x000002d3a6b0f800 JavaThread "main" [_thread_blocked, id=19492, stack(0x000000e6ce200000,0x000000e6ce300000)]
  0x000002d3ced92000 JavaThread "Reference Handler" daemon [_thread_blocked, id=10548, stack(0x000000e6ce900000,0x000000e6cea00000)]
  0x000002d3ced93000 JavaThread "Finalizer" daemon [_thread_blocked, id=21356, stack(0x000000e6cea00000,0x000000e6ceb00000)]
  0x000002d3cedef000 JavaThread "Signal Dispatcher" daemon [_thread_blocked, id=14140, stack(0x000000e6ceb00000,0x000000e6cec00000)]
  0x000002d3cedf2800 JavaThread "Attach Listener" daemon [_thread_blocked, id=18876, stack(0x000000e6cec00000,0x000000e6ced00000)]
  0x000002d3cedf4800 JavaThread "Service Thread" daemon [_thread_blocked, id=22468, stack(0x000000e6ced00000,0x000000e6cee00000)]
=>0x000002d3cedf5800 JavaThread "C2 CompilerThread0" daemon [_thread_in_native, id=18596, stack(0x000000e6cee00000,0x000000e6cef00000)]
  0x000002d3cedf8000 JavaThread "C1 CompilerThread0" daemon [_thread_blocked, id=21288, stack(0x000000e6cef00000,0x000000e6cf000000)]
  0x000002d3cedfb000 JavaThread "Sweeper thread" daemon [_thread_blocked, id=1828, stack(0x000000e6cf000000,0x000000e6cf100000)]
  0x000002d3ced90800 JavaThread "Common-Cleaner" daemon [_thread_blocked, id=7056, stack(0x000000e6cf100000,0x000000e6cf200000)]
  0x000002d3d1444800 JavaThread "Daemon health stats" [_thread_blocked, id=19216, stack(0x000000e6cf600000,0x000000e6cf700000)]
  0x000002d3d105a000 JavaThread "Incoming local TCP Connector on port 50309" [_thread_in_native, id=20064, stack(0x000000e6cf500000,0x000000e6cf600000)]
  0x000002d3d1450000 JavaThread "C2 CompilerThread1" daemon [_thread_in_vm, id=1896, stack(0x000000e6cf700000,0x000000e6cf800000)]
  0x000002d3cffc6800 JavaThread "Daemon periodic checks" [_thread_blocked, id=2680, stack(0x000000e6cf800000,0x000000e6cf900000)]
  0x000002d3d05fd000 JavaThread "Daemon" [_thread_blocked, id=19900, stack(0x000000e6cf900000,0x000000e6cfa00000)]
  0x000002d3d0594000 JavaThread "Handler for socket connection from /127.0.0.1:50309 to /127.0.0.1:50310" [_thread_in_native, id=13968, stack(0x000000e6cfa00000,0x000000e6cfb00000)]
  0x000002d3d15d4800 JavaThread "Cancel handler" [_thread_blocked, id=4124, stack(0x000000e6cfb00000,0x000000e6cfc00000)]
  0x000002d3d07ed800 JavaThread "Daemon worker" [_thread_in_vm, id=18276, stack(0x000000e6cfc00000,0x000000e6cfd00000)]
  0x000002d3d07ef800 JavaThread "Asynchronous log dispatcher for DefaultDaemonConnection: socket connection from /127.0.0.1:50309 to /127.0.0.1:50310" [_thread_blocked, id=5276, stack(0x000000e6cfd00000,0x000000e6cfe00000)]
  0x000002d3d1186000 JavaThread "Stdin handler" [_thread_blocked, id=21604, stack(0x000000e6cfe00000,0x000000e6cff00000)]
  0x000002d3d114d000 JavaThread "Daemon client event forwarder" [_thread_blocked, id=19320, stack(0x000000e6cff00000,0x000000e6d0000000)]
  0x000002d3d114b800 JavaThread "Cache worker for journal cache (C:\Users\dinet\.gradle\caches\journal-1)" [_thread_blocked, id=14804, stack(0x000000e6d0600000,0x000000e6d0700000)]
  0x000002d3d1149000 JavaThread "File lock request listener" [_thread_in_native, id=18168, stack(0x000000e6d0700000,0x000000e6d0800000)]
  0x000002d3d1147800 JavaThread "Cache worker for file hash cache (C:\Users\dinet\.gradle\caches\8.3\fileHashes)" [_thread_blocked, id=20936, stack(0x000000e6d0800000,0x000000e6d0900000)]

Other Threads:
  0x000002d3ce1b2000 VMThread "VM Thread" [stack: 0x000000e6ce800000,0x000000e6ce900000] [id=10520]
  0x000002d3cf266800 WatcherThread [stack: 0x000000e6cf200000,0x000000e6cf300000] [id=21996]
  0x000002d3a6b25000 GCTaskThread "GC Thread#0" [stack: 0x000000e6ce300000,0x000000e6ce400000] [id=18444]
  0x000002d3cf945800 GCTaskThread "GC Thread#1" [stack: 0x000000e6cf300000,0x000000e6cf400000] [id=12868]
  0x000002d3cf946000 GCTaskThread "GC Thread#2" [stack: 0x000000e6cf400000,0x000000e6cf500000] [id=5988]
  0x000002d3d0791800 GCTaskThread "GC Thread#3" [stack: 0x000000e6d0000000,0x000000e6d0100000] [id=21764]
  0x000002d3d0792800 GCTaskThread "GC Thread#4" [stack: 0x000000e6d0100000,0x000000e6d0200000] [id=4588]
  0x000002d3d1230800 GCTaskThread "GC Thread#5" [stack: 0x000000e6d0200000,0x000000e6d0300000] [id=12904]
  0x000002d3d1231000 GCTaskThread "GC Thread#6" [stack: 0x000000e6d0300000,0x000000e6d0400000] [id=6204]
  0x000002d3cff08000 GCTaskThread "GC Thread#7" [stack: 0x000000e6d0400000,0x000000e6d0500000] [id=22216]
  0x000002d3a6bad800 ConcurrentGCThread "G1 Main Marker" [stack: 0x000000e6ce400000,0x000000e6ce500000] [id=21500]
  0x000002d3a6bb0000 ConcurrentGCThread "G1 Conc#0" [stack: 0x000000e6ce500000,0x000000e6ce600000] [id=10748]
  0x000002d3d1611800 ConcurrentGCThread "G1 Conc#1" [stack: 0x000000e6d0500000,0x000000e6d0600000] [id=22404]
  0x000002d3ce09d800 ConcurrentGCThread "G1 Refine#0" [stack: 0x000000e6ce600000,0x000000e6ce700000] [id=20076]
  0x000002d3ce09e000 ConcurrentGCThread "G1 Young RemSet Sampling" [stack: 0x000000e6ce700000,0x000000e6ce800000] [id=12368]

Threads with active compile tasks:
C2 CompilerThread0     5021 2329   !   4       java.net.URLClassLoader$1::run (81 bytes)
C2 CompilerThread1     5021 2424 %     4       com.google.common.io.LineBuffer::add @ 47 (204 bytes)

VM state:not at safepoint (normal execution)

VM Mutex/Monitor currently owned by a thread:  ([mutex/lock_event])
[0x000002d3a6b0a390] MetaspaceExpand_lock - owner thread: 0x000002d3d07ed800

Heap address: 0x0000000680000000, size: 6144 MB, Compressed Oops mode: Zero based, Oop shift amount: 3
Narrow klass base: 0x0000000800000000, Narrow klass shift: 0
Compressed class space size: 1073741824 Address: 0x0000000800000000

Heap:
 garbage-first heap   total 129024K, used 35533K [0x0000000680000000, 0x0000000800000000)
  region size 1024K, 19 young (19456K), 3 survivors (3072K)
 Metaspace       used 26243K, capacity 26848K, committed 27004K, reserved 1073152K
  class space    used 3428K, capacity 3656K, committed 3788K, reserved 1048576K
Heap Regions: E=young(eden), S=young(survivor), O=old, HS=humongous(starts), HC=humongous(continues), CS=collection set, F=free, A=archive, TAMS=top-at-mark-start (previous, next)
|   0|0x0000000680000000, 0x0000000680100000, 0x0000000680100000|100%|HS|  |TAMS 0x0000000680100000, 0x0000000680000000| Complete 
|   1|0x0000000680100000, 0x0000000680200000, 0x0000000680200000|100%|HC|  |TAMS 0x0000000680200000, 0x0000000680100000| Complete 
|   2|0x0000000680200000, 0x0000000680300000, 0x0000000680300000|100%|HC|  |TAMS 0x0000000680300000, 0x0000000680200000| Complete 
|   3|0x0000000680300000, 0x0000000680400000, 0x0000000680400000|100%|HC|  |TAMS 0x0000000680400000, 0x0000000680300000| Complete 
|   4|0x0000000680400000, 0x0000000680500000, 0x0000000680500000|100%| O|  |TAMS 0x0000000680500000, 0x0000000680400000| Untracked 
|   5|0x0000000680500000, 0x0000000680600000, 0x0000000680600000|100%| O|  |TAMS 0x0000000680600000, 0x0000000680500000| Untracked 
|   6|0x0000000680600000, 0x0000000680700000, 0x0000000680700000|100%| O|  |TAMS 0x0000000680700000, 0x0000000680600000| Untracked 
|   7|0x0000000680700000, 0x0000000680800000, 0x0000000680800000|100%| O|  |TAMS 0x0000000680800000, 0x0000000680700000| Untracked 
|   8|0x0000000680800000, 0x0000000680900000, 0x0000000680900000|100%| O|  |TAMS 0x0000000680900000, 0x0000000680800000| Untracked 
|   9|0x0000000680900000, 0x0000000680a00000, 0x0000000680a00000|100%| O|  |TAMS 0x0000000680a00000, 0x0000000680900000| Untracked 
|  10|0x0000000680a00000, 0x0000000680b00000, 0x0000000680b00000|100%| O|  |TAMS 0x0000000680b00000, 0x0000000680a00000| Untracked 
|  11|0x0000000680b00000, 0x0000000680c00000, 0x0000000680c00000|100%| O|  |TAMS 0x0000000680c00000, 0x0000000680b00000| Untracked 
|  12|0x0000000680c00000, 0x0000000680d00000, 0x0000000680d00000|100%| O|  |TAMS 0x0000000680d00000, 0x0000000680c00000| Untracked 
|  13|0x0000000680d00000, 0x0000000680e00000, 0x0000000680e00000|100%| O|  |TAMS 0x0000000680e00000, 0x0000000680d00000| Untracked 
|  14|0x0000000680e00000, 0x0000000680f00000, 0x0000000680f00000|100%| O|  |TAMS 0x0000000680f00000, 0x0000000680e00000| Untracked 
|  15|0x0000000680f00000, 0x0000000681000000, 0x0000000681000000|100%| O|  |TAMS 0x0000000681000000, 0x0000000680f00000| Untracked 
|  16|0x0000000681000000, 0x0000000681100000, 0x0000000681100000|100%| O|  |TAMS 0x0000000681100000, 0x0000000681000000| Untracked 
|  17|0x0000000681100000, 0x0000000681102000, 0x0000000681200000|  0%| O|  |TAMS 0x0000000681102000, 0x0000000681100000| Untracked 
|  18|0x0000000681200000, 0x0000000681200000, 0x0000000681300000|  0%| F|  |TAMS 0x0000000681200000, 0x0000000681200000| Untracked 
|  19|0x0000000681300000, 0x0000000681300000, 0x0000000681400000|  0%| F|  |TAMS 0x0000000681300000, 0x0000000681300000| Untracked 
|  20|0x0000000681400000, 0x0000000681400000, 0x0000000681500000|  0%| F|  |TAMS 0x0000000681400000, 0x0000000681400000| Untracked 
|  21|0x0000000681500000, 0x0000000681500000, 0x0000000681600000|  0%| F|  |TAMS 0x0000000681500000, 0x0000000681500000| Untracked 
|  22|0x0000000681600000, 0x0000000681600000, 0x0000000681700000|  0%| F|  |TAMS 0x0000000681600000, 0x0000000681600000| Untracked 
|  23|0x0000000681700000, 0x0000000681700000, 0x0000000681800000|  0%| F|  |TAMS 0x0000000681700000, 0x0000000681700000| Untracked 
|  24|0x0000000681800000, 0x0000000681800000, 0x0000000681900000|  0%| F|  |TAMS 0x0000000681800000, 0x0000000681800000| Untracked 
|  25|0x0000000681900000, 0x0000000681900000, 0x0000000681a00000|  0%| F|  |TAMS 0x0000000681900000, 0x0000000681900000| Untracked 
|  26|0x0000000681a00000, 0x0000000681a00000, 0x0000000681b00000|  0%| F|  |TAMS 0x0000000681a00000, 0x0000000681a00000| Untracked 
|  27|0x0000000681b00000, 0x0000000681b00000, 0x0000000681c00000|  0%| F|  |TAMS 0x0000000681b00000, 0x0000000681b00000| Untracked 
|  28|0x0000000681c00000, 0x0000000681c00000, 0x0000000681d00000|  0%| F|  |TAMS 0x0000000681c00000, 0x0000000681c00000| Untracked 
|  29|0x0000000681d00000, 0x0000000681d00000, 0x0000000681e00000|  0%| F|  |TAMS 0x0000000681d00000, 0x0000000681d00000| Untracked 
|  30|0x0000000681e00000, 0x0000000681e00000, 0x0000000681f00000|  0%| F|  |TAMS 0x0000000681e00000, 0x0000000681e00000| Untracked 
|  31|0x0000000681f00000, 0x0000000681f00000, 0x0000000682000000|  0%| F|  |TAMS 0x0000000681f00000, 0x0000000681f00000| Untracked 
|  32|0x0000000682000000, 0x0000000682000000, 0x0000000682100000|  0%| F|  |TAMS 0x0000000682000000, 0x0000000682000000| Untracked 
|  33|0x0000000682100000, 0x0000000682100000, 0x0000000682200000|  0%| F|  |TAMS 0x0000000682100000, 0x0000000682100000| Untracked 
|  34|0x0000000682200000, 0x0000000682200000, 0x0000000682300000|  0%| F|  |TAMS 0x0000000682200000, 0x0000000682200000| Untracked 
|  35|0x0000000682300000, 0x0000000682300000, 0x0000000682400000|  0%| F|  |TAMS 0x0000000682300000, 0x0000000682300000| Untracked 
|  36|0x0000000682400000, 0x0000000682400000, 0x0000000682500000|  0%| F|  |TAMS 0x0000000682400000, 0x0000000682400000| Untracked 
|  37|0x0000000682500000, 0x0000000682500000, 0x0000000682600000|  0%| F|  |TAMS 0x0000000682500000, 0x0000000682500000| Untracked 
|  38|0x0000000682600000, 0x0000000682600000, 0x0000000682700000|  0%| F|  |TAMS 0x0000000682600000, 0x0000000682600000| Untracked 
|  39|0x0000000682700000, 0x0000000682700000, 0x0000000682800000|  0%| F|  |TAMS 0x0000000682700000, 0x0000000682700000| Untracked 
|  40|0x0000000682800000, 0x0000000682800000, 0x0000000682900000|  0%| F|  |TAMS 0x0000000682800000, 0x0000000682800000| Untracked 
|  41|0x0000000682900000, 0x0000000682900000, 0x0000000682a00000|  0%| F|  |TAMS 0x0000000682900000, 0x0000000682900000| Untracked 
|  42|0x0000000682a00000, 0x0000000682a00000, 0x0000000682b00000|  0%| F|  |TAMS 0x0000000682a00000, 0x0000000682a00000| Untracked 
|  43|0x0000000682b00000, 0x0000000682b00000, 0x0000000682c00000|  0%| F|  |TAMS 0x0000000682b00000, 0x0000000682b00000| Untracked 
|  44|0x0000000682c00000, 0x0000000682c00000, 0x0000000682d00000|  0%| F|  |TAMS 0x0000000682c00000, 0x0000000682c00000| Untracked 
|  45|0x0000000682d00000, 0x0000000682d00000, 0x0000000682e00000|  0%| F|  |TAMS 0x0000000682d00000, 0x0000000682d00000| Untracked 
|  46|0x0000000682e00000, 0x0000000682e00000, 0x0000000682f00000|  0%| F|  |TAMS 0x0000000682e00000, 0x0000000682e00000| Untracked 
|  47|0x0000000682f00000, 0x0000000682f00000, 0x0000000683000000|  0%| F|  |TAMS 0x0000000682f00000, 0x0000000682f00000| Untracked 
|  48|0x0000000683000000, 0x0000000683000000, 0x0000000683100000|  0%| F|  |TAMS 0x0000000683000000, 0x0000000683000000| Untracked 
|  49|0x0000000683100000, 0x0000000683100000, 0x0000000683200000|  0%| F|  |TAMS 0x0000000683100000, 0x0000000683100000| Untracked 
|  50|0x0000000683200000, 0x0000000683200000, 0x0000000683300000|  0%| F|  |TAMS 0x0000000683200000, 0x0000000683200000| Untracked 
|  51|0x0000000683300000, 0x0000000683300000, 0x0000000683400000|  0%| F|  |TAMS 0x0000000683300000, 0x0000000683300000| Untracked 
|  52|0x0000000683400000, 0x0000000683400000, 0x0000000683500000|  0%| F|  |TAMS 0x0000000683400000, 0x0000000683400000| Untracked 
|  53|0x0000000683500000, 0x0000000683500000, 0x0000000683600000|  0%| F|  |TAMS 0x0000000683500000, 0x0000000683500000| Untracked 
|  54|0x0000000683600000, 0x0000000683600000, 0x0000000683700000|  0%| F|  |TAMS 0x0000000683600000, 0x0000000683600000| Untracked 
|  55|0x0000000683700000, 0x0000000683700000, 0x0000000683800000|  0%| F|  |TAMS 0x0000000683700000, 0x0000000683700000| Untracked 
|  56|0x0000000683800000, 0x0000000683800000, 0x0000000683900000|  0%| F|  |TAMS 0x0000000683800000, 0x0000000683800000| Untracked 
|  57|0x0000000683900000, 0x0000000683900000, 0x0000000683a00000|  0%| F|  |TAMS 0x0000000683900000, 0x0000000683900000| Untracked 
|  58|0x0000000683a00000, 0x0000000683a00000, 0x0000000683b00000|  0%| F|  |TAMS 0x0000000683a00000, 0x0000000683a00000| Untracked 
|  59|0x0000000683b00000, 0x0000000683b00000, 0x0000000683c00000|  0%| F|  |TAMS 0x0000000683b00000, 0x0000000683b00000| Untracked 
|  60|0x0000000683c00000, 0x0000000683c00000, 0x0000000683d00000|  0%| F|  |TAMS 0x0000000683c00000, 0x0000000683c00000| Untracked 
|  61|0x0000000683d00000, 0x0000000683d00000, 0x0000000683e00000|  0%| F|  |TAMS 0x0000000683d00000, 0x0000000683d00000| Untracked 
|  62|0x0000000683e00000, 0x0000000683e00000, 0x0000000683f00000|  0%| F|  |TAMS 0x0000000683e00000, 0x0000000683e00000| Untracked 
|  63|0x0000000683f00000, 0x0000000683f00000, 0x0000000684000000|  0%| F|  |TAMS 0x0000000683f00000, 0x0000000683f00000| Untracked 
|  64|0x0000000684000000, 0x0000000684000000, 0x0000000684100000|  0%| F|  |TAMS 0x0000000684000000, 0x0000000684000000| Untracked 
|  65|0x0000000684100000, 0x0000000684100000, 0x0000000684200000|  0%| F|  |TAMS 0x0000000684100000, 0x0000000684100000| Untracked 
|  66|0x0000000684200000, 0x0000000684200000, 0x0000000684300000|  0%| F|  |TAMS 0x0000000684200000, 0x0000000684200000| Untracked 
|  67|0x0000000684300000, 0x0000000684300000, 0x0000000684400000|  0%| F|  |TAMS 0x0000000684300000, 0x0000000684300000| Untracked 
|  68|0x0000000684400000, 0x00000006844b1420, 0x0000000684500000| 69%| S|CS|TAMS 0x0000000684400000, 0x0000000684400000| Complete 
|  69|0x0000000684500000, 0x0000000684600000, 0x0000000684600000|100%| S|CS|TAMS 0x0000000684500000, 0x0000000684500000| Complete 
|  70|0x0000000684600000, 0x0000000684700000, 0x0000000684700000|100%| S|CS|TAMS 0x0000000684600000, 0x0000000684600000| Complete 
|  71|0x0000000684700000, 0x0000000684700000, 0x0000000684800000|  0%| F|  |TAMS 0x0000000684700000, 0x0000000684700000| Untracked 
|  72|0x0000000684800000, 0x0000000684800000, 0x0000000684900000|  0%| F|  |TAMS 0x0000000684800000, 0x0000000684800000| Untracked 
|  73|0x0000000684900000, 0x0000000684900000, 0x0000000684a00000|  0%| F|  |TAMS 0x0000000684900000, 0x0000000684900000| Untracked 
|  74|0x0000000684a00000, 0x0000000684a00000, 0x0000000684b00000|  0%| F|  |TAMS 0x0000000684a00000, 0x0000000684a00000| Untracked 
|  75|0x0000000684b00000, 0x0000000684b00000, 0x0000000684c00000|  0%| F|  |TAMS 0x0000000684b00000, 0x0000000684b00000| Untracked 
|  76|0x0000000684c00000, 0x0000000684c00000, 0x0000000684d00000|  0%| F|  |TAMS 0x0000000684c00000, 0x0000000684c00000| Untracked 
|  77|0x0000000684d00000, 0x0000000684d00000, 0x0000000684e00000|  0%| F|  |TAMS 0x0000000684d00000, 0x0000000684d00000| Untracked 
|  78|0x0000000684e00000, 0x0000000684e00000, 0x0000000684f00000|  0%| F|  |TAMS 0x0000000684e00000, 0x0000000684e00000| Untracked 
|  79|0x0000000684f00000, 0x0000000684f00000, 0x0000000685000000|  0%| F|  |TAMS 0x0000000684f00000, 0x0000000684f00000| Untracked 
|  80|0x0000000685000000, 0x0000000685000000, 0x0000000685100000|  0%| F|  |TAMS 0x0000000685000000, 0x0000000685000000| Untracked 
|  81|0x0000000685100000, 0x0000000685100000, 0x0000000685200000|  0%| F|  |TAMS 0x0000000685100000, 0x0000000685100000| Untracked 
|  82|0x0000000685200000, 0x0000000685200000, 0x0000000685300000|  0%| F|  |TAMS 0x0000000685200000, 0x0000000685200000| Untracked 
|  83|0x0000000685300000, 0x0000000685300000, 0x0000000685400000|  0%| F|  |TAMS 0x0000000685300000, 0x0000000685300000| Untracked 
|  84|0x0000000685400000, 0x0000000685400000, 0x0000000685500000|  0%| F|  |TAMS 0x0000000685400000, 0x0000000685400000| Untracked 
|  85|0x0000000685500000, 0x0000000685500000, 0x0000000685600000|  0%| F|  |TAMS 0x0000000685500000, 0x0000000685500000| Untracked 
|  86|0x0000000685600000, 0x0000000685600000, 0x0000000685700000|  0%| F|  |TAMS 0x0000000685600000, 0x0000000685600000| Untracked 
|  87|0x0000000685700000, 0x0000000685700000, 0x0000000685800000|  0%| F|  |TAMS 0x0000000685700000, 0x0000000685700000| Untracked 
|  88|0x0000000685800000, 0x0000000685800000, 0x0000000685900000|  0%| F|  |TAMS 0x0000000685800000, 0x0000000685800000| Untracked 
|  89|0x0000000685900000, 0x0000000685900000, 0x0000000685a00000|  0%| F|  |TAMS 0x0000000685900000, 0x0000000685900000| Untracked 
|  90|0x0000000685a00000, 0x0000000685a00000, 0x0000000685b00000|  0%| F|  |TAMS 0x0000000685a00000, 0x0000000685a00000| Untracked 
|  91|0x0000000685b00000, 0x0000000685b00000, 0x0000000685c00000|  0%| F|  |TAMS 0x0000000685b00000, 0x0000000685b00000| Untracked 
|  92|0x0000000685c00000, 0x0000000685c00000, 0x0000000685d00000|  0%| F|  |TAMS 0x0000000685c00000, 0x0000000685c00000| Untracked 
|  93|0x0000000685d00000, 0x0000000685d00000, 0x0000000685e00000|  0%| F|  |TAMS 0x0000000685d00000, 0x0000000685d00000| Untracked 
|  94|0x0000000685e00000, 0x0000000685e00000, 0x0000000685f00000|  0%| F|  |TAMS 0x0000000685e00000, 0x0000000685e00000| Untracked 
|  95|0x0000000685f00000, 0x0000000685f00000, 0x0000000686000000|  0%| F|  |TAMS 0x0000000685f00000, 0x0000000685f00000| Untracked 
|  96|0x0000000686000000, 0x0000000686000000, 0x0000000686100000|  0%| F|  |TAMS 0x0000000686000000, 0x0000000686000000| Untracked 
|  97|0x0000000686100000, 0x0000000686100000, 0x0000000686200000|  0%| F|  |TAMS 0x0000000686100000, 0x0000000686100000| Untracked 
|  98|0x0000000686200000, 0x0000000686200000, 0x0000000686300000|  0%| F|  |TAMS 0x0000000686200000, 0x0000000686200000| Untracked 
|  99|0x0000000686300000, 0x0000000686300000, 0x0000000686400000|  0%| F|  |TAMS 0x0000000686300000, 0x0000000686300000| Untracked 
| 100|0x0000000686400000, 0x0000000686400000, 0x0000000686500000|  0%| F|  |TAMS 0x0000000686400000, 0x0000000686400000| Untracked 
| 101|0x0000000686500000, 0x0000000686500000, 0x0000000686600000|  0%| F|  |TAMS 0x0000000686500000, 0x0000000686500000| Untracked 
| 102|0x0000000686600000, 0x0000000686600000, 0x0000000686700000|  0%| F|  |TAMS 0x0000000686600000, 0x0000000686600000| Untracked 
| 103|0x0000000686700000, 0x0000000686700000, 0x0000000686800000|  0%| F|  |TAMS 0x0000000686700000, 0x0000000686700000| Untracked 
| 104|0x0000000686800000, 0x0000000686800000, 0x0000000686900000|  0%| F|  |TAMS 0x0000000686800000, 0x0000000686800000| Untracked 
| 105|0x0000000686900000, 0x0000000686900000, 0x0000000686a00000|  0%| F|  |TAMS 0x0000000686900000, 0x0000000686900000| Untracked 
| 106|0x0000000686a00000, 0x0000000686a00000, 0x0000000686b00000|  0%| F|  |TAMS 0x0000000686a00000, 0x0000000686a00000| Untracked 
| 107|0x0000000686b00000, 0x0000000686b00000, 0x0000000686c00000|  0%| F|  |TAMS 0x0000000686b00000, 0x0000000686b00000| Untracked 
| 108|0x0000000686c00000, 0x0000000686c00000, 0x0000000686d00000|  0%| F|  |TAMS 0x0000000686c00000, 0x0000000686c00000| Untracked 
| 109|0x0000000686d00000, 0x0000000686d00000, 0x0000000686e00000|  0%| F|  |TAMS 0x0000000686d00000, 0x0000000686d00000| Untracked 
| 110|0x0000000686e00000, 0x0000000686e80800, 0x0000000686f00000| 50%| E|  |TAMS 0x0000000686e00000, 0x0000000686e00000| Complete 
| 111|0x0000000686f00000, 0x0000000687000000, 0x0000000687000000|100%| E|CS|TAMS 0x0000000686f00000, 0x0000000686f00000| Complete 
| 112|0x0000000687000000, 0x0000000687100000, 0x0000000687100000|100%| E|CS|TAMS 0x0000000687000000, 0x0000000687000000| Complete 
| 113|0x0000000687100000, 0x0000000687200000, 0x0000000687200000|100%| E|CS|TAMS 0x0000000687100000, 0x0000000687100000| Complete 
| 114|0x0000000687200000, 0x0000000687300000, 0x0000000687300000|100%| E|CS|TAMS 0x0000000687200000, 0x0000000687200000| Complete 
| 115|0x0000000687300000, 0x0000000687400000, 0x0000000687400000|100%| E|CS|TAMS 0x0000000687300000, 0x0000000687300000| Complete 
| 116|0x0000000687400000, 0x0000000687500000, 0x0000000687500000|100%| E|CS|TAMS 0x0000000687400000, 0x0000000687400000| Complete 
| 117|0x0000000687500000, 0x0000000687600000, 0x0000000687600000|100%| E|CS|TAMS 0x0000000687500000, 0x0000000687500000| Complete 
| 118|0x0000000687600000, 0x0000000687700000, 0x0000000687700000|100%| E|CS|TAMS 0x0000000687600000, 0x0000000687600000| Complete 
| 119|0x0000000687700000, 0x0000000687800000, 0x0000000687800000|100%| E|CS|TAMS 0x0000000687700000, 0x0000000687700000| Complete 
| 120|0x0000000687800000, 0x0000000687900000, 0x0000000687900000|100%| E|CS|TAMS 0x0000000687800000, 0x0000000687800000| Complete 
| 121|0x0000000687900000, 0x0000000687a00000, 0x0000000687a00000|100%| E|CS|TAMS 0x0000000687900000, 0x0000000687900000| Complete 
| 122|0x0000000687a00000, 0x0000000687b00000, 0x0000000687b00000|100%| E|CS|TAMS 0x0000000687a00000, 0x0000000687a00000| Complete 
| 123|0x0000000687b00000, 0x0000000687c00000, 0x0000000687c00000|100%| E|CS|TAMS 0x0000000687b00000, 0x0000000687b00000| Complete 
| 124|0x0000000687c00000, 0x0000000687d00000, 0x0000000687d00000|100%| E|CS|TAMS 0x0000000687c00000, 0x0000000687c00000| Complete 
| 125|0x0000000687d00000, 0x0000000687e00000, 0x0000000687e00000|100%| E|CS|TAMS 0x0000000687d00000, 0x0000000687d00000| Complete 

Card table byte_map: [0x000002d3be100000,0x000002d3bed00000] _byte_map_base: 0x000002d3bad00000

Marking Bits (Prev, Next): (CMBitMap*) 0x000002d3a6b93eb0, (CMBitMap*) 0x000002d3a6b93e78
 Prev Bits: [0x000002d3c5900000, 0x000002d3cb900000)
 Next Bits: [0x000002d3bf900000, 0x000002d3c5900000)

Polling page: 0x000002d3a62e0000

Metaspace:

Usage:
  Non-class:     22.65 MB capacity,    22.28 MB ( 98%) used,   320.44 KB (  1%) free+waste,    56.00 KB ( <1%) overhead. 
      Class:      3.57 MB capacity,     3.35 MB ( 94%) used,   198.72 KB (  5%) free+waste,    28.88 KB ( <1%) overhead. 
       Both:     26.22 MB capacity,    25.63 MB ( 98%) used,   519.16 KB (  2%) free+waste,    84.88 KB ( <1%) overhead. 

Virtual space:
  Non-class space:       24.00 MB reserved,      22.67 MB ( 94%) committed 
      Class space:        1.00 GB reserved,       3.70 MB ( <1%) committed 
             Both:        1.02 GB reserved,      26.37 MB (  3%) committed 

Chunk freelists:
   Non-Class:  3.00 KB
       Class:  3.00 KB
        Both:  6.00 KB

CodeHeap 'non-profiled nmethods': size=120000Kb used=1239Kb max_used=1239Kb free=118760Kb
 bounds [0x000002d3b5ca0000, 0x000002d3b5f10000, 0x000002d3bd1d0000]
CodeHeap 'profiled nmethods': size=120000Kb used=5079Kb max_used=5079Kb free=114921Kb
 bounds [0x000002d3ae770000, 0x000002d3aec70000, 0x000002d3b5ca0000]
CodeHeap 'non-nmethods': size=5760Kb used=1184Kb max_used=1223Kb free=4575Kb
 bounds [0x000002d3ae1d0000, 0x000002d3ae440000, 0x000002d3ae770000]
 total_blobs=2929 nmethods=2420 adapters=420
 compilation: enabled
              stopped_count=0, restarted_count=0
 full_count=0

Compilation events (10 events):
Event: 4.975 Thread 0x000002d3cedf8000 2428       3       com.google.common.base.Splitter$SplittingIterator::<init> (39 bytes)
Event: 4.975 Thread 0x000002d3cedf8000 nmethod 2428 0x000002d3aec64490 code [0x000002d3aec64640, 0x000002d3aec64998]
Event: 4.975 Thread 0x000002d3cedf8000 2429       3       com.google.common.base.AbstractIterator::<init> (12 bytes)
Event: 4.975 Thread 0x000002d3cedf8000 nmethod 2429 0x000002d3aec64a90 code [0x000002d3aec64c40, 0x000002d3aec64e18]
Event: 4.975 Thread 0x000002d3cedf8000 2431       1       com.google.common.collect.ImmutableMapEntry::getNextInKeyBucket (2 bytes)
Event: 4.975 Thread 0x000002d3cedf8000 nmethod 2431 0x000002d3b5dd2910 code [0x000002d3b5dd2aa0, 0x000002d3b5dd2b58]
Event: 4.975 Thread 0x000002d3cedf8000 2434       3       com.google.common.collect.RegularImmutableMap::makeImmutable (44 bytes)
Event: 4.976 Thread 0x000002d3cedf8000 nmethod 2434 0x000002d3aec64f10 code [0x000002d3aec65120, 0x000002d3aec659d8]
Event: 4.976 Thread 0x000002d3cedf8000 2433       1       com.google.common.collect.ImmutableMapEntry$NonTerminalImmutableMapEntry::getNextInKeyBucket (5 bytes)
Event: 4.976 Thread 0x000002d3cedf8000 nmethod 2433 0x000002d3b5dd2c10 code [0x000002d3b5dd2da0, 0x000002d3b5dd2e58]

GC Heap History (8 events):
Event: 0.896 GC heap before
{Heap before GC invocations=0 (full 0):
 garbage-first heap   total 129024K, used 27648K [0x0000000680000000, 0x0000000800000000)
  region size 1024K, 24 young (24576K), 0 survivors (0K)
 Metaspace       used 9631K, capacity 9829K, committed 10112K, reserved 1058816K
  class space    used 978K, capacity 1045K, committed 1152K, reserved 1048576K
}
Event: 0.904 GC heap after
{Heap after GC invocations=1 (full 0):
 garbage-first heap   total 129024K, used 10630K [0x0000000680000000, 0x0000000800000000)
  region size 1024K, 3 young (3072K), 3 survivors (3072K)
 Metaspace       used 9631K, capacity 9829K, committed 10112K, reserved 1058816K
  class space    used 978K, capacity 1045K, committed 1152K, reserved 1048576K
}
Event: 3.392 GC heap before
{Heap before GC invocations=1 (full 0):
 garbage-first heap   total 129024K, used 84358K [0x0000000680000000, 0x0000000800000000)
  region size 1024K, 75 young (76800K), 3 survivors (3072K)
 Metaspace       used 17517K, capacity 17855K, committed 18048K, reserved 1064960K
  class space    used 2023K, capacity 2160K, committed 2176K, reserved 1048576K
}
Event: 3.398 GC heap after
{Heap after GC invocations=2 (full 0):
 garbage-first heap   total 129024K, used 17460K [0x0000000680000000, 0x0000000800000000)
  region size 1024K, 10 young (10240K), 10 survivors (10240K)
 Metaspace       used 17517K, capacity 17855K, committed 18048K, reserved 1064960K
  class space    used 2023K, capacity 2160K, committed 2176K, reserved 1048576K
}
Event: 3.752 GC heap before
{Heap before GC invocations=2 (full 0):
 garbage-first heap   total 129024K, used 44084K [0x0000000680000000, 0x0000000800000000)
  region size 1024K, 38 young (38912K), 10 survivors (10240K)
 Metaspace       used 20794K, capacity 21223K, committed 21296K, reserved 1069056K
  class space    used 2523K, capacity 2673K, committed 2688K, reserved 1048576K
}
Event: 3.759 GC heap after
{Heap after GC invocations=3 (full 0):
 garbage-first heap   total 129024K, used 18853K [0x0000000680000000, 0x0000000800000000)
  region size 1024K, 2 young (2048K), 2 survivors (2048K)
 Metaspace       used 20794K, capacity 21223K, committed 21296K, reserved 1069056K
  class space    used 2523K, capacity 2673K, committed 2688K, reserved 1048576K
}
Event: 4.437 GC heap before
{Heap before GC invocations=4 (full 0):
 garbage-first heap   total 129024K, used 72101K [0x0000000680000000, 0x0000000800000000)
  region size 1024K, 55 young (56320K), 2 survivors (2048K)
 Metaspace       used 25107K, capacity 25737K, committed 25980K, reserved 1071104K
  class space    used 3239K, capacity 3455K, committed 3532K, reserved 1048576K
}
Event: 4.440 GC heap after
{Heap after GC invocations=5 (full 0):
 garbage-first heap   total 129024K, used 20173K [0x0000000680000000, 0x0000000800000000)
  region size 1024K, 3 young (3072K), 3 survivors (3072K)
 Metaspace       used 25107K, capacity 25737K, committed 25980K, reserved 1071104K
  class space    used 3239K, capacity 3455K, committed 3532K, reserved 1048576K
}

Deoptimization events (10 events):
Event: 3.378 Thread 0x000002d3d07ed800 Uncommon trap: reason=bimorphic_or_optimized_type_check action=maybe_recompile pc=0x000002d3b5d62fa8 method=java.util.HashMap.putVal(ILjava/lang/Object;Ljava/lang/Object;ZZ)Ljava/lang/Object; @ 253 c2
Event: 3.532 Thread 0x000002d3d07ed800 Uncommon trap: reason=unstable_if action=reinterpret pc=0x000002d3b5d478bc method=java.util.concurrent.ConcurrentHashMap.get(Ljava/lang/Object;)Ljava/lang/Object; @ 152 c2
Event: 3.601 Thread 0x000002d3d07ed800 Uncommon trap: reason=unstable_if action=reinterpret pc=0x000002d3b5d8a1b8 method=jdk.internal.org.objectweb.asm.Type.getArgumentsAndReturnSizes(Ljava/lang/String;)I @ 88 c2
Event: 3.837 Thread 0x000002d3d07ed800 Uncommon trap: reason=unstable_if action=reinterpret pc=0x000002d3b5d11738 method=java.util.regex.Matcher.reset()Ljava/util/regex/Matcher; @ 71 c2
Event: 3.876 Thread 0x000002d3d07ed800 Uncommon trap: reason=unstable_if action=reinterpret pc=0x000002d3b5cc2148 method=java.io.WinNTFileSystem.resolve(Ljava/lang/String;Ljava/lang/String;)Ljava/lang/String; @ 19 c2
Event: 3.877 Thread 0x000002d3d07ed800 Uncommon trap: reason=bimorphic_or_optimized_type_check action=maybe_recompile pc=0x000002d3b5d1b2a4 method=java.util.AbstractList$Itr.hasNext()Z @ 8 c2
Event: 3.877 Thread 0x000002d3d07ed800 Uncommon trap: reason=bimorphic_or_optimized_type_check action=maybe_recompile pc=0x000002d3b5d1b644 method=java.util.AbstractList$Itr.next()Ljava/lang/Object; @ 14 c2
Event: 3.877 Thread 0x000002d3d07ed800 Uncommon trap: reason=unstable_if action=reinterpret pc=0x000002d3b5d15510 method=java.io.File.getName()Ljava/lang/String; @ 16 c2
Event: 3.877 Thread 0x000002d3d07ed800 Uncommon trap: reason=unstable_if action=reinterpret pc=0x000002d3b5d14b14 method=java.lang.String.substring(I)Ljava/lang/String; @ 34 c2
Event: 3.948 Thread 0x000002d3d07ed800 Uncommon trap: reason=intrinsic_or_type_checked_inlining action=make_not_entrant pc=0x000002d3b5da5360 method=java.util.Arrays.copyOf([Ljava/lang/Object;ILjava/lang/Class;)[Ljava/lang/Object; @ 35 c2

Classes redefined (0 events):
No events

Internal exceptions (10 events):
Event: 3.947 Thread 0x000002d3d114d000 Exception <a 'java/lang/NoSuchMethodError'{0x0000000687df8ec0}: static Lorg/gradle/internal/build/event/types/AbstractProgressEvent;.<clinit>()V> (0x0000000687df8ec0) thrown at [./open/src/hotspot/share/prims/jni.cpp, line 1366]
Event: 3.948 Thread 0x000002d3d114d000 Exception <a 'java/lang/NoSuchMethodError'{0x0000000686dbf8f8}: static Lorg/gradle/internal/build/event/types/DefaultOperationDescriptor;.<clinit>()V> (0x0000000686dbf8f8) thrown at [./open/src/hotspot/share/prims/jni.cpp, line 1366]
Event: 3.953 Thread 0x000002d3d114d000 Exception <a 'java/lang/NoSuchMethodError'{0x0000000686dd22b0}: static Lorg/gradle/internal/operations/OperationIdentifier;.<clinit>()V> (0x0000000686dd22b0) thrown at [./open/src/hotspot/share/prims/jni.cpp, line 1366]
Event: 4.121 Thread 0x000002d3d07ed800 Exception <a 'java/lang/NoSuchMethodError'{0x0000000685b55af8}: java.lang.invoke.DirectMethodHandle$Holder.invokeSpecialIFC(Ljava/lang/Object;Ljava/lang/Object;Ljava/lang/Object;Ljava/lang/Object;)I> (0x0000000685b55af8) thrown at [./open/src/hotspot/shar
Event: 4.122 Thread 0x000002d3d07ed800 Exception <a 'java/lang/NoSuchMethodError'{0x0000000685b63d30}: java.lang.invoke.DirectMethodHandle$Holder.invokeInterface(Ljava/lang/Object;Ljava/lang/Object;Ljava/lang/Object;)Ljava/lang/Object;> (0x0000000685b63d30) thrown at [./open/src/hotspot/share/
Event: 4.122 Thread 0x000002d3d07ed800 Exception <a 'java/lang/IncompatibleClassChangeError'{0x0000000685b67208}: Found class java.lang.Object, but interface was expected> (0x0000000685b67208) thrown at [./open/src/hotspot/share/interpreter/linkResolver.cpp, line 838]
Event: 4.222 Thread 0x000002d3d07ed800 Exception <a 'java/lang/NoSuchMethodError'{0x0000000685424e08}: java.lang.invoke.DirectMethodHandle$Holder.invokeSpecial(Ljava/lang/Object;Ljava/lang/Object;Ljava/lang/Object;Ljava/lang/Object;Ljava/lang/Object;Ljava/lang/Object;Ljava/lang/Object;Ljava/la
Event: 4.371 Thread 0x000002d3d07ed800 Exception <a 'java/lang/NoSuchMethodError'{0x0000000684910778}: java.lang.invoke.DirectMethodHandle$Holder.invokeVirtual(Ljava/lang/Object;Ljava/lang/Object;Ljava/lang/Object;Ljava/lang/Object;)Ljava/lang/Object;> (0x0000000684910778) thrown at [./open/sr
Event: 4.414 Thread 0x000002d3d07ed800 Exception <a 'java/lang/NoSuchMethodError'{0x0000000684763840}: java.lang.invoke.Invokers$Holder.linkToTargetMethod(Ljava/lang/Object;Ljava/lang/Object;Ljava/lang/Object;Ljava/lang/Object;Ljava/lang/Object;Ljava/lang/Object;Ljava/lang/Object;)Ljava/lang/O
Event: 4.669 Thread 0x000002d3d07ed800 Exception <a 'java/lang/NoSuchMethodError'{0x00000006875f4188}: java.lang.invoke.DirectMethodHandle$Holder.invokeStatic(Ljava/lang/Object;Ljava/lang/Object;Ljava/lang/Object;Ljava/lang/Object;Ljava/lang/Object;)V> (0x00000006875f4188) thrown at [./open/sr

Events (10 events):
Event: 4.956 loading class com/google/common/base/AbstractIterator$1
Event: 4.956 loading class com/google/common/base/AbstractIterator$1 done
Event: 4.956 loading class com/google/common/base/NullnessCasts
Event: 4.956 loading class com/google/common/base/NullnessCasts done
Event: 4.972 loading class org/codehaus/groovy/control/MultipleCompilationErrorsException
Event: 4.972 loading class org/codehaus/groovy/control/MultipleCompilationErrorsException done
Event: 4.973 loading class org/codehaus/groovy/control/CompilationFailedException
Event: 4.973 loading class org/codehaus/groovy/control/CompilationFailedException done
Event: 4.974 loading class groovy/lang/GroovyRuntimeException
Event: 4.974 loading class groovy/lang/GroovyRuntimeException done


Dynamic libraries:
0x00007ff635460000 - 0x00007ff63546f000 	C:\Program Files\Java\jdk-11.0.17\bin\java.exe
0x00007ff8f7d90000 - 0x00007ff8f7fa7000 	C:\Windows\SYSTEM32\ntdll.dll
0x00007ff8f6640000 - 0x00007ff8f6704000 	C:\Windows\System32\KERNEL32.DLL
0x00007ff8f5560000 - 0x00007ff8f5931000 	C:\Windows\System32\KERNELBASE.dll
0x00007ff8f5940000 - 0x00007ff8f5a51000 	C:\Windows\System32\ucrtbase.dll
0x00007ff8db680000 - 0x00007ff8db695000 	C:\Program Files\Java\jdk-11.0.17\bin\VCRUNTIME140.dll
0x00007ff8dc830000 - 0x00007ff8dc848000 	C:\Program Files\Java\jdk-11.0.17\bin\jli.dll
0x00007ff8f5ac0000 - 0x00007ff8f5b71000 	C:\Windows\System32\ADVAPI32.dll
0x00007ff8f6a00000 - 0x00007ff8f6aa7000 	C:\Windows\System32\msvcrt.dll
0x00007ff8f6ab0000 - 0x00007ff8f6b57000 	C:\Windows\System32\sechost.dll
0x00007ff8f4f90000 - 0x00007ff8f4fb8000 	C:\Windows\System32\bcrypt.dll
0x00007ff8f6b60000 - 0x00007ff8f6c74000 	C:\Windows\System32\RPCRT4.dll
0x00007ff8f6460000 - 0x00007ff8f6611000 	C:\Windows\System32\USER32.dll
0x00007ff8f5250000 - 0x00007ff8f5276000 	C:\Windows\System32\win32u.dll
0x00007ff8cd7d0000 - 0x00007ff8cda62000 	C:\Windows\WinSxS\amd64_microsoft.windows.common-controls_6595b64144ccf1df_6.0.22621.4830_none_270fe7d773858e80\COMCTL32.dll
0x00007ff8f6da0000 - 0x00007ff8f6dc9000 	C:\Windows\System32\GDI32.dll
0x00007ff8f5130000 - 0x00007ff8f524b000 	C:\Windows\System32\gdi32full.dll
0x00007ff8f5300000 - 0x00007ff8f539a000 	C:\Windows\System32\msvcp_win.dll
0x00007ff8ebe80000 - 0x00007ff8ebe8a000 	C:\Windows\SYSTEM32\VERSION.dll
0x00007ff8f6d60000 - 0x00007ff8f6d91000 	C:\Windows\System32\IMM32.DLL
0x00007ff8b0ce0000 - 0x00007ff8b0d7b000 	C:\Program Files\Java\jdk-11.0.17\bin\msvcp140.dll
0x00007ff87a450000 - 0x00007ff87af6a000 	C:\Program Files\Java\jdk-11.0.17\bin\server\jvm.dll
0x00007ff8f6230000 - 0x00007ff8f6238000 	C:\Windows\System32\PSAPI.DLL
0x00007ff8f2910000 - 0x00007ff8f2944000 	C:\Windows\SYSTEM32\WINMM.dll
0x00007ff8d2ff0000 - 0x00007ff8d2ff9000 	C:\Windows\SYSTEM32\WSOCK32.dll
0x00007ff8f6240000 - 0x00007ff8f62b1000 	C:\Windows\System32\ws2_32.DLL
0x00007ff8f3fe0000 - 0x00007ff8f3ff8000 	C:\Windows\SYSTEM32\kernel.appcore.dll
0x00007ff8dc570000 - 0x00007ff8dc580000 	C:\Program Files\Java\jdk-11.0.17\bin\verify.dll
0x00007ff8f2690000 - 0x00007ff8f28c2000 	C:\Windows\SYSTEM32\DBGHELP.DLL
0x00007ff8f5b80000 - 0x00007ff8f5f10000 	C:\Windows\System32\combase.dll
0x00007ff8f67b0000 - 0x00007ff8f6887000 	C:\Windows\System32\OLEAUT32.dll
0x00007ff8f28d0000 - 0x00007ff8f2902000 	C:\Windows\SYSTEM32\dbgcore.DLL
0x00007ff8f53a0000 - 0x00007ff8f541b000 	C:\Windows\System32\bcryptPrimitives.dll
0x00007ff8cbaa0000 - 0x00007ff8cbac8000 	C:\Program Files\Java\jdk-11.0.17\bin\java.dll
0x00007ff8dbe30000 - 0x00007ff8dbe3a000 	C:\Program Files\Java\jdk-11.0.17\bin\jimage.dll
0x00007ff8dbcb0000 - 0x00007ff8dbcbe000 	C:\Program Files\Java\jdk-11.0.17\bin\instrument.dll
0x00007ff8da550000 - 0x00007ff8da566000 	C:\Program Files\Java\jdk-11.0.17\bin\zip.dll
0x00007ff8f6e80000 - 0x00007ff8f7708000 	C:\Windows\System32\SHELL32.dll
0x00007ff8f5420000 - 0x00007ff8f555f000 	C:\Windows\System32\wintypes.dll
0x00007ff8f2de0000 - 0x00007ff8f36ed000 	C:\Windows\SYSTEM32\windows.storage.dll
0x00007ff8f6350000 - 0x00007ff8f645a000 	C:\Windows\System32\SHCORE.dll
0x00007ff8f6c80000 - 0x00007ff8f6cde000 	C:\Windows\System32\shlwapi.dll
0x00007ff8f4e00000 - 0x00007ff8f4e2b000 	C:\Windows\SYSTEM32\profapi.dll
0x00007ff8da4d0000 - 0x00007ff8da4e9000 	C:\Program Files\Java\jdk-11.0.17\bin\net.dll
0x00007ff8f04a0000 - 0x00007ff8f05cc000 	C:\Windows\SYSTEM32\WINHTTP.dll
0x00007ff8f4440000 - 0x00007ff8f44aa000 	C:\Windows\system32\mswsock.dll
0x00007ff8d8e40000 - 0x00007ff8d8e52000 	C:\Program Files\Java\jdk-11.0.17\bin\nio.dll
0x00007ff8e24c0000 - 0x00007ff8e24e7000 	C:\Users\dinet\.gradle\native\68d5fa5c4cc2d200863cafc0d521ce42e7d3e7ee720ec0a83991735586a16f82\windows-amd64\native-platform.dll
0x00007ff8acc60000 - 0x00007ff8acda4000 	C:\Users\dinet\.gradle\native\e376f236ea51e6404a007f0833ffe2c6e607c4080706a723a18a27aeea778392\windows-amd64\native-platform-file-events.dll
0x00007ff8da910000 - 0x00007ff8da919000 	C:\Program Files\Java\jdk-11.0.17\bin\management.dll
0x00007ff8d81a0000 - 0x00007ff8d81ab000 	C:\Program Files\Java\jdk-11.0.17\bin\management_ext.dll
0x00007ff8f4670000 - 0x00007ff8f468b000 	C:\Windows\SYSTEM32\CRYPTSP.dll
0x00007ff8f3f40000 - 0x00007ff8f3f77000 	C:\Windows\system32\rsaenh.dll
0x00007ff8f4510000 - 0x00007ff8f4538000 	C:\Windows\SYSTEM32\USERENV.dll
0x00007ff8f4690000 - 0x00007ff8f469c000 	C:\Windows\SYSTEM32\CRYPTBASE.dll
0x00007ff8f39c0000 - 0x00007ff8f39ed000 	C:\Windows\SYSTEM32\IPHLPAPI.DLL
0x00007ff8f7710000 - 0x00007ff8f7719000 	C:\Windows\System32\NSI.dll
0x00007ff8f03b0000 - 0x00007ff8f03c9000 	C:\Windows\SYSTEM32\dhcpcsvc6.DLL
0x00007ff8f03d0000 - 0x00007ff8f03ef000 	C:\Windows\SYSTEM32\dhcpcsvc.DLL
0x00007ff8f3a30000 - 0x00007ff8f3b32000 	C:\Windows\SYSTEM32\DNSAPI.dll

dbghelp: loaded successfully - version: 4.0.5 - missing functions: none
symbol engine: initialized successfully - sym options: 0x614 - pdb path: .;C:\Program Files\Java\jdk-11.0.17\bin;C:\Windows\SYSTEM32;C:\Windows\WinSxS\amd64_microsoft.windows.common-controls_6595b64144ccf1df_6.0.22621.4830_none_270fe7d773858e80;C:\Program Files\Java\jdk-11.0.17\bin\server;C:\Users\dinet\.gradle\native\68d5fa5c4cc2d200863cafc0d521ce42e7d3e7ee720ec0a83991735586a16f82\windows-amd64;C:\Users\dinet\.gradle\native\e376f236ea51e6404a007f0833ffe2c6e607c4080706a723a18a27aeea778392\windows-amd64

VM Arguments:
jvm_args: --add-opens=java.base/java.util=ALL-UNNAMED --add-opens=java.base/java.lang=ALL-UNNAMED --add-opens=java.base/java.lang.invoke=ALL-UNNAMED --add-opens=java.prefs/java.util.prefs=ALL-UNNAMED --add-opens=java.base/java.nio.charset=ALL-UNNAMED --add-opens=java.base/java.net=ALL-UNNAMED --add-opens=java.base/java.util.concurrent.atomic=ALL-UNNAMED -Xmx6144m -Dfile.encoding=utf8 -Duser.country=US -Duser.language=en -Duser.variant -javaagent:C:\Users\dinet\.gradle\wrapper\dists\gradle-8.3-all\6en3ugtfdg5xnpx44z4qbwgas\gradle-8.3\lib\agents\gradle-instrumentation-agent-8.3.jar 
java_command: org.gradle.launcher.daemon.bootstrap.GradleDaemon 8.3
java_class_path (initial): C:\Users\dinet\.gradle\wrapper\dists\gradle-8.3-all\6en3ugtfdg5xnpx44z4qbwgas\gradle-8.3\lib\gradle-launcher-8.3.jar
Launcher Type: SUN_STANDARD

[Global flags]
     intx CICompilerCount                          = 4                                         {product} {ergonomic}
     uint ConcGCThreads                            = 2                                         {product} {ergonomic}
     uint G1ConcRefinementThreads                  = 8                                         {product} {ergonomic}
   size_t G1HeapRegionSize                         = 1048576                                   {product} {ergonomic}
    uintx GCDrainStackTargetSize                   = 64                                        {product} {ergonomic}
   size_t InitialHeapSize                          = 132120576                                 {product} {ergonomic}
   size_t MarkStackSize                            = 4194304                                   {product} {ergonomic}
   size_t MaxHeapSize                              = 6442450944                                {product} {command line}
   size_t MaxNewSize                               = 3865051136                                {product} {ergonomic}
   size_t MinHeapDeltaBytes                        = 1048576                                   {product} {ergonomic}
    uintx NonNMethodCodeHeapSize                   = 5836300                                {pd product} {ergonomic}
    uintx NonProfiledCodeHeapSize                  = 122910970                              {pd product} {ergonomic}
    uintx ProfiledCodeHeapSize                     = 122910970                              {pd product} {ergonomic}
    uintx ReservedCodeCacheSize                    = 251658240                              {pd product} {ergonomic}
     bool SegmentedCodeCache                       = true                                      {product} {ergonomic}
     bool UseCompressedClassPointers               = true                                 {lp64_product} {ergonomic}
     bool UseCompressedOops                        = true                                 {lp64_product} {ergonomic}
     bool UseG1GC                                  = true                                      {product} {ergonomic}
     bool UseLargePagesIndividualAllocation        = false                                  {pd product} {ergonomic}

Logging:
Log output configuration:
 #0: stdout all=warning uptime,level,tags
 #1: stderr all=off uptime,level,tags

Environment Variables:
PATH=c:\Users\dinet\AppData\Local\Programs\cursor\resources\app\bin;C:\Program Files\MySQL\MySQL Server 8.0\bin;C:\Program Files\Java\jdk-21\bin;C:\Program Files\Common Files\Oracle\Java\javapath;D:\apache-maven-3.9.9-bin\apache-maven-3.9.9\bin;C:\Windows\system32;C:\Windows;C:\Windows\System32\Wbem;C:\Windows\System32\WindowsPowerShell\v1.0\;C:\Windows\System32\OpenSSH\;C:\Program Files (x86)\Microsoft SQL Server\160\Tools\Binn\;C:\Program Files\Microsoft SQL Server\160\Tools\Binn\;C:\Program Files\Microsoft SQL Server\Client SDK\ODBC\170\Tools\Binn\;C:\Program Files\Microsoft SQL Server\160\DTS\Binn\;C:\Program Files\nodejs\;C:\Program Files\Git\cmd;C:\Users\dinet\AppData\Local\Microsoft\WindowsApps;C:\Users\dinet\AppData\Roaming\npm;c:\Users\dinet\AppData\Local\Programs\cursor\resources\app\bin;c:\Users\dinet\AppData\Local\Programs\cursor\resources\app\bin;C:\Program Files\dotnet\;C:\Program Files\MongoDB\mongosh-2.4.0-win32-x64\bin;D:\azure-cli-2.70.0-x64\bin;C:\Program Files\Docker\Docker\resources\bin;C:\Program Files\apache-maven-3.9.9-bin\apache-maven-3.9.9\bin;C:\Users\dinet\AppData\Local\Microsoft\WindowsApps;C:\Users\dinet\AppData\Local\Programs\Microsoft VS Code\bin;C:\Users\dinet\AppData\Roaming\npm;C:\Program Files\JetBrains\WebStorm 2024.3.2.1\bin;;C:\Users\dinet\AppData\Local\Programs\Microsoft VS Code Insiders\bin
USERNAME=dinet
OS=Windows_NT
PROCESSOR_IDENTIFIER=Intel64 Family 6 Model 140 Stepping 1, GenuineIntel



---------------  S Y S T E M  ---------------

OS: Windows 11 , 64 bit Build 22621 (10.0.22621.4974)
Hyper-V role detected

CPU:total 8 (initial active 8) (4 cores per cpu, 2 threads per core) family 6 model 140 stepping 1 microcode 0x8a, cmov, cx8, fxsr, mmx, sse, sse2, sse3, ssse3, sse4.1, sse4.2, popcnt, avx, avx2, aes, clmul, erms, 3dnowpref, lzcnt, ht, tsc, tscinvbit, bmi1, bmi2, adx, evex, sha, fma

Memory: 4k page, system-wide physical 7991M (452M free)
TotalPageFile size 20708M (AvailPageFile size 1M)
current process WorkingSet (physical memory assigned to process): 227M, peak: 235M
current process commit charge ("private bytes"): 298M, peak: 307M

vm_info: Java HotSpot(TM) 64-Bit Server VM (11.0.17+10-LTS-269) for windows-amd64 JRE (11.0.17+10-LTS-269), built on Sep 13 2022 19:26:37 by "mach5one" with MS VC++ 15.9 (VS2017)

END.
