#
# There is insufficient memory for the Java Runtime Environment to continue.
# Native memory allocation (malloc) failed to allocate 1535968 bytes. Error detail: Chunk::new
# Possible reasons:
#   The system is out of physical RAM or swap space
#   This process is running with CompressedOops enabled, and the Java Heap may be blocking the growth of the native heap
# Possible solutions:
#   Reduce memory load on the system
#   Increase physical memory or swap space
#   Check if swap backing store is full
#   Decrease Java heap size (-Xmx/-Xms)
#   Decrease number of Java threads
#   Decrease Java thread stack sizes (-Xss)
#   Set larger code cache with -XX:ReservedCodeCacheSize=
#   JVM is running with Unscaled Compressed Oops mode in which the Java heap is
#     placed in the first 4GB address space. The Java Heap base address is the
#     maximum limit for the native heap growth. Please use -XX:HeapBaseMinAddress
#     to set the Java Heap base and to place the Java Heap above 4GB virtual address.
# This output file may be truncated or incomplete.
#
#  Out of Memory Error (arena.cpp:168), pid=8308, tid=15016
#
# JRE version: OpenJDK Runtime Environment Temurin-21.0.6+7 (21.0.6+7) (build 21.0.6+7-LTS)
# Java VM: OpenJDK 64-Bit Server VM Temurin-21.0.6+7 (21.0.6+7-LTS, mixed mode, sharing, tiered, compressed oops, compressed class ptrs, parallel gc, windows-amd64)
# No core dump will be written. Minidumps are not enabled by default on client versions of Windows
#

---------------  S U M M A R Y ------------

Command Line: --add-modules=ALL-SYSTEM --add-opens=java.base/java.util=ALL-UNNAMED --add-opens=java.base/java.lang=ALL-UNNAMED --add-opens=java.base/sun.nio.fs=ALL-UNNAMED -Declipse.application=org.eclipse.jdt.ls.core.id1 -Dosgi.bundles.defaultStartLevel=4 -Declipse.product=org.eclipse.jdt.ls.core.product -Djava.import.generatesMetadataFilesAtProjectRoot=false -DDetectVMInstallationsJob.disabled=true -Dfile.encoding=utf8 -XX:+UseParallelGC -XX:GCTimeRatio=4 -XX:AdaptiveSizePolicyWeight=90 -Dsun.zip.disableMemoryMapping=true -Xmx1G -Xms100m -Xlog:disable -javaagent:c:\Users\dinet\.vscode-insiders\extensions\redhat.java-1.40.0-win32-x64\lombok\lombok-1.18.36.jar -XX:+HeapDumpOnOutOfMemoryError -XX:HeapDumpPath=c:\Users\dinet\AppData\Roaming\Code - Insiders\User\workspaceStorage\78a03c1d3b4e49dd4f2ee61ea7f2fdde\redhat.java -Daether.dependencyCollector.impl=bf -Djdt.core.sharedIndexLocation=C:\Users\dinet\AppData\Roaming\.jdt\index c:\Users\dinet\.vscode-insiders\extensions\redhat.java-1.40.0-win32-x64\server\plugins\org.eclipse.equinox.launcher_1.6.1000.v20250131-0606.jar -configuration c:\Users\dinet\AppData\Roaming\Code - Insiders\User\globalStorage\redhat.java\1.40.0\config_win -data c:\Users\dinet\AppData\Roaming\Code - Insiders\User\workspaceStorage\78a03c1d3b4e49dd4f2ee61ea7f2fdde\redhat.java\jdt_ws --pipe=\\.\pipe\lsp-22ef35e40f14d3bcce8e394b8b94c6ba-sock

Host: 11th Gen Intel(R) Core(TM) i5-1135G7 @ 2.40GHz, 8 cores, 7G,  Windows 11 , 64 bit Build 22621 (10.0.22621.4974)
Time: Wed Mar 19 17:50:24 2025 Sri Lanka Standard Time elapsed time: 35.674677 seconds (0d 0h 0m 35s)

---------------  T H R E A D  ---------------

Current thread (0x000002af59a5e7b0):  JavaThread "C2 CompilerThread0" daemon [_thread_in_native, id=15016, stack(0x000000ec79c00000,0x000000ec79d00000) (1024K)]


Current CompileTask:
C2:35674 16362   !   4       org.codehaus.plexus.interpolation.StringSearchInterpolator::interpolate (668 bytes)

Stack: [0x000000ec79c00000,0x000000ec79d00000]
Native frames: (J=compiled Java code, j=interpreted, Vv=VM code, C=native code)
V  [jvm.dll+0x6cdee9]
V  [jvm.dll+0x8a83d1]
V  [jvm.dll+0x8aa8fe]
V  [jvm.dll+0x8aafe3]
V  [jvm.dll+0x27f706]
V  [jvm.dll+0xc500d]
V  [jvm.dll+0xc5543]
V  [jvm.dll+0x3b678c]
V  [jvm.dll+0x1e0009]
V  [jvm.dll+0x247b42]
V  [jvm.dll+0x246fcf]
V  [jvm.dll+0x1c75ee]
V  [jvm.dll+0x25685a]
V  [jvm.dll+0x254dfa]
V  [jvm.dll+0x3f0256]
V  [jvm.dll+0x851f8b]
V  [jvm.dll+0x6cc5ed]
C  [ucrtbase.dll+0x29333]
C  [KERNEL32.DLL+0x1259d]
C  [ntdll.dll+0x5af38]


---------------  P R O C E S S  ---------------

Threads class SMR info:
_java_thread_list=0x000002af74605fe0, length=86, elements={
0x000002af4569bf60, 0x000002af59a50f30, 0x000002af59a52830, 0x000002af59a53ad0,
0x000002af59a56cf0, 0x000002af59a59360, 0x000002af59a59ee0, 0x000002af59a5e7b0,
0x000002af59a6a410, 0x000002af5b4f1160, 0x000002af5b81e700, 0x000002af604f78d0,
0x000002af60750900, 0x000002af60716120, 0x000002af60749fd0, 0x000002af60cebb30,
0x000002af60dd3400, 0x000002af60c3b040, 0x000002af60c3de30, 0x000002af60c3bd60,
0x000002af60c3ca80, 0x000002af60c3c3f0, 0x000002af60c3d110, 0x000002af60c3d7a0,
0x000002af60c3e4c0, 0x000002af60c3b6d0, 0x000002af62693f10, 0x000002af626945a0,
0x000002af62694c30, 0x000002af626924d0, 0x000002af626980b0, 0x000002af62697390,
0x000002af626952c0, 0x000002af62698740, 0x000002af62695950, 0x000002af62696670,
0x000002af62695fe0, 0x000002af62698dd0, 0x000002af62691e40, 0x000002af62697a20,
0x000002af626931f0, 0x000002af61686570, 0x000002af61687290, 0x000002af61687920,
0x000002af61684b30, 0x000002af61687fb0, 0x000002af61683e10, 0x000002af616830f0,
0x000002af616844a0, 0x000002af61682a60, 0x000002af61683780, 0x000002af616851c0,
0x000002af61685850, 0x000002af61688cd0, 0x000002af61681d40, 0x000002af61689360,
0x000002af616823d0, 0x000002af62699460, 0x000002af601dcd30, 0x000002af601de0e0,
0x000002af601dc010, 0x000002af601dc6a0, 0x000002af601d9220, 0x000002af601d8500,
0x000002af601dac60, 0x000002af601dee00, 0x000002af601db980, 0x000002af601da5d0,
0x000002af601dd3c0, 0x000002af601de770, 0x000002af601d7e70, 0x000002af601d8b90,
0x000002af601db2f0, 0x000002af601d98b0, 0x000002af601dda50, 0x000002af601d9f40,
0x000002af601df490, 0x000002af61e99a50, 0x000002af61e9a0e0, 0x000002af61e94b90,
0x000002af61e93150, 0x000002af61e9a770, 0x000002af61e93e70, 0x000002af6de12a90,
0x000002af61e993c0, 0x000002af61e95f40
}

Java Threads: ( => current thread )
  0x000002af4569bf60 JavaThread "main"                              [_thread_blocked, id=18828, stack(0x000000ec79200000,0x000000ec79300000) (1024K)]
  0x000002af59a50f30 JavaThread "Reference Handler"          daemon [_thread_blocked, id=15992, stack(0x000000ec79600000,0x000000ec79700000) (1024K)]
  0x000002af59a52830 JavaThread "Finalizer"                  daemon [_thread_blocked, id=13224, stack(0x000000ec79700000,0x000000ec79800000) (1024K)]
  0x000002af59a53ad0 JavaThread "Signal Dispatcher"          daemon [_thread_blocked, id=15076, stack(0x000000ec79800000,0x000000ec79900000) (1024K)]
  0x000002af59a56cf0 JavaThread "Attach Listener"            daemon [_thread_blocked, id=14636, stack(0x000000ec79900000,0x000000ec79a00000) (1024K)]
  0x000002af59a59360 JavaThread "Service Thread"             daemon [_thread_blocked, id=12860, stack(0x000000ec79a00000,0x000000ec79b00000) (1024K)]
  0x000002af59a59ee0 JavaThread "Monitor Deflation Thread"   daemon [_thread_blocked, id=15920, stack(0x000000ec79b00000,0x000000ec79c00000) (1024K)]
=>0x000002af59a5e7b0 JavaThread "C2 CompilerThread0"         daemon [_thread_in_native, id=15016, stack(0x000000ec79c00000,0x000000ec79d00000) (1024K)]
  0x000002af59a6a410 JavaThread "C1 CompilerThread0"         daemon [_thread_blocked, id=10328, stack(0x000000ec79d00000,0x000000ec79e00000) (1024K)]
  0x000002af5b4f1160 JavaThread "Common-Cleaner"             daemon [_thread_blocked, id=5252, stack(0x000000ec79e00000,0x000000ec79f00000) (1024K)]
  0x000002af5b81e700 JavaThread "Notification Thread"        daemon [_thread_blocked, id=11552, stack(0x000000ec7a100000,0x000000ec7a200000) (1024K)]
  0x000002af604f78d0 JavaThread "Active Thread: Equinox Container: 7bbdc638-393b-4169-9330-31230773bb13"        [_thread_blocked, id=4044, stack(0x000000ec7a900000,0x000000ec7aa00000) (1024K)]
  0x000002af60750900 JavaThread "Refresh Thread: Equinox Container: 7bbdc638-393b-4169-9330-31230773bb13" daemon [_thread_blocked, id=3332, stack(0x000000ec7a200000,0x000000ec7a300000) (1024K)]
  0x000002af60716120 JavaThread "Framework Event Dispatcher: Equinox Container: 7bbdc638-393b-4169-9330-31230773bb13" daemon [_thread_blocked, id=16756, stack(0x000000ec7ab00000,0x000000ec7ac00000) (1024K)]
  0x000002af60749fd0 JavaThread "Start Level: Equinox Container: 7bbdc638-393b-4169-9330-31230773bb13" daemon [_thread_blocked, id=16056, stack(0x000000ec7ac00000,0x000000ec7ad00000) (1024K)]
  0x000002af60cebb30 JavaThread "Bundle File Closer"         daemon [_thread_blocked, id=14188, stack(0x000000ec7ad00000,0x000000ec7ae00000) (1024K)]
  0x000002af60dd3400 JavaThread "SCR Component Actor"        daemon [_thread_blocked, id=5072, stack(0x000000ec7a000000,0x000000ec7a100000) (1024K)]
  0x000002af60c3b040 JavaThread "Worker-JM"                         [_thread_blocked, id=17008, stack(0x000000ec7b000000,0x000000ec7b100000) (1024K)]
  0x000002af60c3de30 JavaThread "JNA Cleaner"                daemon [_thread_blocked, id=10828, stack(0x000000ec7af00000,0x000000ec7b000000) (1024K)]
  0x000002af60c3bd60 JavaThread "Worker-0"                          [_thread_blocked, id=17176, stack(0x000000ec7b100000,0x000000ec7b200000) (1024K)]
  0x000002af60c3ca80 JavaThread "Worker-1"                          [_thread_blocked, id=15048, stack(0x000000ec7b200000,0x000000ec7b300000) (1024K)]
  0x000002af60c3c3f0 JavaThread "Worker-2: Building"                [_thread_blocked, id=19240, stack(0x000000ec7b300000,0x000000ec7b400000) (1024K)]
  0x000002af60c3d110 JavaThread "Java indexing"              daemon [_thread_blocked, id=6156, stack(0x000000ec7b500000,0x000000ec7b600000) (1024K)]
  0x000002af60c3d7a0 JavaThread "Worker-3"                          [_thread_blocked, id=2764, stack(0x000000ec7b600000,0x000000ec7b700000) (1024K)]
  0x000002af60c3e4c0 JavaThread "Worker-4"                          [_thread_blocked, id=12000, stack(0x000000ec7b700000,0x000000ec7b800000) (1024K)]
  0x000002af60c3b6d0 JavaThread "Thread-2"                   daemon [_thread_in_native, id=11236, stack(0x000000ec7b800000,0x000000ec7b900000) (1024K)]
  0x000002af62693f10 JavaThread "Thread-3"                   daemon [_thread_in_native, id=2420, stack(0x000000ec7b900000,0x000000ec7ba00000) (1024K)]
  0x000002af626945a0 JavaThread "Thread-4"                   daemon [_thread_in_native, id=15696, stack(0x000000ec7ba00000,0x000000ec7bb00000) (1024K)]
  0x000002af62694c30 JavaThread "Thread-5"                   daemon [_thread_in_native, id=16828, stack(0x000000ec7bb00000,0x000000ec7bc00000) (1024K)]
  0x000002af626924d0 JavaThread "Thread-6"                   daemon [_thread_in_native, id=12452, stack(0x000000ec7bc00000,0x000000ec7bd00000) (1024K)]
  0x000002af626980b0 JavaThread "Thread-7"                   daemon [_thread_in_native, id=11448, stack(0x000000ec7bd00000,0x000000ec7be00000) (1024K)]
  0x000002af62697390 JavaThread "Thread-8"                   daemon [_thread_in_native, id=9384, stack(0x000000ec7be00000,0x000000ec7bf00000) (1024K)]
  0x000002af626952c0 JavaThread "Thread-9"                   daemon [_thread_in_native, id=10656, stack(0x000000ec7bf00000,0x000000ec7c000000) (1024K)]
  0x000002af62698740 JavaThread "Thread-10"                  daemon [_thread_in_native, id=2316, stack(0x000000ec7c000000,0x000000ec7c100000) (1024K)]
  0x000002af62695950 JavaThread "pool-2-thread-1"                   [_thread_blocked, id=15404, stack(0x000000ec7c100000,0x000000ec7c200000) (1024K)]
  0x000002af62696670 JavaThread "WorkspaceEventsHandler"            [_thread_blocked, id=18496, stack(0x000000ec7c200000,0x000000ec7c300000) (1024K)]
  0x000002af62695fe0 JavaThread "pool-1-thread-1"                   [_thread_blocked, id=18944, stack(0x000000ec7c300000,0x000000ec7c400000) (1024K)]
  0x000002af62698dd0 JavaThread "Timer-0"                           [_thread_blocked, id=12240, stack(0x000000ec7c400000,0x000000ec7c500000) (1024K)]
  0x000002af62691e40 JavaThread "Timer-1"                           [_thread_blocked, id=12396, stack(0x000000ec7c500000,0x000000ec7c600000) (1024K)]
  0x000002af62697a20 JavaThread "Worker-5: Initialize workspace"        [_thread_blocked, id=13588, stack(0x000000ec7c600000,0x000000ec7c700000) (1024K)]
  0x000002af626931f0 JavaThread "Worker-6"                          [_thread_blocked, id=13304, stack(0x000000ec7c800000,0x000000ec7c900000) (1024K)]
  0x000002af61686570 JavaThread "Timer-2"                           [_thread_blocked, id=14696, stack(0x000000ec7ae00000,0x000000ec7af00000) (1024K)]
  0x000002af61687290 JavaThread "Exec process"                      [_thread_blocked, id=9660, stack(0x000000ec7c900000,0x000000ec7ca00000) (1024K)]
  0x000002af61687920 JavaThread "Exec process Thread 2"             [_thread_blocked, id=1936, stack(0x000000ec7ca00000,0x000000ec7cb00000) (1024K)]
  0x000002af61684b30 JavaThread "Exec process Thread 3"             [_thread_blocked, id=15664, stack(0x000000ec7cb00000,0x000000ec7cc00000) (1024K)]
  0x000002af61687fb0 JavaThread "Timer-3"                           [_thread_blocked, id=14384, stack(0x000000ec7c700000,0x000000ec7c800000) (1024K)]
  0x000002af61683e10 JavaThread "Timer-4"                           [_thread_blocked, id=1852, stack(0x000000ec7b400000,0x000000ec7b500000) (1024K)]
  0x000002af616830f0 JavaThread "Timer-5"                           [_thread_blocked, id=15388, stack(0x000000ec7cc00000,0x000000ec7cd00000) (1024K)]
  0x000002af616844a0 JavaThread "Timer-6"                           [_thread_blocked, id=13256, stack(0x000000ec7cd00000,0x000000ec7ce00000) (1024K)]
  0x000002af61682a60 JavaThread "Timer-7"                           [_thread_blocked, id=19212, stack(0x000000ec7ce00000,0x000000ec7cf00000) (1024K)]
  0x000002af61683780 JavaThread "Timer-8"                           [_thread_blocked, id=10684, stack(0x000000ec7cf00000,0x000000ec7d000000) (1024K)]
  0x000002af616851c0 JavaThread "Timer-9"                           [_thread_blocked, id=16368, stack(0x000000ec7d000000,0x000000ec7d100000) (1024K)]
  0x000002af61685850 JavaThread "ForkJoinPool.commonPool-worker-1" daemon [_thread_blocked, id=9364, stack(0x000000ec7d200000,0x000000ec7d300000) (1024K)]
  0x000002af61688cd0 JavaThread "ForkJoinPool.commonPool-worker-2" daemon [_thread_blocked, id=10676, stack(0x000000ec7d300000,0x000000ec7d400000) (1024K)]
  0x000002af61681d40 JavaThread "ForkJoinPool.commonPool-worker-3" daemon [_thread_blocked, id=9240, stack(0x000000ec7d400000,0x000000ec7d500000) (1024K)]
  0x000002af61689360 JavaThread "ForkJoinPool.commonPool-worker-4" daemon [_thread_blocked, id=15260, stack(0x000000ec7d500000,0x000000ec7d600000) (1024K)]
  0x000002af616823d0 JavaThread "ForkJoinPool.commonPool-worker-5" daemon [_thread_blocked, id=1720, stack(0x000000ec7d600000,0x000000ec7d700000) (1024K)]
  0x000002af62699460 JavaThread "Timer-10"                          [_thread_blocked, id=13624, stack(0x000000ec7d700000,0x000000ec7d800000) (1024K)]
  0x000002af601dcd30 JavaThread "ForkJoinPool.commonPool-worker-6" daemon [_thread_blocked, id=4464, stack(0x000000ec7d900000,0x000000ec7da00000) (1024K)]
  0x000002af601de0e0 JavaThread "ForkJoinPool.commonPool-worker-7" daemon [_thread_blocked, id=15968, stack(0x000000ec7da00000,0x000000ec7db00000) (1024K)]
  0x000002af601dc010 JavaThread "Timer-11"                          [_thread_blocked, id=14080, stack(0x000000ec7d800000,0x000000ec7d900000) (1024K)]
  0x000002af601dc6a0 JavaThread "LocalFile Deleter"          daemon [_thread_blocked, id=1440, stack(0x000000ec7db00000,0x000000ec7dc00000) (1024K)]
  0x000002af601d9220 JavaThread "LocalFile Deleter"          daemon [_thread_blocked, id=1940, stack(0x000000ec7dc00000,0x000000ec7dd00000) (1024K)]
  0x000002af601d8500 JavaThread "LocalFile Deleter"          daemon [_thread_blocked, id=8360, stack(0x000000ec7dd00000,0x000000ec7de00000) (1024K)]
  0x000002af601dac60 JavaThread "LocalFile Deleter"          daemon [_thread_blocked, id=17132, stack(0x000000ec7de00000,0x000000ec7df00000) (1024K)]
  0x000002af601dee00 JavaThread "LocalFile Deleter"          daemon [_thread_blocked, id=11692, stack(0x000000ec7df00000,0x000000ec7e000000) (1024K)]
  0x000002af601db980 JavaThread "LocalFile Deleter"          daemon [_thread_blocked, id=14480, stack(0x000000ec7e000000,0x000000ec7e100000) (1024K)]
  0x000002af601da5d0 JavaThread "LocalFile Deleter"          daemon [_thread_blocked, id=18748, stack(0x000000ec7e100000,0x000000ec7e200000) (1024K)]
  0x000002af601dd3c0 JavaThread "LocalFile Deleter"          daemon [_thread_blocked, id=1396, stack(0x000000ec7e200000,0x000000ec7e300000) (1024K)]
  0x000002af601de770 JavaThread "Compiler Source File Reader" daemon [_thread_blocked, id=6572, stack(0x000000ec7e300000,0x000000ec7e400000) (1024K)]
  0x000002af601d7e70 JavaThread "Compiler Source File Reader" daemon [_thread_blocked, id=18684, stack(0x000000ec7e400000,0x000000ec7e500000) (1024K)]
  0x000002af601d8b90 JavaThread "Compiler Source File Reader" daemon [_thread_blocked, id=13748, stack(0x000000ec7e500000,0x000000ec7e600000) (1024K)]
  0x000002af601db2f0 JavaThread "Compiler Source File Reader" daemon [_thread_blocked, id=8816, stack(0x000000ec7e600000,0x000000ec7e700000) (1024K)]
  0x000002af601d98b0 JavaThread "Compiler Source File Reader" daemon [_thread_blocked, id=5796, stack(0x000000ec7e700000,0x000000ec7e800000) (1024K)]
  0x000002af601dda50 JavaThread "Compiler Source File Reader" daemon [_thread_blocked, id=16640, stack(0x000000ec7e800000,0x000000ec7e900000) (1024K)]
  0x000002af601d9f40 JavaThread "Compiler Processing Task"   daemon [_thread_blocked, id=14524, stack(0x000000ec7e900000,0x000000ec7ea00000) (1024K)]
  0x000002af601df490 JavaThread "Compiler Class File Writer" daemon [_thread_blocked, id=15256, stack(0x000000ec7ea00000,0x000000ec7eb00000) (1024K)]
  0x000002af61e99a50 JavaThread "Compiler Class File Writer" daemon [_thread_blocked, id=19360, stack(0x000000ec7ec00000,0x000000ec7ed00000) (1024K)]
  0x000002af61e9a0e0 JavaThread "Compiler Class File Writer" daemon [_thread_blocked, id=13116, stack(0x000000ec7ed00000,0x000000ec7ee00000) (1024K)]
  0x000002af61e94b90 JavaThread "Compiler Class File Writer" daemon [_thread_blocked, id=14064, stack(0x000000ec7ee00000,0x000000ec7ef00000) (1024K)]
  0x000002af61e93150 JavaThread "Compiler Class File Writer" daemon [_thread_blocked, id=7400, stack(0x000000ec7ef00000,0x000000ec7f000000) (1024K)]
  0x000002af61e9a770 JavaThread "Compiler Class File Writer" daemon [_thread_blocked, id=13148, stack(0x000000ec7f000000,0x000000ec7f100000) (1024K)]
  0x000002af61e93e70 JavaThread "Worker-7"                          [_thread_blocked, id=15424, stack(0x000000ec7f100000,0x000000ec7f200000) (1024K)]
  0x000002af6de12a90 JavaThread "C2 CompilerThread1"         daemon [_thread_blocked, id=8700, stack(0x000000ec7eb00000,0x000000ec7ec00000) (1024K)]
  0x000002af61e993c0 JavaThread "Timer-12"                          [_thread_blocked, id=15052, stack(0x000000ec7f200000,0x000000ec7f300000) (1024K)]
  0x000002af61e95f40 JavaThread "Cleaner-0"                  daemon [_thread_blocked, id=9592, stack(0x000000ec7f300000,0x000000ec7f400000) (1024K)]
Total: 86

Other Threads:
  0x000002af59a32680 VMThread "VM Thread"                           [id=19260, stack(0x000000ec79500000,0x000000ec79600000) (1024K)]
  0x000002af45707730 WatcherThread "VM Periodic Task Thread"        [id=12340, stack(0x000000ec79400000,0x000000ec79500000) (1024K)]
  0x000002af456bcb60 WorkerThread "GC Thread#0"                     [id=3036, stack(0x000000ec79300000,0x000000ec79400000) (1024K)]
  0x000002af6005beb0 WorkerThread "GC Thread#1"                     [id=13884, stack(0x000000ec7a300000,0x000000ec7a400000) (1024K)]
  0x000002af6005df80 WorkerThread "GC Thread#2"                     [id=15880, stack(0x000000ec7a400000,0x000000ec7a500000) (1024K)]
  0x000002af6005e720 WorkerThread "GC Thread#3"                     [id=14988, stack(0x000000ec7a500000,0x000000ec7a600000) (1024K)]
  0x000002af6005eac0 WorkerThread "GC Thread#4"                     [id=15196, stack(0x000000ec7a600000,0x000000ec7a700000) (1024K)]
  0x000002af6005ee60 WorkerThread "GC Thread#5"                     [id=3440, stack(0x000000ec7a700000,0x000000ec7a800000) (1024K)]
  0x000002af60392760 WorkerThread "GC Thread#6"                     [id=9104, stack(0x000000ec7a800000,0x000000ec7a900000) (1024K)]
  0x000002af60882000 WorkerThread "GC Thread#7"                     [id=8704, stack(0x000000ec7aa00000,0x000000ec7ab00000) (1024K)]
Total: 10

Threads with active compile tasks:
C2 CompilerThread0  35700 16362   !   4       org.codehaus.plexus.interpolation.StringSearchInterpolator::interpolate (668 bytes)
C2 CompilerThread1  35700 16396 %     4       org.eclipse.jdt.internal.compiler.lookup.BinaryTypeBinding::createMethod @ 222 (1724 bytes)
Total: 2

VM state: at safepoint (normal execution)

VM Mutex/Monitor currently owned by a thread:  ([mutex/lock_event])
[0x00007ffac98ae380] Threads_lock - owner thread: 0x000002af59a32680
[0x00007ffac98ae480] Heap_lock - owner thread: 0x000002af616823d0

Heap address: 0x00000000c0000000, size: 1024 MB, Compressed Oops mode: 32-bit

CDS archive(s) mapped at: [0x000002af00000000-0x000002af00ba0000-0x000002af00ba0000), size 12189696, SharedBaseAddress: 0x000002af00000000, ArchiveRelocationMode: 1.
Compressed class space mapped at: 0x000002af01000000-0x000002af41000000, reserved size: 1073741824
Narrow klass base: 0x000002af00000000, Narrow klass shift: 0, Narrow klass range: 0x100000000

GC Precious Log:
 CardTable entry size: 512
 CPUs: 8 total, 8 available
 Memory: 7991M
 Large Page Support: Disabled
 NUMA Support: Disabled
 Compressed Oops: Enabled (32-bit)
 Alignments: Space 512K, Generation 512K, Heap 2M
 Heap Min Capacity: 100M
 Heap Initial Capacity: 100M
 Heap Max Capacity: 1G
 Pre-touch: Disabled
 Parallel Workers: 8

Heap:
 PSYoungGen      total 3584K, used 2815K [0x00000000eab00000, 0x00000000eaf80000, 0x0000000100000000)
  eden space 2560K, 100% used [0x00000000eab00000,0x00000000ead80000,0x00000000ead80000)
  from space 1024K, 24% used [0x00000000ead80000,0x00000000eadbfe50,0x00000000eae80000)
  to   space 512K, 100% used [0x00000000eaf00000,0x00000000eaf80000,0x00000000eaf80000)
 ParOldGen       total 371200K, used 370811K [0x00000000c0000000, 0x00000000d6a80000, 0x00000000eab00000)
  object space 371200K, 99% used [0x00000000c0000000,0x00000000d6a1ee70,0x00000000d6a80000)
 Metaspace       used 91444K, committed 93376K, reserved 1179648K
  class space    used 10422K, committed 11264K, reserved 1048576K

Card table byte_map: [0x000002af45040000,0x000002af45250000] _byte_map_base: 0x000002af44a40000

Marking Bits: (ParMarkBitMap*) 0x00007ffac98b3260
 Begin Bits: [0x000002af57890000, 0x000002af58890000)
 End Bits:   [0x000002af58890000, 0x000002af59890000)

Polling page: 0x000002af43570000

Metaspace:

Usage:
  Non-class:     79.12 MB used.
      Class:     10.18 MB used.
       Both:     89.30 MB used.

Virtual space:
  Non-class space:      128.00 MB reserved,      80.19 MB ( 63%) committed,  2 nodes.
      Class space:        1.00 GB reserved,      11.00 MB (  1%) committed,  1 nodes.
             Both:        1.12 GB reserved,      91.19 MB (  8%) committed. 

Chunk freelists:
   Non-Class:  15.41 MB
       Class:  4.81 MB
        Both:  20.22 MB

MaxMetaspaceSize: unlimited
CompressedClassSpaceSize: 1.00 GB
Initial GC threshold: 21.00 MB
Current GC threshold: 97.31 MB
CDS: on
 - commit_granule_bytes: 65536.
 - commit_granule_words: 8192.
 - virtual_space_node_default_size: 8388608.
 - enlarge_chunks_in_place: 1.
 - use_allocation_guard: 0.


Internal statistics:

num_allocs_failed_limit: 9.
num_arena_births: 1800.
num_arena_deaths: 14.
num_vsnodes_births: 3.
num_vsnodes_deaths: 0.
num_space_committed: 1459.
num_space_uncommitted: 0.
num_chunks_returned_to_freelist: 23.
num_chunks_taken_from_freelist: 6380.
num_chunk_merges: 12.
num_chunk_splits: 3827.
num_chunks_enlarged: 2044.
num_inconsistent_stats: 0.

CodeHeap 'non-profiled nmethods': size=120000Kb used=9802Kb max_used=9802Kb free=110197Kb
 bounds [0x000002af50360000, 0x000002af50d00000, 0x000002af57890000]
CodeHeap 'profiled nmethods': size=120000Kb used=35797Kb max_used=35797Kb free=84202Kb
 bounds [0x000002af48890000, 0x000002af4ab90000, 0x000002af4fdc0000]
CodeHeap 'non-nmethods': size=5760Kb used=1494Kb max_used=1595Kb free=4265Kb
 bounds [0x000002af4fdc0000, 0x000002af50030000, 0x000002af50360000]
 total_blobs=16526 nmethods=15715 adapters=713
 compilation: enabled
              stopped_count=0, restarted_count=0
 full_count=0

Compilation events (20 events):
Event: 35.647 Thread 0x000002af59a6a410 nmethod 16587 0x000002af4ab68d90 code [0x000002af4ab68fe0, 0x000002af4ab696b0]
Event: 35.647 Thread 0x000002af59a6a410 16585       2       org.apache.maven.model.interpolation.AbstractStringBasedModelInterpolator::createValueSources (302 bytes)
Event: 35.649 Thread 0x000002af59a6a410 nmethod 16585 0x000002af4ab69a10 code [0x000002af4ab69da0, 0x000002af4ab6b760]
Event: 35.650 Thread 0x000002af59a6a410 16589       3       org.apache.maven.model.building.DefaultModelBuildingRequest::getUserProperties (23 bytes)
Event: 35.650 Thread 0x000002af59a6a410 nmethod 16589 0x000002af4ab6ca10 code [0x000002af4ab6cbc0, 0x000002af4ab6ce40]
Event: 35.650 Thread 0x000002af59a6a410 16586       2       org.apache.maven.model.interpolation.AbstractStringBasedModelInterpolator::createPostProcessors (62 bytes)
Event: 35.653 Thread 0x000002af59a6a410 nmethod 16586 0x000002af4ab6cf10 code [0x000002af4ab6d100, 0x000002af4ab6d688]
Event: 35.660 Thread 0x000002af59a6a410 16592       2       org.eclipse.jdt.internal.compiler.parser.Parser::consumeMethodBody (14 bytes)
Event: 35.661 Thread 0x000002af59a6a410 nmethod 16592 0x000002af4ab6da10 code [0x000002af4ab6dba0, 0x000002af4ab6dce0]
Event: 35.661 Thread 0x000002af59a6a410 16593 %     3       org.eclipse.jdt.internal.compiler.parser.Scanner::checkTaskTag @ 70 (937 bytes)
Event: 35.665 Thread 0x000002af59a6a410 nmethod 16593% 0x000002af4ab6de10 code [0x000002af4ab6e2c0, 0x000002af4ab71560]
Event: 35.665 Thread 0x000002af59a6a410 16595       2       org.eclipse.jdt.internal.compiler.parser.Parser::pushOnGenericsStack (106 bytes)
Event: 35.665 Thread 0x000002af59a6a410 nmethod 16595 0x000002af4ab72910 code [0x000002af4ab72ae0, 0x000002af4ab72fa0]
Event: 35.665 Thread 0x000002af59a6a410 16596       3       org.eclipse.jdt.internal.compiler.parser.Scanner::checkTaskTag (937 bytes)
Event: 35.669 Thread 0x000002af59a6a410 nmethod 16596 0x000002af4ab73210 code [0x000002af4ab73680, 0x000002af4ab76520]
Event: 35.669 Thread 0x000002af59a6a410 16597       2       org.eclipse.jdt.internal.compiler.SourceElementNotifier::hasDeprecatedAnnotation (52 bytes)
Event: 35.669 Thread 0x000002af59a6a410 nmethod 16597 0x000002af4ab77710 code [0x000002af4ab778e0, 0x000002af4ab77b40]
Event: 35.669 Thread 0x000002af59a6a410 16598       2       org.eclipse.jdt.core.Signature::encodeTypeSignature (908 bytes)
Event: 35.672 Thread 0x000002af59a6a410 nmethod 16598 0x000002af4ab77d10 code [0x000002af4ab782c0, 0x000002af4ab79c78]
Event: 35.673 Thread 0x000002af59a6a410 16600   !   2       org.eclipse.jdt.internal.core.util.DeduplicationUtil::intern (61 bytes)

GC Heap History (20 events):
Event: 35.501 GC heap before
{Heap before GC invocations=418 (full 3):
 PSYoungGen      total 3072K, used 3071K [0x00000000eab00000, 0x00000000eaf80000, 0x0000000100000000)
  eden space 2560K, 99% used [0x00000000eab00000,0x00000000ead7fff0,0x00000000ead80000)
  from space 512K, 100% used [0x00000000eaf00000,0x00000000eaf80000,0x00000000eaf80000)
  to   space 1024K, 0% used [0x00000000ead80000,0x00000000ead80000,0x00000000eae80000)
 ParOldGen       total 366592K, used 366212K [0x00000000c0000000, 0x00000000d6600000, 0x00000000eab00000)
  object space 366592K, 99% used [0x00000000c0000000,0x00000000d65a1168,0x00000000d6600000)
 Metaspace       used 91218K, committed 93120K, reserved 1179648K
  class space    used 10412K, committed 11264K, reserved 1048576K
}
Event: 35.502 GC heap after
{Heap after GC invocations=418 (full 3):
 PSYoungGen      total 3584K, used 372K [0x00000000eab00000, 0x00000000eaf80000, 0x0000000100000000)
  eden space 2560K, 0% used [0x00000000eab00000,0x00000000eab00000,0x00000000ead80000)
  from space 1024K, 36% used [0x00000000ead80000,0x00000000eaddd200,0x00000000eae80000)
  to   space 512K, 0% used [0x00000000eaf00000,0x00000000eaf00000,0x00000000eaf80000)
 ParOldGen       total 366592K, used 366316K [0x00000000c0000000, 0x00000000d6600000, 0x00000000eab00000)
  object space 366592K, 99% used [0x00000000c0000000,0x00000000d65bb168,0x00000000d6600000)
 Metaspace       used 91218K, committed 93120K, reserved 1179648K
  class space    used 10412K, committed 11264K, reserved 1048576K
}
Event: 35.514 GC heap before
{Heap before GC invocations=419 (full 3):
 PSYoungGen      total 3584K, used 2932K [0x00000000eab00000, 0x00000000eaf80000, 0x0000000100000000)
  eden space 2560K, 100% used [0x00000000eab00000,0x00000000ead80000,0x00000000ead80000)
  from space 1024K, 36% used [0x00000000ead80000,0x00000000eaddd200,0x00000000eae80000)
  to   space 512K, 0% used [0x00000000eaf00000,0x00000000eaf00000,0x00000000eaf80000)
 ParOldGen       total 366592K, used 366316K [0x00000000c0000000, 0x00000000d6600000, 0x00000000eab00000)
  object space 366592K, 99% used [0x00000000c0000000,0x00000000d65bb168,0x00000000d6600000)
 Metaspace       used 91218K, committed 93120K, reserved 1179648K
  class space    used 10412K, committed 11264K, reserved 1048576K
}
Event: 35.515 GC heap after
{Heap after GC invocations=419 (full 3):
 PSYoungGen      total 3072K, used 496K [0x00000000eab00000, 0x00000000eaf80000, 0x0000000100000000)
  eden space 2560K, 0% used [0x00000000eab00000,0x00000000eab00000,0x00000000ead80000)
  from space 512K, 96% used [0x00000000eaf00000,0x00000000eaf7c010,0x00000000eaf80000)
  to   space 1024K, 0% used [0x00000000ead80000,0x00000000ead80000,0x00000000eae80000)
 ParOldGen       total 366592K, used 366480K [0x00000000c0000000, 0x00000000d6600000, 0x00000000eab00000)
  object space 366592K, 99% used [0x00000000c0000000,0x00000000d65e40d0,0x00000000d6600000)
 Metaspace       used 91218K, committed 93120K, reserved 1179648K
  class space    used 10412K, committed 11264K, reserved 1048576K
}
Event: 35.528 GC heap before
{Heap before GC invocations=420 (full 3):
 PSYoungGen      total 3072K, used 3056K [0x00000000eab00000, 0x00000000eaf80000, 0x0000000100000000)
  eden space 2560K, 100% used [0x00000000eab00000,0x00000000ead80000,0x00000000ead80000)
  from space 512K, 96% used [0x00000000eaf00000,0x00000000eaf7c010,0x00000000eaf80000)
  to   space 1024K, 0% used [0x00000000ead80000,0x00000000ead80000,0x00000000eae80000)
 ParOldGen       total 366592K, used 366480K [0x00000000c0000000, 0x00000000d6600000, 0x00000000eab00000)
  object space 366592K, 99% used [0x00000000c0000000,0x00000000d65e40d0,0x00000000d6600000)
 Metaspace       used 91218K, committed 93120K, reserved 1179648K
  class space    used 10412K, committed 11264K, reserved 1048576K
}
Event: 35.529 GC heap after
{Heap after GC invocations=420 (full 3):
 PSYoungGen      total 3584K, used 416K [0x00000000eab00000, 0x00000000eaf80000, 0x0000000100000000)
  eden space 2560K, 0% used [0x00000000eab00000,0x00000000eab00000,0x00000000ead80000)
  from space 1024K, 40% used [0x00000000ead80000,0x00000000eade8000,0x00000000eae80000)
  to   space 512K, 0% used [0x00000000eaf00000,0x00000000eaf00000,0x00000000eaf80000)
 ParOldGen       total 367104K, used 366848K [0x00000000c0000000, 0x00000000d6680000, 0x00000000eab00000)
  object space 367104K, 99% used [0x00000000c0000000,0x00000000d66400e0,0x00000000d6680000)
 Metaspace       used 91218K, committed 93120K, reserved 1179648K
  class space    used 10412K, committed 11264K, reserved 1048576K
}
Event: 35.550 GC heap before
{Heap before GC invocations=421 (full 3):
 PSYoungGen      total 3584K, used 2976K [0x00000000eab00000, 0x00000000eaf80000, 0x0000000100000000)
  eden space 2560K, 100% used [0x00000000eab00000,0x00000000ead80000,0x00000000ead80000)
  from space 1024K, 40% used [0x00000000ead80000,0x00000000eade8000,0x00000000eae80000)
  to   space 512K, 0% used [0x00000000eaf00000,0x00000000eaf00000,0x00000000eaf80000)
 ParOldGen       total 367104K, used 366848K [0x00000000c0000000, 0x00000000d6680000, 0x00000000eab00000)
  object space 367104K, 99% used [0x00000000c0000000,0x00000000d66400e0,0x00000000d6680000)
 Metaspace       used 91233K, committed 93184K, reserved 1179648K
  class space    used 10412K, committed 11264K, reserved 1048576K
}
Event: 35.552 GC heap after
{Heap after GC invocations=421 (full 3):
 PSYoungGen      total 3072K, used 352K [0x00000000eab00000, 0x00000000eaf80000, 0x0000000100000000)
  eden space 2560K, 0% used [0x00000000eab00000,0x00000000eab00000,0x00000000ead80000)
  from space 512K, 68% used [0x00000000eaf00000,0x00000000eaf58000,0x00000000eaf80000)
  to   space 512K, 0% used [0x00000000eae80000,0x00000000eae80000,0x00000000eaf00000)
 ParOldGen       total 367616K, used 367132K [0x00000000c0000000, 0x00000000d6700000, 0x00000000eab00000)
  object space 367616K, 99% used [0x00000000c0000000,0x00000000d6687110,0x00000000d6700000)
 Metaspace       used 91233K, committed 93184K, reserved 1179648K
  class space    used 10412K, committed 11264K, reserved 1048576K
}
Event: 35.569 GC heap before
{Heap before GC invocations=422 (full 3):
 PSYoungGen      total 3072K, used 2912K [0x00000000eab00000, 0x00000000eaf80000, 0x0000000100000000)
  eden space 2560K, 100% used [0x00000000eab00000,0x00000000ead80000,0x00000000ead80000)
  from space 512K, 68% used [0x00000000eaf00000,0x00000000eaf58000,0x00000000eaf80000)
  to   space 512K, 0% used [0x00000000eae80000,0x00000000eae80000,0x00000000eaf00000)
 ParOldGen       total 367616K, used 367132K [0x00000000c0000000, 0x00000000d6700000, 0x00000000eab00000)
  object space 367616K, 99% used [0x00000000c0000000,0x00000000d6687110,0x00000000d6700000)
 Metaspace       used 91261K, committed 93184K, reserved 1179648K
  class space    used 10412K, committed 11264K, reserved 1048576K
}
Event: 35.571 GC heap after
{Heap after GC invocations=422 (full 3):
 PSYoungGen      total 3072K, used 512K [0x00000000eab00000, 0x00000000eaf80000, 0x0000000100000000)
  eden space 2560K, 0% used [0x00000000eab00000,0x00000000eab00000,0x00000000ead80000)
  from space 512K, 100% used [0x00000000eae80000,0x00000000eaf00000,0x00000000eaf00000)
  to   space 512K, 0% used [0x00000000eaf00000,0x00000000eaf00000,0x00000000eaf80000)
 ParOldGen       total 367616K, used 367436K [0x00000000c0000000, 0x00000000d6700000, 0x00000000eab00000)
  object space 367616K, 99% used [0x00000000c0000000,0x00000000d66d3130,0x00000000d6700000)
 Metaspace       used 91261K, committed 93184K, reserved 1179648K
  class space    used 10412K, committed 11264K, reserved 1048576K
}
Event: 35.607 GC heap before
{Heap before GC invocations=423 (full 3):
 PSYoungGen      total 3072K, used 3072K [0x00000000eab00000, 0x00000000eaf80000, 0x0000000100000000)
  eden space 2560K, 100% used [0x00000000eab00000,0x00000000ead80000,0x00000000ead80000)
  from space 512K, 100% used [0x00000000eae80000,0x00000000eaf00000,0x00000000eaf00000)
  to   space 512K, 0% used [0x00000000eaf00000,0x00000000eaf00000,0x00000000eaf80000)
 ParOldGen       total 367616K, used 367436K [0x00000000c0000000, 0x00000000d6700000, 0x00000000eab00000)
  object space 367616K, 99% used [0x00000000c0000000,0x00000000d66d3130,0x00000000d6700000)
 Metaspace       used 91319K, committed 93248K, reserved 1179648K
  class space    used 10412K, committed 11264K, reserved 1048576K
}
Event: 35.609 GC heap after
{Heap after GC invocations=423 (full 3):
 PSYoungGen      total 3072K, used 442K [0x00000000eab00000, 0x00000000eaf80000, 0x0000000100000000)
  eden space 2560K, 0% used [0x00000000eab00000,0x00000000eab00000,0x00000000ead80000)
  from space 512K, 86% used [0x00000000eaf00000,0x00000000eaf6e900,0x00000000eaf80000)
  to   space 1024K, 0% used [0x00000000ead80000,0x00000000ead80000,0x00000000eae80000)
 ParOldGen       total 368128K, used 367676K [0x00000000c0000000, 0x00000000d6780000, 0x00000000eab00000)
  object space 368128K, 99% used [0x00000000c0000000,0x00000000d670f130,0x00000000d6780000)
 Metaspace       used 91319K, committed 93248K, reserved 1179648K
  class space    used 10412K, committed 11264K, reserved 1048576K
}
Event: 35.615 GC heap before
{Heap before GC invocations=424 (full 3):
 PSYoungGen      total 3072K, used 2996K [0x00000000eab00000, 0x00000000eaf80000, 0x0000000100000000)
  eden space 2560K, 99% used [0x00000000eab00000,0x00000000ead7ea38,0x00000000ead80000)
  from space 512K, 86% used [0x00000000eaf00000,0x00000000eaf6e900,0x00000000eaf80000)
  to   space 1024K, 0% used [0x00000000ead80000,0x00000000ead80000,0x00000000eae80000)
 ParOldGen       total 368128K, used 367676K [0x00000000c0000000, 0x00000000d6780000, 0x00000000eab00000)
  object space 368128K, 99% used [0x00000000c0000000,0x00000000d670f130,0x00000000d6780000)
 Metaspace       used 91321K, committed 93248K, reserved 1179648K
  class space    used 10412K, committed 11264K, reserved 1048576K
}
Event: 35.617 GC heap after
{Heap after GC invocations=424 (full 3):
 PSYoungGen      total 3584K, used 448K [0x00000000eab00000, 0x00000000eaf80000, 0x0000000100000000)
  eden space 2560K, 0% used [0x00000000eab00000,0x00000000eab00000,0x00000000ead80000)
  from space 1024K, 43% used [0x00000000ead80000,0x00000000eadf0000,0x00000000eae80000)
  to   space 512K, 0% used [0x00000000eaf00000,0x00000000eaf00000,0x00000000eaf80000)
 ParOldGen       total 368128K, used 367998K [0x00000000c0000000, 0x00000000d6780000, 0x00000000eab00000)
  object space 368128K, 99% used [0x00000000c0000000,0x00000000d675fab0,0x00000000d6780000)
 Metaspace       used 91321K, committed 93248K, reserved 1179648K
  class space    used 10412K, committed 11264K, reserved 1048576K
}
Event: 35.624 GC heap before
{Heap before GC invocations=425 (full 3):
 PSYoungGen      total 3584K, used 3008K [0x00000000eab00000, 0x00000000eaf80000, 0x0000000100000000)
  eden space 2560K, 100% used [0x00000000eab00000,0x00000000ead80000,0x00000000ead80000)
  from space 1024K, 43% used [0x00000000ead80000,0x00000000eadf0000,0x00000000eae80000)
  to   space 512K, 0% used [0x00000000eaf00000,0x00000000eaf00000,0x00000000eaf80000)
 ParOldGen       total 368128K, used 367998K [0x00000000c0000000, 0x00000000d6780000, 0x00000000eab00000)
  object space 368128K, 99% used [0x00000000c0000000,0x00000000d675fab0,0x00000000d6780000)
 Metaspace       used 91325K, committed 93248K, reserved 1179648K
  class space    used 10412K, committed 11264K, reserved 1048576K
}
Event: 35.626 GC heap after
{Heap after GC invocations=425 (full 3):
 PSYoungGen      total 3072K, used 320K [0x00000000eab00000, 0x00000000eaf80000, 0x0000000100000000)
  eden space 2560K, 0% used [0x00000000eab00000,0x00000000eab00000,0x00000000ead80000)
  from space 512K, 62% used [0x00000000eaf00000,0x00000000eaf50000,0x00000000eaf80000)
  to   space 512K, 0% used [0x00000000eae80000,0x00000000eae80000,0x00000000eaf00000)
 ParOldGen       total 368640K, used 368357K [0x00000000c0000000, 0x00000000d6800000, 0x00000000eab00000)
  object space 368640K, 99% used [0x00000000c0000000,0x00000000d67b9580,0x00000000d6800000)
 Metaspace       used 91325K, committed 93248K, reserved 1179648K
  class space    used 10412K, committed 11264K, reserved 1048576K
}
Event: 35.635 GC heap before
{Heap before GC invocations=426 (full 3):
 PSYoungGen      total 3072K, used 2880K [0x00000000eab00000, 0x00000000eaf80000, 0x0000000100000000)
  eden space 2560K, 100% used [0x00000000eab00000,0x00000000ead80000,0x00000000ead80000)
  from space 512K, 62% used [0x00000000eaf00000,0x00000000eaf50000,0x00000000eaf80000)
  to   space 512K, 0% used [0x00000000eae80000,0x00000000eae80000,0x00000000eaf00000)
 ParOldGen       total 368640K, used 368357K [0x00000000c0000000, 0x00000000d6800000, 0x00000000eab00000)
  object space 368640K, 99% used [0x00000000c0000000,0x00000000d67b9580,0x00000000d6800000)
 Metaspace       used 91326K, committed 93248K, reserved 1179648K
  class space    used 10412K, committed 11264K, reserved 1048576K
}
Event: 35.637 GC heap after
{Heap after GC invocations=426 (full 3):
 PSYoungGen      total 3072K, used 448K [0x00000000eab00000, 0x00000000eaf80000, 0x0000000100000000)
  eden space 2560K, 0% used [0x00000000eab00000,0x00000000eab00000,0x00000000ead80000)
  from space 512K, 87% used [0x00000000eae80000,0x00000000eaef0000,0x00000000eaf00000)
  to   space 512K, 0% used [0x00000000eaf00000,0x00000000eaf00000,0x00000000eaf80000)
 ParOldGen       total 368640K, used 368589K [0x00000000c0000000, 0x00000000d6800000, 0x00000000eab00000)
  object space 368640K, 99% used [0x00000000c0000000,0x00000000d67f3580,0x00000000d6800000)
 Metaspace       used 91326K, committed 93248K, reserved 1179648K
  class space    used 10412K, committed 11264K, reserved 1048576K
}
Event: 35.650 GC heap before
{Heap before GC invocations=427 (full 3):
 PSYoungGen      total 3072K, used 3008K [0x00000000eab00000, 0x00000000eaf80000, 0x0000000100000000)
  eden space 2560K, 100% used [0x00000000eab00000,0x00000000ead80000,0x00000000ead80000)
  from space 512K, 87% used [0x00000000eae80000,0x00000000eaef0000,0x00000000eaf00000)
  to   space 512K, 0% used [0x00000000eaf00000,0x00000000eaf00000,0x00000000eaf80000)
 ParOldGen       total 370176K, used 370069K [0x00000000c0000000, 0x00000000d6980000, 0x00000000eab00000)
  object space 370176K, 99% used [0x00000000c0000000,0x00000000d6965510,0x00000000d6980000)
 Metaspace       used 91336K, committed 93248K, reserved 1179648K
  class space    used 10412K, committed 11264K, reserved 1048576K
}
Event: 35.652 GC heap after
{Heap after GC invocations=427 (full 3):
 PSYoungGen      total 3072K, used 492K [0x00000000eab00000, 0x00000000eaf80000, 0x0000000100000000)
  eden space 2560K, 0% used [0x00000000eab00000,0x00000000eab00000,0x00000000ead80000)
  from space 512K, 96% used [0x00000000eaf00000,0x00000000eaf7b1e0,0x00000000eaf80000)
  to   space 1024K, 0% used [0x00000000ead80000,0x00000000ead80000,0x00000000eae80000)
 ParOldGen       total 370688K, used 370348K [0x00000000c0000000, 0x00000000d6a00000, 0x00000000eab00000)
  object space 370688K, 99% used [0x00000000c0000000,0x00000000d69ab2b8,0x00000000d6a00000)
 Metaspace       used 91336K, committed 93248K, reserved 1179648K
  class space    used 10412K, committed 11264K, reserved 1048576K
}

Dll operation events (15 events):
Event: 0.021 Loaded shared library c:\Users\dinet\.vscode-insiders\extensions\redhat.java-1.40.0-win32-x64\jre\21.0.6-win32-x86_64\bin\java.dll
Event: 0.120 Loaded shared library c:\Users\dinet\.vscode-insiders\extensions\redhat.java-1.40.0-win32-x64\jre\21.0.6-win32-x86_64\bin\zip.dll
Event: 0.138 Loaded shared library C:\Users\dinet\.vscode-insiders\extensions\redhat.java-1.40.0-win32-x64\jre\21.0.6-win32-x86_64\bin\instrument.dll
Event: 0.145 Loaded shared library C:\Users\dinet\.vscode-insiders\extensions\redhat.java-1.40.0-win32-x64\jre\21.0.6-win32-x86_64\bin\net.dll
Event: 0.147 Loaded shared library C:\Users\dinet\.vscode-insiders\extensions\redhat.java-1.40.0-win32-x64\jre\21.0.6-win32-x86_64\bin\nio.dll
Event: 0.150 Loaded shared library C:\Users\dinet\.vscode-insiders\extensions\redhat.java-1.40.0-win32-x64\jre\21.0.6-win32-x86_64\bin\zip.dll
Event: 0.168 Loaded shared library C:\Users\dinet\.vscode-insiders\extensions\redhat.java-1.40.0-win32-x64\jre\21.0.6-win32-x86_64\bin\jimage.dll
Event: 0.230 Loaded shared library c:\Users\dinet\.vscode-insiders\extensions\redhat.java-1.40.0-win32-x64\jre\21.0.6-win32-x86_64\bin\verify.dll
Event: 1.929 Loaded shared library C:\Users\dinet\AppData\Roaming\Code - Insiders\User\globalStorage\redhat.java\1.40.0\config_win\org.eclipse.equinox.launcher\org.eclipse.equinox.launcher.win32.win32.x86_64_1.2.1200.v20250212-0927\eclipse_11909.dll
Event: 4.730 Loaded shared library C:\Users\dinet\AppData\Local\Temp\jna-95589112\jna13642249659054046048.dll
Event: 13.548 Loaded shared library C:\Users\dinet\.gradle\native\68d5fa5c4cc2d200863cafc0d521ce42e7d3e7ee720ec0a83991735586a16f82\windows-amd64\native-platform.dll
Event: 16.397 Loaded shared library C:\Users\dinet\.vscode-insiders\extensions\redhat.java-1.40.0-win32-x64\jre\21.0.6-win32-x86_64\bin\management.dll
Event: 16.405 Loaded shared library C:\Users\dinet\.vscode-insiders\extensions\redhat.java-1.40.0-win32-x64\jre\21.0.6-win32-x86_64\bin\management_ext.dll
Event: 20.005 Loaded shared library C:\Users\dinet\.vscode-insiders\extensions\redhat.java-1.40.0-win32-x64\jre\21.0.6-win32-x86_64\bin\extnet.dll
Event: 20.108 Loaded shared library C:\Users\dinet\.vscode-insiders\extensions\redhat.java-1.40.0-win32-x64\jre\21.0.6-win32-x86_64\bin\sunmscapi.dll

Deoptimization events (20 events):
Event: 35.210 Thread 0x000002af601d9f40 Uncommon trap: trap_request=0xffffff45 fr.pc=0x000002af50a0e134 relative=0x00000000000005b4
Event: 35.210 Thread 0x000002af601d9f40 Uncommon trap: reason=unstable_if action=reinterpret pc=0x000002af50a0e134 method=lombok.eclipse.handlers.EclipseHandlerUtil.typeMatches(Ljava/lang/String;Llombok/eclipse/EclipseNode;Lorg/eclipse/jdt/internal/compiler/ast/TypeReference;)Z @ 1 c2
Event: 35.210 Thread 0x000002af601d9f40 DEOPT PACKING pc=0x000002af50a0e134 sp=0x000000ec7e9fe510
Event: 35.210 Thread 0x000002af601d9f40 DEOPT UNPACKING pc=0x000002af4fe16da2 sp=0x000000ec7e9fe490 mode 2
Event: 35.285 Thread 0x000002af60c3c3f0 DEOPT PACKING pc=0x000002af4a48a1cd sp=0x000000ec7b3fcdb0
Event: 35.285 Thread 0x000002af60c3c3f0 DEOPT UNPACKING pc=0x000002af4fe178e2 sp=0x000000ec7b3fc2e8 mode 0
Event: 35.311 Thread 0x000002af60c3c3f0 DEOPT PACKING pc=0x000002af4a48a1cd sp=0x000000ec7b3fce30
Event: 35.311 Thread 0x000002af60c3c3f0 DEOPT UNPACKING pc=0x000002af4fe178e2 sp=0x000000ec7b3fc368 mode 0
Event: 35.321 Thread 0x000002af60c3c3f0 DEOPT PACKING pc=0x000002af4a48a1cd sp=0x000000ec7b3fcb20
Event: 35.321 Thread 0x000002af60c3c3f0 DEOPT UNPACKING pc=0x000002af4fe178e2 sp=0x000000ec7b3fc058 mode 0
Event: 35.346 Thread 0x000002af616823d0 DEOPT PACKING pc=0x000002af4aa4d81a sp=0x000000ec7d6fdc70
Event: 35.346 Thread 0x000002af616823d0 DEOPT UNPACKING pc=0x000002af4fe178e2 sp=0x000000ec7d6fd1f8 mode 0
Event: 35.500 Thread 0x000002af616823d0 DEOPT PACKING pc=0x000002af4aa4d81a sp=0x000000ec7d6fd8f0
Event: 35.500 Thread 0x000002af616823d0 DEOPT UNPACKING pc=0x000002af4fe178e2 sp=0x000000ec7d6fce78 mode 0
Event: 35.517 Thread 0x000002af616823d0 DEOPT PACKING pc=0x000002af4aad9c6e sp=0x000000ec7d6fcf40
Event: 35.517 Thread 0x000002af616823d0 DEOPT UNPACKING pc=0x000002af4fe178e2 sp=0x000000ec7d6fc608 mode 0
Event: 35.522 Thread 0x000002af616823d0 DEOPT PACKING pc=0x000002af49e7ca55 sp=0x000000ec7d6fd0c0
Event: 35.522 Thread 0x000002af616823d0 DEOPT UNPACKING pc=0x000002af4fe178e2 sp=0x000000ec7d6fc578 mode 0
Event: 35.574 Thread 0x000002af616823d0 DEOPT PACKING pc=0x000002af4aad9c6e sp=0x000000ec7d6fd370
Event: 35.574 Thread 0x000002af616823d0 DEOPT UNPACKING pc=0x000002af4fe178e2 sp=0x000000ec7d6fca38 mode 0

Classes loaded (20 events):
Event: 34.043 Loading class java/io/CharArrayWriter
Event: 34.043 Loading class java/io/CharArrayWriter done
Event: 34.060 Loading class sun/nio/fs/WindowsFileCopy
Event: 34.062 Loading class sun/nio/fs/WindowsFileCopy done
Event: 35.074 Loading class jdk/internal/module/IllegalAccessLogger
Event: 35.074 Loading class jdk/internal/module/IllegalAccessLogger done
Event: 35.196 Loading class java/util/stream/ReferencePipeline$4
Event: 35.197 Loading class java/util/stream/IntPipeline$StatelessOp
Event: 35.197 Loading class java/util/stream/IntPipeline$StatelessOp done
Event: 35.198 Loading class java/util/stream/ReferencePipeline$4 done
Event: 35.204 Loading class java/util/stream/Nodes$IntFixedNodeBuilder
Event: 35.205 Loading class java/util/stream/Node$Builder$OfInt
Event: 35.206 Loading class java/util/stream/Sink$OfInt
Event: 35.206 Loading class java/util/stream/Sink$OfInt done
Event: 35.206 Loading class java/util/stream/Node$Builder$OfInt done
Event: 35.206 Loading class java/util/stream/Nodes$IntArrayNode
Event: 35.207 Loading class java/util/stream/Nodes$IntArrayNode done
Event: 35.207 Loading class java/util/stream/Nodes$IntFixedNodeBuilder done
Event: 35.207 Loading class java/util/stream/ReferencePipeline$4$1
Event: 35.208 Loading class java/util/stream/ReferencePipeline$4$1 done

Classes unloaded (7 events):
Event: 6.336 Thread 0x000002af59a32680 Unloading class 0x000002af0119c400 'java/lang/invoke/LambdaForm$MH+0x000002af0119c400'
Event: 6.336 Thread 0x000002af59a32680 Unloading class 0x000002af0119c000 'java/lang/invoke/LambdaForm$MH+0x000002af0119c000'
Event: 6.336 Thread 0x000002af59a32680 Unloading class 0x000002af0119bc00 'java/lang/invoke/LambdaForm$MH+0x000002af0119bc00'
Event: 6.336 Thread 0x000002af59a32680 Unloading class 0x000002af0119b800 'java/lang/invoke/LambdaForm$MH+0x000002af0119b800'
Event: 6.336 Thread 0x000002af59a32680 Unloading class 0x000002af0119b400 'java/lang/invoke/LambdaForm$BMH+0x000002af0119b400'
Event: 6.336 Thread 0x000002af59a32680 Unloading class 0x000002af0119b000 'java/lang/invoke/LambdaForm$DMH+0x000002af0119b000'
Event: 6.336 Thread 0x000002af59a32680 Unloading class 0x000002af01199c00 'java/lang/invoke/LambdaForm$DMH+0x000002af01199c00'

Classes redefined (0 events):
No events

Internal exceptions (20 events):
Event: 34.625 Thread 0x000002af60c3c3f0 Exception <a 'sun/nio/fs/WindowsException'{0x00000000eadbb7f0}> (0x00000000eadbb7f0) 
thrown [s\src\hotspot\share\prims\jni.cpp, line 520]
Event: 34.625 Thread 0x000002af60c3c3f0 Exception <a 'sun/nio/fs/WindowsException'{0x00000000eadbeba8}> (0x00000000eadbeba8) 
thrown [s\src\hotspot\share\prims\jni.cpp, line 520]
Event: 34.625 Thread 0x000002af60c3c3f0 Exception <a 'sun/nio/fs/WindowsException'{0x00000000eadcbbc8}> (0x00000000eadcbbc8) 
thrown [s\src\hotspot\share\prims\jni.cpp, line 520]
Event: 34.626 Thread 0x000002af60c3c3f0 Exception <a 'sun/nio/fs/WindowsException'{0x00000000eadcef00}> (0x00000000eadcef00) 
thrown [s\src\hotspot\share\prims\jni.cpp, line 520]
Event: 34.739 Thread 0x000002af60c3c3f0 Exception <a 'sun/nio/fs/WindowsException'{0x00000000eab34110}> (0x00000000eab34110) 
thrown [s\src\hotspot\share\prims\jni.cpp, line 520]
Event: 34.742 Thread 0x000002af601d9220 Exception <a 'sun/nio/fs/WindowsException'{0x00000000eab4aba8}> (0x00000000eab4aba8) 
thrown [s\src\hotspot\share\prims\jni.cpp, line 520]
Event: 34.744 Thread 0x000002af601dee00 Exception <a 'sun/nio/fs/WindowsException'{0x00000000eab8e670}> (0x00000000eab8e670) 
thrown [s\src\hotspot\share\prims\jni.cpp, line 520]
Event: 34.745 Thread 0x000002af601dd3c0 Exception <a 'sun/nio/fs/WindowsException'{0x00000000eab8f0c8}> (0x00000000eab8f0c8) 
thrown [s\src\hotspot\share\prims\jni.cpp, line 520]
Event: 34.745 Thread 0x000002af601da5d0 Exception <a 'sun/nio/fs/WindowsException'{0x00000000eab58810}> (0x00000000eab58810) 
thrown [s\src\hotspot\share\prims\jni.cpp, line 520]
Event: 34.745 Thread 0x000002af601dc6a0 Exception <a 'sun/nio/fs/WindowsException'{0x00000000eab57d98}> (0x00000000eab57d98) 
thrown [s\src\hotspot\share\prims\jni.cpp, line 520]
Event: 34.754 Thread 0x000002af601d9220 Exception <a 'sun/nio/fs/WindowsException'{0x00000000eab571e0}> (0x00000000eab571e0) 
thrown [s\src\hotspot\share\prims\jni.cpp, line 520]
Event: 34.779 Thread 0x000002af60c3c3f0 Exception <a 'sun/nio/fs/WindowsException'{0x00000000ead06920}> (0x00000000ead06920) 
thrown [s\src\hotspot\share\prims\jni.cpp, line 520]
Event: 34.780 Thread 0x000002af601d9220 Exception <a 'sun/nio/fs/WindowsException'{0x00000000ead0be08}> (0x00000000ead0be08) 
thrown [s\src\hotspot\share\prims\jni.cpp, line 520]
Event: 34.962 Thread 0x000002af626931f0 Exception <a 'sun/nio/fs/WindowsException'{0x00000000eab50e60}> (0x00000000eab50e60) 
thrown [s\src\hotspot\share\prims\jni.cpp, line 520]
Event: 34.962 Thread 0x000002af626931f0 Exception <a 'sun/nio/fs/WindowsException'{0x00000000eab5fec0}> (0x00000000eab5fec0) 
thrown [s\src\hotspot\share\prims\jni.cpp, line 520]
Event: 35.210 Thread 0x000002af601d9f40 Implicit null exception at 0x000002af50a0dba4 to 0x000002af50a0e120
Event: 35.261 Thread 0x000002af60c3c3f0 Exception <a 'sun/nio/fs/WindowsException'{0x00000000eac6c4d8}> (0x00000000eac6c4d8) 
thrown [s\src\hotspot\share\prims\jni.cpp, line 520]
Event: 35.261 Thread 0x000002af60c3c3f0 Exception <a 'sun/nio/fs/WindowsException'{0x00000000eac6cd50}> (0x00000000eac6cd50) 
thrown [s\src\hotspot\share\prims\jni.cpp, line 520]
Event: 35.262 Thread 0x000002af60c3c3f0 Exception <a 'sun/nio/fs/WindowsException'{0x00000000eac6d948}> (0x00000000eac6d948) 
thrown [s\src\hotspot\share\prims\jni.cpp, line 520]
Event: 35.262 Thread 0x000002af60c3c3f0 Exception <a 'sun/nio/fs/WindowsException'{0x00000000eac6e1e8}> (0x00000000eac6e1e8) 
thrown [s\src\hotspot\share\prims\jni.cpp, line 520]

ZGC Phase Switch (0 events):
No events

VM Operations (20 events):
Event: 35.501 Executing VM operation: ParallelGCFailedAllocation (Allocation Failure)
Event: 35.502 Executing VM operation: ParallelGCFailedAllocation (Allocation Failure) done
Event: 35.513 Executing VM operation: ParallelGCFailedAllocation (Allocation Failure)
Event: 35.515 Executing VM operation: ParallelGCFailedAllocation (Allocation Failure) done
Event: 35.528 Executing VM operation: ParallelGCFailedAllocation (Allocation Failure)
Event: 35.529 Executing VM operation: ParallelGCFailedAllocation (Allocation Failure) done
Event: 35.550 Executing VM operation: ParallelGCFailedAllocation (Allocation Failure)
Event: 35.552 Executing VM operation: ParallelGCFailedAllocation (Allocation Failure) done
Event: 35.569 Executing VM operation: ParallelGCFailedAllocation (Allocation Failure)
Event: 35.571 Executing VM operation: ParallelGCFailedAllocation (Allocation Failure) done
Event: 35.607 Executing VM operation: ParallelGCFailedAllocation (Allocation Failure)
Event: 35.609 Executing VM operation: ParallelGCFailedAllocation (Allocation Failure) done
Event: 35.615 Executing VM operation: ParallelGCFailedAllocation (Allocation Failure)
Event: 35.617 Executing VM operation: ParallelGCFailedAllocation (Allocation Failure) done
Event: 35.624 Executing VM operation: ParallelGCFailedAllocation (Allocation Failure)
Event: 35.626 Executing VM operation: ParallelGCFailedAllocation (Allocation Failure) done
Event: 35.635 Executing VM operation: ParallelGCFailedAllocation (Allocation Failure)
Event: 35.637 Executing VM operation: ParallelGCFailedAllocation (Allocation Failure) done
Event: 35.650 Executing VM operation: ParallelGCFailedAllocation (Allocation Failure)
Event: 35.652 Executing VM operation: ParallelGCFailedAllocation (Allocation Failure) done

Memory protections (0 events):
No events

Nmethod flushes (20 events):
Event: 17.903 Thread 0x000002af59a32680 flushing  nmethod 0x000002af491a7d10
Event: 17.903 Thread 0x000002af59a32680 flushing  nmethod 0x000002af491a8590
Event: 17.903 Thread 0x000002af59a32680 flushing  nmethod 0x000002af491a8990
Event: 17.903 Thread 0x000002af59a32680 flushing  nmethod 0x000002af491a8d10
Event: 17.903 Thread 0x000002af59a32680 flushing  nmethod 0x000002af491a9d10
Event: 17.903 Thread 0x000002af59a32680 flushing  nmethod 0x000002af491acd90
Event: 17.903 Thread 0x000002af59a32680 flushing  nmethod 0x000002af491bbf90
Event: 17.903 Thread 0x000002af59a32680 flushing  nmethod 0x000002af491bde10
Event: 17.903 Thread 0x000002af59a32680 flushing  nmethod 0x000002af491c0290
Event: 17.903 Thread 0x000002af59a32680 flushing  nmethod 0x000002af491c1690
Event: 17.903 Thread 0x000002af59a32680 flushing  nmethod 0x000002af491c3290
Event: 17.903 Thread 0x000002af59a32680 flushing  nmethod 0x000002af491cb910
Event: 17.903 Thread 0x000002af59a32680 flushing  nmethod 0x000002af491d3110
Event: 17.903 Thread 0x000002af59a32680 flushing  nmethod 0x000002af49233010
Event: 17.903 Thread 0x000002af59a32680 flushing  nmethod 0x000002af49240710
Event: 17.903 Thread 0x000002af59a32680 flushing  nmethod 0x000002af49246d10
Event: 17.903 Thread 0x000002af59a32680 flushing  nmethod 0x000002af4924cd10
Event: 17.903 Thread 0x000002af59a32680 flushing  nmethod 0x000002af49275090
Event: 17.903 Thread 0x000002af59a32680 flushing  nmethod 0x000002af49291b90
Event: 17.903 Thread 0x000002af59a32680 flushing  nmethod 0x000002af492b4f90

Events (20 events):
Event: 30.705 Thread 0x000002af601de0e0 Thread added: 0x000002af61e986a0
Event: 30.705 Thread 0x000002af601de0e0 Thread added: 0x000002af63c6bd70
Event: 30.706 Thread 0x000002af601de0e0 Thread added: 0x000002af63c6a330
Event: 30.706 Thread 0x000002af601de0e0 Thread added: 0x000002af63c6c400
Event: 31.500 Thread 0x000002af63c6a330 Thread exited: 0x000002af63c6a330
Event: 31.500 Thread 0x000002af61e97980 Thread exited: 0x000002af61e97980
Event: 31.500 Thread 0x000002af63c6c400 Thread exited: 0x000002af63c6c400
Event: 31.500 Thread 0x000002af61e986a0 Thread exited: 0x000002af61e986a0
Event: 31.501 Thread 0x000002af63c6bd70 Thread exited: 0x000002af63c6bd70
Event: 32.157 Thread 0x000002af61e958b0 Thread exited: 0x000002af61e958b0
Event: 33.780 Thread 0x000002af60c3c3f0 Thread added: 0x000002af63c6d120
Event: 33.780 Thread 0x000002af60c3c3f0 Thread added: 0x000002af63c68260
Event: 33.781 Thread 0x000002af60c3c3f0 Thread added: 0x000002af63c6d7b0
Event: 33.781 Thread 0x000002af60c3c3f0 Thread added: 0x000002af63c6a9c0
Event: 33.781 Thread 0x000002af60c3c3f0 Thread added: 0x000002af63c6b050
Event: 33.844 Thread 0x000002af63c6d120 Thread exited: 0x000002af63c6d120
Event: 33.844 Thread 0x000002af63c6b050 Thread exited: 0x000002af63c6b050
Event: 33.844 Thread 0x000002af63c68260 Thread exited: 0x000002af63c68260
Event: 33.844 Thread 0x000002af63c6a9c0 Thread exited: 0x000002af63c6a9c0
Event: 33.845 Thread 0x000002af63c6d7b0 Thread exited: 0x000002af63c6d7b0


Dynamic libraries:
0x00007ff6b9160000 - 0x00007ff6b916e000 	c:\Users\dinet\.vscode-insiders\extensions\redhat.java-1.40.0-win32-x64\jre\21.0.6-win32-x86_64\bin\java.exe
0x00007ffb256b0000 - 0x00007ffb258c7000 	C:\Windows\SYSTEM32\ntdll.dll
0x00007ffb24840000 - 0x00007ffb24904000 	C:\Windows\System32\KERNEL32.DLL
0x00007ffb22870000 - 0x00007ffb22c41000 	C:\Windows\System32\KERNELBASE.dll
0x00007ffb22cf0000 - 0x00007ffb22e01000 	C:\Windows\System32\ucrtbase.dll
0x00007ffb132e0000 - 0x00007ffb132f8000 	c:\Users\dinet\.vscode-insiders\extensions\redhat.java-1.40.0-win32-x64\jre\21.0.6-win32-x86_64\bin\jli.dll
0x00007ffb25220000 - 0x00007ffb253d1000 	C:\Windows\System32\USER32.dll
0x00007ffb230c0000 - 0x00007ffb230e6000 	C:\Windows\System32\win32u.dll
0x00007ffb24c60000 - 0x00007ffb24c89000 	C:\Windows\System32\GDI32.dll
0x00007ffb230f0000 - 0x00007ffb2320b000 	C:\Windows\System32\gdi32full.dll
0x00007ffb13000000 - 0x00007ffb1301e000 	c:\Users\dinet\.vscode-insiders\extensions\redhat.java-1.40.0-win32-x64\jre\21.0.6-win32-x86_64\bin\VCRUNTIME140.dll
0x00007ffb22c50000 - 0x00007ffb22cea000 	C:\Windows\System32\msvcp_win.dll
0x00007ffaf9d50000 - 0x00007ffaf9fe2000 	C:\Windows\WinSxS\amd64_microsoft.windows.common-controls_6595b64144ccf1df_6.0.22621.4830_none_270fe7d773858e80\COMCTL32.dll
0x00007ffb249c0000 - 0x00007ffb24a67000 	C:\Windows\System32\msvcrt.dll
0x00007ffb234a0000 - 0x00007ffb234d1000 	C:\Windows\System32\IMM32.DLL
0x00007ffb1a820000 - 0x00007ffb1a82c000 	c:\Users\dinet\.vscode-insiders\extensions\redhat.java-1.40.0-win32-x64\jre\21.0.6-win32-x86_64\bin\vcruntime140_1.dll
0x00007ffb09c60000 - 0x00007ffb09ced000 	c:\Users\dinet\.vscode-insiders\extensions\redhat.java-1.40.0-win32-x64\jre\21.0.6-win32-x86_64\bin\msvcp140.dll
0x00007ffac8c00000 - 0x00007ffac9990000 	c:\Users\dinet\.vscode-insiders\extensions\redhat.java-1.40.0-win32-x64\jre\21.0.6-win32-x86_64\bin\server\jvm.dll
0x00007ffb255b0000 - 0x00007ffb25661000 	C:\Windows\System32\ADVAPI32.dll
0x00007ffb24910000 - 0x00007ffb249b7000 	C:\Windows\System32\sechost.dll
0x00007ffb23350000 - 0x00007ffb23378000 	C:\Windows\System32\bcrypt.dll
0x00007ffb23930000 - 0x00007ffb23a44000 	C:\Windows\System32\RPCRT4.dll
0x00007ffb254c0000 - 0x00007ffb25531000 	C:\Windows\System32\WS2_32.dll
0x00007ffb22070000 - 0x00007ffb220bd000 	C:\Windows\SYSTEM32\POWRPROF.dll
0x00007ffb197c0000 - 0x00007ffb197ca000 	C:\Windows\SYSTEM32\VERSION.dll
0x00007ffb1fd60000 - 0x00007ffb1fd94000 	C:\Windows\SYSTEM32\WINMM.dll
0x00007ffb22050000 - 0x00007ffb22063000 	C:\Windows\SYSTEM32\UMPDC.dll
0x00007ffb21810000 - 0x00007ffb21828000 	C:\Windows\SYSTEM32\kernel.appcore.dll
0x00007ffb1a7b0000 - 0x00007ffb1a7ba000 	c:\Users\dinet\.vscode-insiders\extensions\redhat.java-1.40.0-win32-x64\jre\21.0.6-win32-x86_64\bin\jimage.dll
0x00007ffb1fae0000 - 0x00007ffb1fd12000 	C:\Windows\SYSTEM32\DBGHELP.DLL
0x00007ffb234e0000 - 0x00007ffb23870000 	C:\Windows\System32\combase.dll
0x00007ffb253e0000 - 0x00007ffb254b7000 	C:\Windows\System32\OLEAUT32.dll
0x00007ffb1fd20000 - 0x00007ffb1fd52000 	C:\Windows\SYSTEM32\dbgcore.DLL
0x00007ffb227f0000 - 0x00007ffb2286b000 	C:\Windows\System32\bcryptPrimitives.dll
0x00007ffb1a230000 - 0x00007ffb1a23f000 	c:\Users\dinet\.vscode-insiders\extensions\redhat.java-1.40.0-win32-x64\jre\21.0.6-win32-x86_64\bin\instrument.dll
0x00007ffb12580000 - 0x00007ffb1259f000 	c:\Users\dinet\.vscode-insiders\extensions\redhat.java-1.40.0-win32-x64\jre\21.0.6-win32-x86_64\bin\java.dll
0x00007ffb23a50000 - 0x00007ffb242d8000 	C:\Windows\System32\SHELL32.dll
0x00007ffb23210000 - 0x00007ffb2334f000 	C:\Windows\System32\wintypes.dll
0x00007ffb20700000 - 0x00007ffb2100d000 	C:\Windows\SYSTEM32\windows.storage.dll
0x00007ffb25080000 - 0x00007ffb2518a000 	C:\Windows\System32\SHCORE.dll
0x00007ffb242e0000 - 0x00007ffb2433e000 	C:\Windows\System32\shlwapi.dll
0x00007ffb22720000 - 0x00007ffb2274b000 	C:\Windows\SYSTEM32\profapi.dll
0x00007ffb1c890000 - 0x00007ffb1c8a8000 	c:\Users\dinet\.vscode-insiders\extensions\redhat.java-1.40.0-win32-x64\jre\21.0.6-win32-x86_64\bin\zip.dll
0x00007ffb1c880000 - 0x00007ffb1c890000 	C:\Users\dinet\.vscode-insiders\extensions\redhat.java-1.40.0-win32-x64\jre\21.0.6-win32-x86_64\bin\net.dll
0x00007ffb1dd40000 - 0x00007ffb1de6c000 	C:\Windows\SYSTEM32\WINHTTP.dll
0x00007ffb21d00000 - 0x00007ffb21d6a000 	C:\Windows\system32\mswsock.dll
0x00007ffb1a830000 - 0x00007ffb1a846000 	C:\Users\dinet\.vscode-insiders\extensions\redhat.java-1.40.0-win32-x64\jre\21.0.6-win32-x86_64\bin\nio.dll
0x00007ffb1c870000 - 0x00007ffb1c880000 	c:\Users\dinet\.vscode-insiders\extensions\redhat.java-1.40.0-win32-x64\jre\21.0.6-win32-x86_64\bin\verify.dll
0x00007ffb09930000 - 0x00007ffb09975000 	C:\Users\dinet\AppData\Roaming\Code - Insiders\User\globalStorage\redhat.java\1.40.0\config_win\org.eclipse.equinox.launcher\org.eclipse.equinox.launcher.win32.win32.x86_64_1.2.1200.v20250212-0927\eclipse_11909.dll
0x00007ffb24aa0000 - 0x00007ffb24c41000 	C:\Windows\System32\ole32.dll
0x00007ffb21f70000 - 0x00007ffb21f8b000 	C:\Windows\SYSTEM32\CRYPTSP.dll
0x00007ffb21770000 - 0x00007ffb217a7000 	C:\Windows\system32\rsaenh.dll
0x00007ffb21e10000 - 0x00007ffb21e38000 	C:\Windows\SYSTEM32\USERENV.dll
0x00007ffb22010000 - 0x00007ffb2201c000 	C:\Windows\SYSTEM32\CRYPTBASE.dll
0x00007ffb21270000 - 0x00007ffb2129d000 	C:\Windows\SYSTEM32\IPHLPAPI.DLL
0x00007ffb24c50000 - 0x00007ffb24c59000 	C:\Windows\System32\NSI.dll
0x00007ffb089b0000 - 0x00007ffb089f9000 	C:\Users\dinet\AppData\Local\Temp\jna-95589112\jna13642249659054046048.dll
0x00007ffb24a90000 - 0x00007ffb24a98000 	C:\Windows\System32\PSAPI.DLL
0x00007ffb1dc70000 - 0x00007ffb1dc89000 	C:\Windows\SYSTEM32\dhcpcsvc6.DLL
0x00007ffb1dc50000 - 0x00007ffb1dc6f000 	C:\Windows\SYSTEM32\dhcpcsvc.DLL
0x00007ffb11bc0000 - 0x00007ffb11be7000 	C:\Users\dinet\.gradle\native\68d5fa5c4cc2d200863cafc0d521ce42e7d3e7ee720ec0a83991735586a16f82\windows-amd64\native-platform.dll
0x00007ffb126a0000 - 0x00007ffb126aa000 	C:\Users\dinet\.vscode-insiders\extensions\redhat.java-1.40.0-win32-x64\jre\21.0.6-win32-x86_64\bin\management.dll
0x00007ffb120d0000 - 0x00007ffb120db000 	C:\Users\dinet\.vscode-insiders\extensions\redhat.java-1.40.0-win32-x64\jre\21.0.6-win32-x86_64\bin\management_ext.dll
0x00007ffb0a290000 - 0x00007ffb0a299000 	C:\Users\dinet\.vscode-insiders\extensions\redhat.java-1.40.0-win32-x64\jre\21.0.6-win32-x86_64\bin\extnet.dll
0x00007ffb0a1f0000 - 0x00007ffb0a1fe000 	C:\Users\dinet\.vscode-insiders\extensions\redhat.java-1.40.0-win32-x64\jre\21.0.6-win32-x86_64\bin\sunmscapi.dll
0x00007ffb22e90000 - 0x00007ffb22ff6000 	C:\Windows\System32\CRYPT32.dll
0x00007ffb221b0000 - 0x00007ffb221dd000 	C:\Windows\SYSTEM32\ncrypt.dll
0x00007ffb22170000 - 0x00007ffb221a7000 	C:\Windows\SYSTEM32\NTASN1.dll
0x00007ffaa5cd0000 - 0x00007ffaa5cd8000 	C:\Windows\system32\wshunix.dll
0x00007ffb21930000 - 0x00007ffb21964000 	C:\Windows\SYSTEM32\ntmarta.dll

dbghelp: loaded successfully - version: 4.0.5 - missing functions: none
symbol engine: initialized successfully - sym options: 0x614 - pdb path: .;c:\Users\dinet\.vscode-insiders\extensions\redhat.java-1.40.0-win32-x64\jre\21.0.6-win32-x86_64\bin;C:\Windows\SYSTEM32;C:\Windows\WinSxS\amd64_microsoft.windows.common-controls_6595b64144ccf1df_6.0.22621.4830_none_270fe7d773858e80;c:\Users\dinet\.vscode-insiders\extensions\redhat.java-1.40.0-win32-x64\jre\21.0.6-win32-x86_64\bin\server;C:\Users\dinet\AppData\Roaming\Code - Insiders\User\globalStorage\redhat.java\1.40.0\config_win\org.eclipse.equinox.launcher\org.eclipse.equinox.launcher.win32.win32.x86_64_1.2.1200.v20250212-0927;C:\Users\dinet\AppData\Local\Temp\jna-95589112;C:\Users\dinet\.gradle\native\68d5fa5c4cc2d200863cafc0d521ce42e7d3e7ee720ec0a83991735586a16f82\windows-amd64

VM Arguments:
jvm_args: --add-modules=ALL-SYSTEM --add-opens=java.base/java.util=ALL-UNNAMED --add-opens=java.base/java.lang=ALL-UNNAMED --add-opens=java.base/sun.nio.fs=ALL-UNNAMED -Declipse.application=org.eclipse.jdt.ls.core.id1 -Dosgi.bundles.defaultStartLevel=4 -Declipse.product=org.eclipse.jdt.ls.core.product -Djava.import.generatesMetadataFilesAtProjectRoot=false -DDetectVMInstallationsJob.disabled=true -Dfile.encoding=utf8 -XX:+UseParallelGC -XX:GCTimeRatio=4 -XX:AdaptiveSizePolicyWeight=90 -Dsun.zip.disableMemoryMapping=true -Xmx1G -Xms100m -Xlog:disable -javaagent:c:\Users\dinet\.vscode-insiders\extensions\redhat.java-1.40.0-win32-x64\lombok\lombok-1.18.36.jar -XX:+HeapDumpOnOutOfMemoryError -XX:HeapDumpPath=c:\Users\dinet\AppData\Roaming\Code - Insiders\User\workspaceStorage\78a03c1d3b4e49dd4f2ee61ea7f2fdde\redhat.java -Daether.dependencyCollector.impl=bf -Djdt.core.sharedIndexLocation=C:\Users\dinet\AppData\Roaming\.jdt\index 
java_command: c:\Users\dinet\.vscode-insiders\extensions\redhat.java-1.40.0-win32-x64\server\plugins\org.eclipse.equinox.launcher_1.6.1000.v20250131-0606.jar -configuration c:\Users\dinet\AppData\Roaming\Code - Insiders\User\globalStorage\redhat.java\1.40.0\config_win -data c:\Users\dinet\AppData\Roaming\Code - Insiders\User\workspaceStorage\78a03c1d3b4e49dd4f2ee61ea7f2fdde\redhat.java\jdt_ws --pipe=\\.\pipe\lsp-22ef35e40f14d3bcce8e394b8b94c6ba-sock
java_class_path (initial): c:\Users\dinet\.vscode-insiders\extensions\redhat.java-1.40.0-win32-x64\server\plugins\org.eclipse.equinox.launcher_1.6.1000.v20250131-0606.jar
Launcher Type: SUN_STANDARD

[Global flags]
    uintx AdaptiveSizePolicyWeight                 = 90                                        {product} {command line}
     intx CICompilerCount                          = 4                                         {product} {ergonomic}
    uintx GCTimeRatio                              = 4                                         {product} {command line}
     bool HeapDumpOnOutOfMemoryError               = true                                   {manageable} {command line}
    ccstr HeapDumpPath                             = c:\Users\dinet\AppData\Roaming\Code - Insiders\User\workspaceStorage\78a03c1d3b4e49dd4f2ee61ea7f2fdde\redhat.java         {manageable} {command line}
   size_t InitialHeapSize                          = 104857600                                 {product} {command line}
   size_t MaxHeapSize                              = 1073741824                                {product} {command line}
   size_t MaxNewSize                               = 357564416                                 {product} {ergonomic}
   size_t MinHeapDeltaBytes                        = 524288                                    {product} {ergonomic}
   size_t MinHeapSize                              = 104857600                                 {product} {command line}
   size_t NewSize                                  = 34603008                                  {product} {ergonomic}
    uintx NonNMethodCodeHeapSize                   = 5839372                                {pd product} {ergonomic}
    uintx NonProfiledCodeHeapSize                  = 122909434                              {pd product} {ergonomic}
   size_t OldSize                                  = 70254592                                  {product} {ergonomic}
    uintx ProfiledCodeHeapSize                     = 122909434                              {pd product} {ergonomic}
    uintx ReservedCodeCacheSize                    = 251658240                              {pd product} {ergonomic}
     bool SegmentedCodeCache                       = true                                      {product} {ergonomic}
   size_t SoftMaxHeapSize                          = 1073741824                             {manageable} {ergonomic}
     bool UseCompressedOops                        = true                           {product lp64_product} {ergonomic}
     bool UseLargePagesIndividualAllocation        = false                                  {pd product} {ergonomic}
     bool UseParallelGC                            = true                                      {product} {command line}

Logging:
Log output configuration:
 #0: stdout all=off uptime,level,tags foldmultilines=false
 #1: stderr all=off uptime,level,tags foldmultilines=false

Environment Variables:
PATH=c:\Users\dinet\AppData\Local\Programs\cursor\resources\app\bin;C:\Program Files\MySQL\MySQL Server 8.0\bin;C:\Program Files\Java\jdk-21\bin;C:\Program Files\Common Files\Oracle\Java\javapath;D:\apache-maven-3.9.9-bin\apache-maven-3.9.9\bin;C:\Windows\system32;C:\Windows;C:\Windows\System32\Wbem;C:\Windows\System32\WindowsPowerShell\v1.0\;C:\Windows\System32\OpenSSH\;C:\Program Files (x86)\Microsoft SQL Server\160\Tools\Binn\;C:\Program Files\Microsoft SQL Server\160\Tools\Binn\;C:\Program Files\Microsoft SQL Server\Client SDK\ODBC\170\Tools\Binn\;C:\Program Files\Microsoft SQL Server\160\DTS\Binn\;C:\Program Files\nodejs\;C:\Program Files\Git\cmd;C:\Users\dinet\AppData\Local\Microsoft\WindowsApps;C:\Users\dinet\AppData\Roaming\npm;c:\Users\dinet\AppData\Local\Programs\cursor\resources\app\bin;c:\Users\dinet\AppData\Local\Programs\cursor\resources\app\bin;C:\Program Files\dotnet\;C:\Program Files\MongoDB\mongosh-2.4.0-win32-x64\bin;D:\azure-cli-2.70.0-x64\bin;C:\Program Files\Docker\Docker\resources\bin;C:\Program Files\apache-maven-3.9.9-bin\apache-maven-3.9.9\bin;C:\Users\dinet\AppData\Local\Microsoft\WindowsApps;C:\Users\dinet\AppData\Local\Programs\Microsoft VS Code\bin;C:\Users\dinet\AppData\Roaming\npm;C:\Program Files\JetBrains\WebStorm 2024.3.2.1\bin;;C:\Users\dinet\AppData\Local\Programs\Microsoft VS Code Insiders\bin
USERNAME=dinet
OS=Windows_NT
PROCESSOR_IDENTIFIER=Intel64 Family 6 Model 140 Stepping 1, GenuineIntel
TMP=C:\Users\dinet\AppData\Local\Temp
TEMP=C:\Users\dinet\AppData\Local\Temp




Periodic native trim disabled

---------------  S Y S T E M  ---------------

OS:
 Windows 11 , 64 bit Build 22621 (10.0.22621.4974)
OS uptime: 0 days 2:10 hours
Hyper-V role detected

CPU: total 8 (initial active 8) (4 cores per cpu, 2 threads per core) family 6 model 140 stepping 1 microcode 0x8a, cx8, cmov, fxsr, ht, mmx, 3dnowpref, sse, sse2, sse3, ssse3, sse4.1, sse4.2, popcnt, lzcnt, tsc, tscinvbit, avx, avx2, aes, erms, clmul, bmi1, bmi2, adx, avx512f, avx512dq, avx512cd, avx512bw, avx512vl, sha, fma, vzeroupper, avx512_vpopcntdq, avx512_vpclmulqdq, avx512_vaes, avx512_vnni, clflush, clflushopt, clwb, avx512_vbmi2, avx512_vbmi, hv, rdtscp, rdpid, fsrm, gfni, avx512_bitalg, f16c, cet_ibt, cet_ss, avx512_ifma
Processor Information for the first 8 processors :
  Max Mhz: 2419, Current Mhz: 2419, Mhz Limit: 2419

Memory: 4k page, system-wide physical 7991M (233M free)
TotalPageFile size 20024M (AvailPageFile size 3M)
current process WorkingSet (physical memory assigned to process): 497M, peak: 572M
current process commit charge ("private bytes"): 768M, peak: 1089M

vm_info: OpenJDK 64-Bit Server VM (21.0.6+7-LTS) for windows-amd64 JRE (21.0.6+7-LTS), built on 2025-01-21T00:00:00Z by "admin" with MS VC++ 17.7 (VS2022)

END.
