#
# There is insufficient memory for the Java Runtime Environment to continue.
# Native memory allocation (malloc) failed to allocate 1048576 bytes. Error detail: AllocateHeap
# Possible reasons:
#   The system is out of physical RAM or swap space
#   This process is running with CompressedOops enabled, and the Java Heap may be blocking the growth of the native heap
# Possible solutions:
#   Reduce memory load on the system
#   Increase physical memory or swap space
#   Check if swap backing store is full
#   Decrease Java heap size (-Xmx/-Xms)
#   Decrease number of Java threads
#   Decrease Java thread stack sizes (-Xss)
#   Set larger code cache with -XX:ReservedCodeCacheSize=
#   JVM is running with Unscaled Compressed Oops mode in which the Java heap is
#     placed in the first 4GB address space. The Java Heap base address is the
#     maximum limit for the native heap growth. Please use -XX:HeapBaseMinAddress
#     to set the Java Heap base and to place the Java Heap above 4GB virtual address.
# This output file may be truncated or incomplete.
#
#  Out of Memory Error (allocation.cpp:44), pid=16692, tid=18188
#
# JRE version:  (21.0.6+7) (build )
# Java VM: OpenJDK 64-Bit Server VM (21.0.6+7-LTS, mixed mode, sharing, tiered, compressed oops, compressed class ptrs, parallel gc, windows-amd64)
# No core dump will be written. Minidumps are not enabled by default on client versions of Windows
#

---------------  S U M M A R Y ------------

Command Line: --add-modules=ALL-SYSTEM --add-opens=java.base/java.util=ALL-UNNAMED --add-opens=java.base/java.lang=ALL-UNNAMED --add-opens=java.base/sun.nio.fs=ALL-UNNAMED -Declipse.application=org.eclipse.jdt.ls.core.id1 -Dosgi.bundles.defaultStartLevel=4 -Declipse.product=org.eclipse.jdt.ls.core.product -Djava.import.generatesMetadataFilesAtProjectRoot=false -DDetectVMInstallationsJob.disabled=true -Dfile.encoding=utf8 -XX:+UseParallelGC -XX:GCTimeRatio=4 -XX:AdaptiveSizePolicyWeight=90 -Dsun.zip.disableMemoryMapping=true -Xmx1G -Xms100m -Xlog:disable -javaagent:c:\Users\dinet\.vscode-insiders\extensions\redhat.java-1.40.0-win32-x64\lombok\lombok-1.18.36.jar -XX:+HeapDumpOnOutOfMemoryError -XX:HeapDumpPath=c:\Users\dinet\AppData\Roaming\Code - Insiders\User\workspaceStorage\dabadabde1c83beb8ffe71b872dfda3c\redhat.java -Daether.dependencyCollector.impl=bf -Djdt.core.sharedIndexLocation=C:\Users\dinet\AppData\Roaming\.jdt\index c:\Users\dinet\.vscode-insiders\extensions\redhat.java-1.40.0-win32-x64\server\plugins\org.eclipse.equinox.launcher_1.6.1000.v20250131-0606.jar -configuration c:\Users\dinet\AppData\Roaming\Code - Insiders\User\globalStorage\redhat.java\1.40.0\config_win -data c:\Users\dinet\AppData\Roaming\Code - Insiders\User\workspaceStorage\dabadabde1c83beb8ffe71b872dfda3c\redhat.java\jdt_ws --pipe=\\.\pipe\lsp-b27327a66d46ba0fce2b6e1d77d89a03-sock

Host: 11th Gen Intel(R) Core(TM) i5-1135G7 @ 2.40GHz, 8 cores, 7G,  Windows 11 , 64 bit Build 22621 (10.0.22621.4974)
Time: Sat Mar 22 10:04:09 2025 Sri Lanka Standard Time elapsed time: 0.090858 seconds (0d 0h 0m 0s)

---------------  T H R E A D  ---------------

Current thread (0x000001ec102bb830):  JavaThread "Unknown thread" [_thread_in_vm, id=18188, stack(0x00000056cbd00000,0x00000056cbe00000) (1024K)]

Stack: [0x00000056cbd00000,0x00000056cbe00000]
Native frames: (J=compiled Java code, j=interpreted, Vv=VM code, C=native code)
V  [jvm.dll+0x6cdee9]
V  [jvm.dll+0x8a83d1]
V  [jvm.dll+0x8aa8fe]
V  [jvm.dll+0x8aafe3]
V  [jvm.dll+0x27f706]
V  [jvm.dll+0xbfb37]
V  [jvm.dll+0x702102]
V  [jvm.dll+0x702e3c]
V  [jvm.dll+0x6dcc13]
V  [jvm.dll+0x871cdc]
V  [jvm.dll+0x3bc2dc]
V  [jvm.dll+0x85a868]
V  [jvm.dll+0x45066e]
V  [jvm.dll+0x4522b1]
C  [jli.dll+0x5278]
C  [ucrtbase.dll+0x29333]
C  [KERNEL32.DLL+0x1259d]
C  [ntdll.dll+0x5af38]


---------------  P R O C E S S  ---------------

Threads class SMR info:
_java_thread_list=0x000001ec10329880, length=1, elements={
0x000001ec102bb830
}

Java Threads: ( => current thread )
=>0x000001ec102bb830 JavaThread "Unknown thread"             [_thread_in_vm, id=18188, stack(0x00000056cbd00000,0x00000056cbe00000) (1024K)]
Total: 1

Other Threads:
  0x000001ec1032a4e0 WatcherThread "VM Periodic Task Thread"        [id=17476, stack(0x00000056cbf00000,0x00000056cc000000) (1024K)]
  0x000001ec102dbf70 WorkerThread "GC Thread#0"                     [id=6816, stack(0x00000056cbe00000,0x00000056cbf00000) (1024K)]
Total: 2

Threads with active compile tasks:
Total: 0

VM state: not at safepoint (normal execution)

VM Mutex/Monitor currently owned by a thread: None

Heap address: 0x00000000c0000000, size: 1024 MB, Compressed Oops mode: 32-bit

CDS archive(s) mapped at: [0x000001ec25000000-0x000001ec25ba0000-0x000001ec25ba0000), size 12189696, SharedBaseAddress: 0x000001ec25000000, ArchiveRelocationMode: 1.
Compressed class space mapped at: 0x000001ec26000000-0x000001ec66000000, reserved size: 1073741824
Narrow klass base: 0x000001ec25000000, Narrow klass shift: 0, Narrow klass range: 0x100000000

GC Precious Log:
 CardTable entry size: 512
 CPUs: 8 total, 8 available
 Memory: 7991M
 Large Page Support: Disabled
 NUMA Support: Disabled
 Compressed Oops: Enabled (32-bit)
 Alignments: Space 512K, Generation 512K, Heap 2M
 Heap Min Capacity: 100M
 Heap Initial Capacity: 100M
 Heap Max Capacity: 1G
 Pre-touch: Disabled
 Parallel Workers: 8

Heap:
 PSYoungGen      total 29696K, used 512K [0x00000000eab00000, 0x00000000ecc00000, 0x0000000100000000)
  eden space 25600K, 2% used [0x00000000eab00000,0x00000000eab80020,0x00000000ec400000)
  from space 4096K, 0% used [0x00000000ec800000,0x00000000ec800000,0x00000000ecc00000)
  to   space 4096K, 0% used [0x00000000ec400000,0x00000000ec400000,0x00000000ec800000)
 ParOldGen       total 68608K, used 0K [0x00000000c0000000, 0x00000000c4300000, 0x00000000eab00000)
  object space 68608K, 0% used [0x00000000c0000000,0x00000000c0000000,0x00000000c4300000)
 Metaspace       used 0K, committed 0K, reserved 1048576K
  class space    used 0K, committed 0K, reserved 1048576K

Card table byte_map: [0x000001ec0fc60000,0x000001ec0fe70000] _byte_map_base: 0x000001ec0f660000

Marking Bits: (ParMarkBitMap*) 0x00007fffb9223260
 Begin Bits: [0x000001ec224b0000, 0x000001ec234b0000)
 End Bits:   [0x000001ec234b0000, 0x000001ec244b0000)

Polling page: 0x000001ec0e110000

Metaspace:

Usage:
  Non-class:      0 bytes used.
      Class:      0 bytes used.
       Both:      0 bytes used.

Virtual space:
  Non-class space:        0 bytes reserved,       0 bytes (  ?%) committed,  0 nodes.
      Class space:        1.00 GB reserved,       0 bytes (  0%) committed,  1 nodes.
             Both:        1.00 GB reserved,       0 bytes (  0%) committed. 

Chunk freelists:
   Non-Class:  0 bytes
       Class:  16.00 MB
        Both:  16.00 MB

MaxMetaspaceSize: unlimited
CompressedClassSpaceSize: 1.00 GB
Initial GC threshold: 21.00 MB
Current GC threshold: 17179869184.00 GB
CDS: on
 - commit_granule_bytes: 65536.
 - commit_granule_words: 8192.
 - virtual_space_node_default_size: 8388608.
 - enlarge_chunks_in_place: 1.
 - use_allocation_guard: 0.


Internal statistics:

num_allocs_failed_limit: 0.
num_arena_births: 0.
num_arena_deaths: 0.
num_vsnodes_births: 1.
num_vsnodes_deaths: 0.
num_space_committed: 0.
num_space_uncommitted: 0.
num_chunks_returned_to_freelist: 0.
num_chunks_taken_from_freelist: 1.
num_chunk_merges: 0.
num_chunk_splits: 1.
num_chunks_enlarged: 0.
num_inconsistent_stats: 0.

CodeHeap 'non-profiled nmethods': size=120000Kb used=0Kb max_used=0Kb free=120000Kb
 bounds [0x000001ec1af80000, 0x000001ec1b1f0000, 0x000001ec224b0000]
CodeHeap 'profiled nmethods': size=120000Kb used=0Kb max_used=0Kb free=120000Kb
 bounds [0x000001ec134b0000, 0x000001ec13720000, 0x000001ec1a9e0000]
CodeHeap 'non-nmethods': size=5760Kb used=199Kb max_used=348Kb free=5560Kb
 bounds [0x000001ec1a9e0000, 0x000001ec1ac50000, 0x000001ec1af80000]
 total_blobs=70 nmethods=0 adapters=48
 compilation: enabled
              stopped_count=0, restarted_count=0
 full_count=0

Compilation events (0 events):
No events

GC Heap History (0 events):
No events

Dll operation events (1 events):
Event: 0.009 Loaded shared library c:\Users\dinet\.vscode-insiders\extensions\redhat.java-1.40.0-win32-x64\jre\21.0.6-win32-x86_64\bin\java.dll

Deoptimization events (0 events):
No events

Classes loaded (0 events):
No events

Classes unloaded (0 events):
No events

Classes redefined (0 events):
No events

Internal exceptions (0 events):
No events

ZGC Phase Switch (0 events):
No events

VM Operations (0 events):
No events

Memory protections (0 events):
No events

Nmethod flushes (0 events):
No events

Events (1 events):
Event: 0.066 Thread 0x000001ec102bb830 Thread added: 0x000001ec102bb830


Dynamic libraries:
0x00007ff6f29a0000 - 0x00007ff6f29ae000 	c:\Users\dinet\.vscode-insiders\extensions\redhat.java-1.40.0-win32-x64\jre\21.0.6-win32-x86_64\bin\java.exe
0x00007ff836530000 - 0x00007ff836747000 	C:\Windows\SYSTEM32\ntdll.dll
0x00007ff835a10000 - 0x00007ff835ad4000 	C:\Windows\System32\KERNEL32.DLL
0x00007ff833810000 - 0x00007ff833be1000 	C:\Windows\System32\KERNELBASE.dll
0x00007ff833e70000 - 0x00007ff833f81000 	C:\Windows\System32\ucrtbase.dll
0x00007ff81b210000 - 0x00007ff81b228000 	c:\Users\dinet\.vscode-insiders\extensions\redhat.java-1.40.0-win32-x64\jre\21.0.6-win32-x86_64\bin\jli.dll
0x00007ff835ae0000 - 0x00007ff835c91000 	C:\Windows\System32\USER32.dll
0x00007ff8337e0000 - 0x00007ff833806000 	C:\Windows\System32\win32u.dll
0x00007ff835270000 - 0x00007ff835299000 	C:\Windows\System32\GDI32.dll
0x00007ff833c90000 - 0x00007ff833dab000 	C:\Windows\System32\gdi32full.dll
0x00007ff833bf0000 - 0x00007ff833c8a000 	C:\Windows\System32\msvcp_win.dll
0x00007ff81b230000 - 0x00007ff81b24e000 	c:\Users\dinet\.vscode-insiders\extensions\redhat.java-1.40.0-win32-x64\jre\21.0.6-win32-x86_64\bin\VCRUNTIME140.dll
0x00007ff809b60000 - 0x00007ff809df2000 	C:\Windows\WinSxS\amd64_microsoft.windows.common-controls_6595b64144ccf1df_6.0.22621.4830_none_270fe7d773858e80\COMCTL32.dll
0x00007ff8352a0000 - 0x00007ff835347000 	C:\Windows\System32\msvcrt.dll
0x00007ff8344e0000 - 0x00007ff834511000 	C:\Windows\System32\IMM32.DLL
0x00007ff82b550000 - 0x00007ff82b55c000 	c:\Users\dinet\.vscode-insiders\extensions\redhat.java-1.40.0-win32-x64\jre\21.0.6-win32-x86_64\bin\vcruntime140_1.dll
0x00007ff814f80000 - 0x00007ff81500d000 	c:\Users\dinet\.vscode-insiders\extensions\redhat.java-1.40.0-win32-x64\jre\21.0.6-win32-x86_64\bin\msvcp140.dll
0x00007fffb8570000 - 0x00007fffb9300000 	c:\Users\dinet\.vscode-insiders\extensions\redhat.java-1.40.0-win32-x64\jre\21.0.6-win32-x86_64\bin\server\jvm.dll
0x00007ff835d50000 - 0x00007ff835e01000 	C:\Windows\System32\ADVAPI32.dll
0x00007ff834520000 - 0x00007ff8345c7000 	C:\Windows\System32\sechost.dll
0x00007ff833670000 - 0x00007ff833698000 	C:\Windows\System32\bcrypt.dll
0x00007ff835150000 - 0x00007ff835264000 	C:\Windows\System32\RPCRT4.dll
0x00007ff835990000 - 0x00007ff835a01000 	C:\Windows\System32\WS2_32.dll
0x00007ff832ef0000 - 0x00007ff832f3d000 	C:\Windows\SYSTEM32\POWRPROF.dll
0x00007ff831010000 - 0x00007ff831044000 	C:\Windows\SYSTEM32\WINMM.dll
0x00007ff8298d0000 - 0x00007ff8298da000 	C:\Windows\SYSTEM32\VERSION.dll
0x00007ff832ed0000 - 0x00007ff832ee3000 	C:\Windows\SYSTEM32\UMPDC.dll
0x00007ff832690000 - 0x00007ff8326a8000 	C:\Windows\SYSTEM32\kernel.appcore.dll
0x00007ff823dd0000 - 0x00007ff823dda000 	c:\Users\dinet\.vscode-insiders\extensions\redhat.java-1.40.0-win32-x64\jre\21.0.6-win32-x86_64\bin\jimage.dll
0x00007ff830c40000 - 0x00007ff830e72000 	C:\Windows\SYSTEM32\DBGHELP.DLL
0x00007ff835f20000 - 0x00007ff8362b0000 	C:\Windows\System32\combase.dll
0x00007ff8362c0000 - 0x00007ff836397000 	C:\Windows\System32\OLEAUT32.dll
0x00007ff830fd0000 - 0x00007ff831002000 	C:\Windows\SYSTEM32\dbgcore.DLL
0x00007ff834180000 - 0x00007ff8341fb000 	C:\Windows\System32\bcryptPrimitives.dll
0x00007ff822e60000 - 0x00007ff822e6f000 	c:\Users\dinet\.vscode-insiders\extensions\redhat.java-1.40.0-win32-x64\jre\21.0.6-win32-x86_64\bin\instrument.dll
0x00007ff81b020000 - 0x00007ff81b03f000 	c:\Users\dinet\.vscode-insiders\extensions\redhat.java-1.40.0-win32-x64\jre\21.0.6-win32-x86_64\bin\java.dll

dbghelp: loaded successfully - version: 4.0.5 - missing functions: none
symbol engine: initialized successfully - sym options: 0x614 - pdb path: .;c:\Users\dinet\.vscode-insiders\extensions\redhat.java-1.40.0-win32-x64\jre\21.0.6-win32-x86_64\bin;C:\Windows\SYSTEM32;C:\Windows\WinSxS\amd64_microsoft.windows.common-controls_6595b64144ccf1df_6.0.22621.4830_none_270fe7d773858e80;c:\Users\dinet\.vscode-insiders\extensions\redhat.java-1.40.0-win32-x64\jre\21.0.6-win32-x86_64\bin\server

VM Arguments:
jvm_args: --add-modules=ALL-SYSTEM --add-opens=java.base/java.util=ALL-UNNAMED --add-opens=java.base/java.lang=ALL-UNNAMED --add-opens=java.base/sun.nio.fs=ALL-UNNAMED -Declipse.application=org.eclipse.jdt.ls.core.id1 -Dosgi.bundles.defaultStartLevel=4 -Declipse.product=org.eclipse.jdt.ls.core.product -Djava.import.generatesMetadataFilesAtProjectRoot=false -DDetectVMInstallationsJob.disabled=true -Dfile.encoding=utf8 -XX:+UseParallelGC -XX:GCTimeRatio=4 -XX:AdaptiveSizePolicyWeight=90 -Dsun.zip.disableMemoryMapping=true -Xmx1G -Xms100m -Xlog:disable -javaagent:c:\Users\dinet\.vscode-insiders\extensions\redhat.java-1.40.0-win32-x64\lombok\lombok-1.18.36.jar -XX:+HeapDumpOnOutOfMemoryError -XX:HeapDumpPath=c:\Users\dinet\AppData\Roaming\Code - Insiders\User\workspaceStorage\dabadabde1c83beb8ffe71b872dfda3c\redhat.java -Daether.dependencyCollector.impl=bf -Djdt.core.sharedIndexLocation=C:\Users\dinet\AppData\Roaming\.jdt\index 
java_command: c:\Users\dinet\.vscode-insiders\extensions\redhat.java-1.40.0-win32-x64\server\plugins\org.eclipse.equinox.launcher_1.6.1000.v20250131-0606.jar -configuration c:\Users\dinet\AppData\Roaming\Code - Insiders\User\globalStorage\redhat.java\1.40.0\config_win -data c:\Users\dinet\AppData\Roaming\Code - Insiders\User\workspaceStorage\dabadabde1c83beb8ffe71b872dfda3c\redhat.java\jdt_ws --pipe=\\.\pipe\lsp-b27327a66d46ba0fce2b6e1d77d89a03-sock
java_class_path (initial): c:\Users\dinet\.vscode-insiders\extensions\redhat.java-1.40.0-win32-x64\server\plugins\org.eclipse.equinox.launcher_1.6.1000.v20250131-0606.jar
Launcher Type: SUN_STANDARD

[Global flags]
    uintx AdaptiveSizePolicyWeight                 = 90                                        {product} {command line}
     intx CICompilerCount                          = 4                                         {product} {ergonomic}
    uintx GCTimeRatio                              = 4                                         {product} {command line}
     bool HeapDumpOnOutOfMemoryError               = true                                   {manageable} {command line}
    ccstr HeapDumpPath                             = c:\Users\dinet\AppData\Roaming\Code - Insiders\User\workspaceStorage\dabadabde1c83beb8ffe71b872dfda3c\redhat.java         {manageable} {command line}
   size_t InitialHeapSize                          = 104857600                                 {product} {command line}
   size_t MaxHeapSize                              = 1073741824                                {product} {command line}
   size_t MaxNewSize                               = 357564416                                 {product} {ergonomic}
   size_t MinHeapDeltaBytes                        = 524288                                    {product} {ergonomic}
   size_t MinHeapSize                              = 104857600                                 {product} {command line}
   size_t NewSize                                  = 34603008                                  {product} {ergonomic}
    uintx NonNMethodCodeHeapSize                   = 5839372                                {pd product} {ergonomic}
    uintx NonProfiledCodeHeapSize                  = 122909434                              {pd product} {ergonomic}
   size_t OldSize                                  = 70254592                                  {product} {ergonomic}
    uintx ProfiledCodeHeapSize                     = 122909434                              {pd product} {ergonomic}
    uintx ReservedCodeCacheSize                    = 251658240                              {pd product} {ergonomic}
     bool SegmentedCodeCache                       = true                                      {product} {ergonomic}
   size_t SoftMaxHeapSize                          = 1073741824                             {manageable} {ergonomic}
     bool UseCompressedOops                        = true                           {product lp64_product} {ergonomic}
     bool UseLargePagesIndividualAllocation        = false                                  {pd product} {ergonomic}
     bool UseParallelGC                            = true                                      {product} {command line}

Logging:
Log output configuration:
 #0: stdout all=off uptime,level,tags foldmultilines=false
 #1: stderr all=off uptime,level,tags foldmultilines=false

Environment Variables:
PATH=c:\Users\dinet\AppData\Local\Programs\cursor\resources\app\bin;C:\Program Files\MySQL\MySQL Server 8.0\bin;C:\Program Files\Java\jdk-21\bin;C:\Program Files\Common Files\Oracle\Java\javapath;D:\apache-maven-3.9.9-bin\apache-maven-3.9.9\bin;C:\Windows\system32;C:\Windows;C:\Windows\System32\Wbem;C:\Windows\System32\WindowsPowerShell\v1.0\;C:\Windows\System32\OpenSSH\;C:\Program Files (x86)\Microsoft SQL Server\160\Tools\Binn\;C:\Program Files\Microsoft SQL Server\160\Tools\Binn\;C:\Program Files\Microsoft SQL Server\Client SDK\ODBC\170\Tools\Binn\;C:\Program Files\Microsoft SQL Server\160\DTS\Binn\;C:\Program Files\nodejs\;C:\Program Files\Git\cmd;C:\Users\dinet\AppData\Local\Microsoft\WindowsApps;C:\Users\dinet\AppData\Roaming\npm;c:\Users\dinet\AppData\Local\Programs\cursor\resources\app\bin;c:\Users\dinet\AppData\Local\Programs\cursor\resources\app\bin;C:\Program Files\dotnet\;C:\Program Files\MongoDB\mongosh-2.4.0-win32-x64\bin;D:\azure-cli-2.70.0-x64\bin;C:\Program Files\Docker\Docker\resources\bin;C:\Program Files\apache-maven-3.9.9-bin\apache-maven-3.9.9\bin;C:\Users\dinet\AppData\Local\Microsoft\WindowsApps;C:\Users\dinet\AppData\Local\Programs\Microsoft VS Code\bin;C:\Users\dinet\AppData\Roaming\npm;C:\Program Files\JetBrains\WebStorm 2024.3.2.1\bin;;C:\Users\dinet\AppData\Local\Programs\Microsoft VS Code Insiders\bin
USERNAME=dinet
OS=Windows_NT
PROCESSOR_IDENTIFIER=Intel64 Family 6 Model 140 Stepping 1, GenuineIntel
TMP=C:\Users\dinet\AppData\Local\Temp
TEMP=C:\Users\dinet\AppData\Local\Temp




Periodic native trim disabled

---------------  S Y S T E M  ---------------

OS:
 Windows 11 , 64 bit Build 22621 (10.0.22621.4974)
OS uptime: 0 days 3:37 hours
Hyper-V role detected

CPU: total 8 (initial active 8) (4 cores per cpu, 2 threads per core) family 6 model 140 stepping 1 microcode 0x8a, cx8, cmov, fxsr, ht, mmx, 3dnowpref, sse, sse2, sse3, ssse3, sse4.1, sse4.2, popcnt, lzcnt, tsc, tscinvbit, avx, avx2, aes, erms, clmul, bmi1, bmi2, adx, avx512f, avx512dq, avx512cd, avx512bw, avx512vl, sha, fma, vzeroupper, avx512_vpopcntdq, avx512_vpclmulqdq, avx512_vaes, avx512_vnni, clflush, clflushopt, clwb, avx512_vbmi2, avx512_vbmi, hv, rdtscp, rdpid, fsrm, gfni, avx512_bitalg, f16c, cet_ibt, cet_ss, avx512_ifma
Processor Information for processor 0
  Max Mhz: 2419, Current Mhz: 2419, Mhz Limit: 2419
Processor Information for processor 1
  Max Mhz: 2419, Current Mhz: 2419, Mhz Limit: 2419
Processor Information for processor 2
  Max Mhz: 2419, Current Mhz: 2419, Mhz Limit: 2419
Processor Information for processor 3
  Max Mhz: 2419, Current Mhz: 2419, Mhz Limit: 2419
Processor Information for processor 4
  Max Mhz: 2419, Current Mhz: 2419, Mhz Limit: 2419
Processor Information for processor 5
  Max Mhz: 2419, Current Mhz: 1209, Mhz Limit: 2419
Processor Information for processor 6
  Max Mhz: 2419, Current Mhz: 1209, Mhz Limit: 2419
Processor Information for processor 7
  Max Mhz: 2419, Current Mhz: 2419, Mhz Limit: 2419

Memory: 4k page, system-wide physical 7991M (138M free)
TotalPageFile size 17644M (AvailPageFile size 6M)
current process WorkingSet (physical memory assigned to process): 25M, peak: 25M
current process commit charge ("private bytes"): 169M, peak: 170M

vm_info: OpenJDK 64-Bit Server VM (21.0.6+7-LTS) for windows-amd64 JRE (21.0.6+7-LTS), built on 2025-01-21T00:00:00Z by "admin" with MS VC++ 17.7 (VS2022)

END.
