#
# There is insufficient memory for the Java Runtime Environment to continue.
# Native memory allocation (malloc) failed to allocate 1805456 bytes. Error detail: Chunk::new
# Possible reasons:
#   The system is out of physical RAM or swap space
#   This process is running with CompressedOops enabled, and the Java Heap may be blocking the growth of the native heap
# Possible solutions:
#   Reduce memory load on the system
#   Increase physical memory or swap space
#   Check if swap backing store is full
#   Decrease Java heap size (-Xmx/-Xms)
#   Decrease number of Java threads
#   Decrease Java thread stack sizes (-Xss)
#   Set larger code cache with -XX:ReservedCodeCacheSize=
#   JVM is running with Unscaled Compressed Oops mode in which the Java heap is
#     placed in the first 4GB address space. The Java Heap base address is the
#     maximum limit for the native heap growth. Please use -XX:HeapBaseMinAddress
#     to set the Java Heap base and to place the Java Heap above 4GB virtual address.
# This output file may be truncated or incomplete.
#
#  Out of Memory Error (arena.cpp:168), pid=24396, tid=22148
#
# JRE version: OpenJDK Runtime Environment Temurin-21.0.6+7 (21.0.6+7) (build 21.0.6+7-LTS)
# Java VM: OpenJDK 64-Bit Server VM Temurin-21.0.6+7 (21.0.6+7-LTS, mixed mode, sharing, tiered, compressed oops, compressed class ptrs, parallel gc, windows-amd64)
# No core dump will be written. Minidumps are not enabled by default on client versions of Windows
#

---------------  S U M M A R Y ------------

Command Line: --add-modules=ALL-SYSTEM --add-opens=java.base/java.util=ALL-UNNAMED --add-opens=java.base/java.lang=ALL-UNNAMED --add-opens=java.base/sun.nio.fs=ALL-UNNAMED -Declipse.application=org.eclipse.jdt.ls.core.id1 -Dosgi.bundles.defaultStartLevel=4 -Declipse.product=org.eclipse.jdt.ls.core.product -Djava.import.generatesMetadataFilesAtProjectRoot=false -DDetectVMInstallationsJob.disabled=true -Dfile.encoding=utf8 -XX:+UseParallelGC -XX:GCTimeRatio=4 -XX:AdaptiveSizePolicyWeight=90 -Dsun.zip.disableMemoryMapping=true -Xmx1G -Xms100m -Xlog:disable -javaagent:c:\Users\dinet\.vscode-insiders\extensions\redhat.java-1.40.0-win32-x64\lombok\lombok-1.18.36.jar -XX:+HeapDumpOnOutOfMemoryError -XX:HeapDumpPath=c:\Users\dinet\AppData\Roaming\Code - Insiders\User\workspaceStorage\78a03c1d3b4e49dd4f2ee61ea7f2fdde\redhat.java -Daether.dependencyCollector.impl=bf -Djdt.core.sharedIndexLocation=C:\Users\dinet\AppData\Roaming\.jdt\index c:\Users\dinet\.vscode-insiders\extensions\redhat.java-1.40.0-win32-x64\server\plugins\org.eclipse.equinox.launcher_1.6.1000.v20250131-0606.jar -configuration c:\Users\dinet\AppData\Roaming\Code - Insiders\User\globalStorage\redhat.java\1.40.0\config_win -data c:\Users\dinet\AppData\Roaming\Code - Insiders\User\workspaceStorage\78a03c1d3b4e49dd4f2ee61ea7f2fdde\redhat.java\jdt_ws --pipe=\\.\pipe\lsp-59cdc12dc02e8a908d96dd5ad7cd7ca9-sock

Host: 11th Gen Intel(R) Core(TM) i5-1135G7 @ 2.40GHz, 8 cores, 7G,  Windows 11 , 64 bit Build 22621 (10.0.22621.4974)
Time: Wed Mar 19 15:22:11 2025 Sri Lanka Standard Time elapsed time: 7.920172 seconds (0d 0h 0m 7s)

---------------  T H R E A D  ---------------

Current thread (0x00000179f16c9790):  JavaThread "C2 CompilerThread0" daemon [_thread_in_native, id=22148, stack(0x0000000ac1700000,0x0000000ac1800000) (1024K)]


Current CompileTask:
C2:7920 4210       4       org.lombokweb.asm.ClassReader::readMethod (1070 bytes)

Stack: [0x0000000ac1700000,0x0000000ac1800000]
Native frames: (J=compiled Java code, j=interpreted, Vv=VM code, C=native code)
V  [jvm.dll+0x6cdee9]
V  [jvm.dll+0x8a83d1]
V  [jvm.dll+0x8aa8fe]
V  [jvm.dll+0x8aafe3]
V  [jvm.dll+0x27f706]
V  [jvm.dll+0xc500d]
V  [jvm.dll+0xc5543]
V  [jvm.dll+0x3b6752]
V  [jvm.dll+0x1dfe13]
V  [jvm.dll+0x247b42]
V  [jvm.dll+0x246fcf]
V  [jvm.dll+0x1c75ee]
V  [jvm.dll+0x25685a]
V  [jvm.dll+0x254dfa]
V  [jvm.dll+0x3f0256]
V  [jvm.dll+0x851f8b]
V  [jvm.dll+0x6cc5ed]
C  [ucrtbase.dll+0x29333]
C  [KERNEL32.DLL+0x1259d]
C  [ntdll.dll+0x5af38]


---------------  P R O C E S S  ---------------

Threads class SMR info:
_java_thread_list=0x00000179f8ced770, length=23, elements={
0x00000179dd30beb0, 0x00000179f16be540, 0x00000179f16bfd40, 0x00000179f16c30d0,
0x00000179f16c3fe0, 0x00000179f16c4ef0, 0x00000179f16c8960, 0x00000179f16c9790,
0x00000179f16e4be0, 0x00000179f3176110, 0x00000179f33a5220, 0x00000179f39c4140,
0x00000179f37de940, 0x00000179f3c52ed0, 0x00000179f3c53900, 0x00000179f8585670,
0x00000179f845fce0, 0x00000179f3ad0160, 0x00000179f84d5890, 0x00000179f84d4b70,
0x00000179f84d5f20, 0x00000179f84d3e50, 0x00000179f84d5200
}

Java Threads: ( => current thread )
  0x00000179dd30beb0 JavaThread "main"                              [_thread_blocked, id=24420, stack(0x0000000ac0d00000,0x0000000ac0e00000) (1024K)]
  0x00000179f16be540 JavaThread "Reference Handler"          daemon [_thread_blocked, id=6348, stack(0x0000000ac1100000,0x0000000ac1200000) (1024K)]
  0x00000179f16bfd40 JavaThread "Finalizer"                  daemon [_thread_blocked, id=21824, stack(0x0000000ac1200000,0x0000000ac1300000) (1024K)]
  0x00000179f16c30d0 JavaThread "Signal Dispatcher"          daemon [_thread_blocked, id=24424, stack(0x0000000ac1300000,0x0000000ac1400000) (1024K)]
  0x00000179f16c3fe0 JavaThread "Attach Listener"            daemon [_thread_blocked, id=16148, stack(0x0000000ac1400000,0x0000000ac1500000) (1024K)]
  0x00000179f16c4ef0 JavaThread "Service Thread"             daemon [_thread_blocked, id=15384, stack(0x0000000ac1500000,0x0000000ac1600000) (1024K)]
  0x00000179f16c8960 JavaThread "Monitor Deflation Thread"   daemon [_thread_blocked, id=20344, stack(0x0000000ac1600000,0x0000000ac1700000) (1024K)]
=>0x00000179f16c9790 JavaThread "C2 CompilerThread0"         daemon [_thread_in_native, id=22148, stack(0x0000000ac1700000,0x0000000ac1800000) (1024K)]
  0x00000179f16e4be0 JavaThread "C1 CompilerThread0"         daemon [_thread_blocked, id=24156, stack(0x0000000ac1800000,0x0000000ac1900000) (1024K)]
  0x00000179f3176110 JavaThread "Common-Cleaner"             daemon [_thread_blocked, id=22064, stack(0x0000000ac1900000,0x0000000ac1a00000) (1024K)]
  0x00000179f33a5220 JavaThread "Notification Thread"        daemon [_thread_blocked, id=10704, stack(0x0000000ac1a00000,0x0000000ac1b00000) (1024K)]
  0x00000179f39c4140 JavaThread "Active Thread: Equinox Container: ad526307-c642-48cf-8964-08506d159531"        [_thread_blocked, id=21640, stack(0x0000000ac2100000,0x0000000ac2200000) (1024K)]
  0x00000179f37de940 JavaThread "Refresh Thread: Equinox Container: ad526307-c642-48cf-8964-08506d159531" daemon [_thread_blocked, id=14664, stack(0x0000000ac2200000,0x0000000ac2300000) (1024K)]
  0x00000179f3c52ed0 JavaThread "Framework Event Dispatcher: Equinox Container: ad526307-c642-48cf-8964-08506d159531" daemon [_thread_blocked, id=23812, stack(0x0000000ac2400000,0x0000000ac2500000) (1024K)]
  0x00000179f3c53900 JavaThread "Start Level: Equinox Container: ad526307-c642-48cf-8964-08506d159531" daemon [_thread_in_Java, id=21912, stack(0x0000000ac2500000,0x0000000ac2600000) (1024K)]
  0x00000179f8585670 JavaThread "Bundle File Closer"         daemon [_thread_blocked, id=12244, stack(0x0000000ac2600000,0x0000000ac2700000) (1024K)]
  0x00000179f845fce0 JavaThread "SCR Component Actor"        daemon [_thread_blocked, id=19128, stack(0x0000000ac2700000,0x0000000ac2800000) (1024K)]
  0x00000179f3ad0160 JavaThread "SCR Component Registry"     daemon [_thread_blocked, id=2708, stack(0x0000000ac2800000,0x0000000ac2900000) (1024K)]
  0x00000179f84d5890 JavaThread "Worker-JM"                         [_thread_blocked, id=19296, stack(0x0000000ac2900000,0x0000000ac2a00000) (1024K)]
  0x00000179f84d4b70 JavaThread "JNA Cleaner"                daemon [_thread_blocked, id=2180, stack(0x0000000ac2a00000,0x0000000ac2b00000) (1024K)]
  0x00000179f84d5f20 JavaThread "Worker-0: Initialize After Load"        [_thread_in_vm, id=19624, stack(0x0000000ac2b00000,0x0000000ac2c00000) (1024K)]
  0x00000179f84d3e50 JavaThread "Worker-1"                          [_thread_blocked, id=18548, stack(0x0000000ac2c00000,0x0000000ac2d00000) (1024K)]
  0x00000179f84d5200 JavaThread "Java indexing"              daemon [_thread_blocked, id=22764, stack(0x0000000ac2d00000,0x0000000ac2e00000) (1024K)]
Total: 23

Other Threads:
  0x00000179f16a2cb0 VMThread "VM Thread"                           [id=2252, stack(0x0000000ac1000000,0x0000000ac1100000) (1024K)]
  0x00000179dd378c10 WatcherThread "VM Periodic Task Thread"        [id=19864, stack(0x0000000ac0f00000,0x0000000ac1000000) (1024K)]
  0x00000179dd32d610 WorkerThread "GC Thread#0"                     [id=16268, stack(0x0000000ac0e00000,0x0000000ac0f00000) (1024K)]
  0x00000179f33b2600 WorkerThread "GC Thread#1"                     [id=4592, stack(0x0000000ac1b00000,0x0000000ac1c00000) (1024K)]
  0x00000179f39af8b0 WorkerThread "GC Thread#2"                     [id=19600, stack(0x0000000ac1c00000,0x0000000ac1d00000) (1024K)]
  0x00000179f39afc50 WorkerThread "GC Thread#3"                     [id=10372, stack(0x0000000ac1d00000,0x0000000ac1e00000) (1024K)]
  0x00000179f33b29a0 WorkerThread "GC Thread#4"                     [id=19568, stack(0x0000000ac1e00000,0x0000000ac1f00000) (1024K)]
  0x00000179f33b2d40 WorkerThread "GC Thread#5"                     [id=21468, stack(0x0000000ac1f00000,0x0000000ac2000000) (1024K)]
  0x00000179f33b30e0 WorkerThread "GC Thread#6"                     [id=20588, stack(0x0000000ac2000000,0x0000000ac2100000) (1024K)]
  0x00000179f8085ab0 WorkerThread "GC Thread#7"                     [id=5772, stack(0x0000000ac2300000,0x0000000ac2400000) (1024K)]
Total: 10

Threads with active compile tasks:
C2 CompilerThread0  7950 4210       4       org.lombokweb.asm.ClassReader::readMethod (1070 bytes)
C1 CompilerThread0  7950 4509       3       jdk.internal.org.objectweb.asm.SymbolTable::put (150 bytes)
Total: 2

VM state: not at safepoint (normal execution)

VM Mutex/Monitor currently owned by a thread: None

Heap address: 0x00000000c0000000, size: 1024 MB, Compressed Oops mode: 32-bit

CDS archive(s) mapped at: [0x0000017980000000-0x0000017980ba0000-0x0000017980ba0000), size 12189696, SharedBaseAddress: 0x0000017980000000, ArchiveRelocationMode: 1.
Compressed class space mapped at: 0x0000017981000000-0x00000179c1000000, reserved size: 1073741824
Narrow klass base: 0x0000017980000000, Narrow klass shift: 0, Narrow klass range: 0x100000000

GC Precious Log:
 CardTable entry size: 512
 CPUs: 8 total, 8 available
 Memory: 7991M
 Large Page Support: Disabled
 NUMA Support: Disabled
 Compressed Oops: Enabled (32-bit)
 Alignments: Space 512K, Generation 512K, Heap 2M
 Heap Min Capacity: 100M
 Heap Initial Capacity: 100M
 Heap Max Capacity: 1G
 Pre-touch: Disabled
 Parallel Workers: 8

Heap:
 PSYoungGen      total 25088K, used 12862K [0x00000000eab00000, 0x00000000ec900000, 0x0000000100000000)
  eden space 23040K, 47% used [0x00000000eab00000,0x00000000eb596400,0x00000000ec180000)
  from space 2048K, 98% used [0x00000000ec700000,0x00000000ec8f96c8,0x00000000ec900000)
  to   space 2560K, 0% used [0x00000000ec400000,0x00000000ec400000,0x00000000ec680000)
 ParOldGen       total 68608K, used 14587K [0x00000000c0000000, 0x00000000c4300000, 0x00000000eab00000)
  object space 68608K, 21% used [0x00000000c0000000,0x00000000c0e3edb0,0x00000000c4300000)
 Metaspace       used 29890K, committed 30976K, reserved 1114112K
  class space    used 2869K, committed 3328K, reserved 1048576K

Card table byte_map: [0x00000179dccb0000,0x00000179dcec0000] _byte_map_base: 0x00000179dc6b0000

Marking Bits: (ParMarkBitMap*) 0x00007ffae8d73260
 Begin Bits: [0x00000179ef500000, 0x00000179f0500000)
 End Bits:   [0x00000179f0500000, 0x00000179f1500000)

Polling page: 0x00000179db1a0000

Metaspace:

Usage:
  Non-class:     26.39 MB used.
      Class:      2.80 MB used.
       Both:     29.19 MB used.

Virtual space:
  Non-class space:       64.00 MB reserved,      27.00 MB ( 42%) committed,  1 nodes.
      Class space:        1.00 GB reserved,       3.25 MB ( <1%) committed,  1 nodes.
             Both:        1.06 GB reserved,      30.25 MB (  3%) committed. 

Chunk freelists:
   Non-Class:  4.81 MB
       Class:  12.77 MB
        Both:  17.59 MB

MaxMetaspaceSize: unlimited
CompressedClassSpaceSize: 1.00 GB
Initial GC threshold: 21.00 MB
Current GC threshold: 35.00 MB
CDS: on
 - commit_granule_bytes: 65536.
 - commit_granule_words: 8192.
 - virtual_space_node_default_size: 8388608.
 - enlarge_chunks_in_place: 1.
 - use_allocation_guard: 0.


Internal statistics:

num_allocs_failed_limit: 5.
num_arena_births: 830.
num_arena_deaths: 14.
num_vsnodes_births: 2.
num_vsnodes_deaths: 0.
num_space_committed: 484.
num_space_uncommitted: 0.
num_chunks_returned_to_freelist: 19.
num_chunks_taken_from_freelist: 2041.
num_chunk_merges: 6.
num_chunk_splits: 1321.
num_chunks_enlarged: 810.
num_inconsistent_stats: 0.

CodeHeap 'non-profiled nmethods': size=120000Kb used=1804Kb max_used=1804Kb free=118195Kb
 bounds [0x00000179e7fd0000, 0x00000179e8240000, 0x00000179ef500000]
CodeHeap 'profiled nmethods': size=120000Kb used=9503Kb max_used=9503Kb free=110496Kb
 bounds [0x00000179e0500000, 0x00000179e0e50000, 0x00000179e7a30000]
CodeHeap 'non-nmethods': size=5760Kb used=1356Kb max_used=1356Kb free=4403Kb
 bounds [0x00000179e7a30000, 0x00000179e7ca0000, 0x00000179e7fd0000]
 total_blobs=5115 nmethods=4477 adapters=544
 compilation: enabled
              stopped_count=0, restarted_count=0
 full_count=0

Compilation events (20 events):
Event: 7.888 Thread 0x00000179f16e4be0 4477       3       java.lang.String::getBytes (44 bytes)
Event: 7.889 Thread 0x00000179f16e4be0 nmethod 4477 0x00000179e0e37410 code [0x00000179e0e375e0, 0x00000179e0e378e8]
Event: 7.889 Thread 0x00000179f16e4be0 4478       2       java.lang.invoke.MethodHandle::asFixedArity (23 bytes)
Event: 7.889 Thread 0x00000179f16e4be0 nmethod 4478 0x00000179e0e37a10 code [0x00000179e0e37ba0, 0x00000179e0e37ca8]
Event: 7.890 Thread 0x00000179f16e4be0 4479       2       org.eclipse.core.internal.registry.ConfigurationElementHandle::getName (8 bytes)
Event: 7.891 Thread 0x00000179f16e4be0 nmethod 4479 0x00000179e0e37d10 code [0x00000179e0e37ec0, 0x00000179e0e38048]
Event: 7.891 Thread 0x00000179f16e4be0 4480       1       java.util.concurrent.locks.ReentrantReadWriteLock$NonfairSync::writerShouldBlock (2 bytes)
Event: 7.891 Thread 0x00000179f16e4be0 nmethod 4480 0x00000179e8192b10 code [0x00000179e8192ca0, 0x00000179e8192d68]
Event: 7.896 Thread 0x00000179f16e4be0 4481       3       java.lang.AbstractStringBuilder::append (67 bytes)
Event: 7.897 Thread 0x00000179f16e4be0 nmethod 4481 0x00000179e0e38190 code [0x00000179e0e383a0, 0x00000179e0e38a20]
Event: 7.897 Thread 0x00000179f16e4be0 4482   !   2       org.osgi.util.tracker.AbstractTracked::track (97 bytes)
Event: 7.898 Thread 0x00000179f16e4be0 nmethod 4482 0x00000179e0e38c10 code [0x00000179e0e38e20, 0x00000179e0e39280]
Event: 7.898 Thread 0x00000179f16e4be0 4483       2       org.eclipse.osgi.internal.loader.BundleLoader::createExportPackageSource (90 bytes)
Event: 7.898 Thread 0x00000179f16e4be0 nmethod 4483 0x00000179e0e39490 code [0x00000179e0e396c0, 0x00000179e0e39c40]
Event: 7.904 Thread 0x00000179f16e4be0 4485       2       java.lang.Class::forName (24 bytes)
Event: 7.904 Thread 0x00000179f16e4be0 nmethod 4485 0x00000179e0e39f10 code [0x00000179e0e3a0c0, 0x00000179e0e3a1c8]
Event: 7.905 Thread 0x00000179f16e4be0 4486       2       java.lang.Class::forName (41 bytes)
Event: 7.905 Thread 0x00000179f16e4be0 nmethod 4486 0x00000179e0e3a290 code [0x00000179e0e3a440, 0x00000179e0e3a540]
Event: 7.906 Thread 0x00000179f16e4be0 4487       1       java.lang.reflect.Method::getRoot (5 bytes)
Event: 7.906 Thread 0x00000179f16e4be0 nmethod 4487 0x00000179e8192e10 code [0x00000179e8192fa0, 0x00000179e8193068]

GC Heap History (20 events):
Event: 2.024 GC heap before
{Heap before GC invocations=2 (full 0):
 PSYoungGen      total 29696K, used 28782K [0x00000000eab00000, 0x00000000ecc00000, 0x0000000100000000)
  eden space 25600K, 100% used [0x00000000eab00000,0x00000000ec400000,0x00000000ec400000)
  from space 4096K, 77% used [0x00000000ec400000,0x00000000ec71baa0,0x00000000ec800000)
  to   space 4096K, 0% used [0x00000000ec800000,0x00000000ec800000,0x00000000ecc00000)
 ParOldGen       total 68608K, used 0K [0x00000000c0000000, 0x00000000c4300000, 0x00000000eab00000)
  object space 68608K, 0% used [0x00000000c0000000,0x00000000c0000000,0x00000000c4300000)
 Metaspace       used 7835K, committed 8128K, reserved 1114112K
  class space    used 762K, committed 896K, reserved 1048576K
}
Event: 2.029 GC heap after
{Heap after GC invocations=2 (full 0):
 PSYoungGen      total 29696K, used 4068K [0x00000000eab00000, 0x00000000ecc00000, 0x0000000100000000)
  eden space 25600K, 0% used [0x00000000eab00000,0x00000000eab00000,0x00000000ec400000)
  from space 4096K, 99% used [0x00000000ec800000,0x00000000ecbf9158,0x00000000ecc00000)
  to   space 4096K, 0% used [0x00000000ec400000,0x00000000ec400000,0x00000000ec800000)
 ParOldGen       total 68608K, used 1708K [0x00000000c0000000, 0x00000000c4300000, 0x00000000eab00000)
  object space 68608K, 2% used [0x00000000c0000000,0x00000000c01ab218,0x00000000c4300000)
 Metaspace       used 7835K, committed 8128K, reserved 1114112K
  class space    used 762K, committed 896K, reserved 1048576K
}
Event: 2.939 GC heap before
{Heap before GC invocations=3 (full 0):
 PSYoungGen      total 29696K, used 29660K [0x00000000eab00000, 0x00000000ecc00000, 0x0000000100000000)
  eden space 25600K, 99% used [0x00000000eab00000,0x00000000ec3fe190,0x00000000ec400000)
  from space 4096K, 99% used [0x00000000ec800000,0x00000000ecbf9158,0x00000000ecc00000)
  to   space 4096K, 0% used [0x00000000ec400000,0x00000000ec400000,0x00000000ec800000)
 ParOldGen       total 68608K, used 1708K [0x00000000c0000000, 0x00000000c4300000, 0x00000000eab00000)
  object space 68608K, 2% used [0x00000000c0000000,0x00000000c01ab218,0x00000000c4300000)
 Metaspace       used 9125K, committed 9472K, reserved 1114112K
  class space    used 911K, committed 1088K, reserved 1048576K
}
Event: 2.946 GC heap after
{Heap after GC invocations=3 (full 0):
 PSYoungGen      total 29696K, used 4094K [0x00000000eab00000, 0x00000000ecc00000, 0x0000000100000000)
  eden space 25600K, 0% used [0x00000000eab00000,0x00000000eab00000,0x00000000ec400000)
  from space 4096K, 99% used [0x00000000ec400000,0x00000000ec7ffa58,0x00000000ec800000)
  to   space 4096K, 0% used [0x00000000ec800000,0x00000000ec800000,0x00000000ecc00000)
 ParOldGen       total 68608K, used 5773K [0x00000000c0000000, 0x00000000c4300000, 0x00000000eab00000)
  object space 68608K, 8% used [0x00000000c0000000,0x00000000c05a3688,0x00000000c4300000)
 Metaspace       used 9125K, committed 9472K, reserved 1114112K
  class space    used 911K, committed 1088K, reserved 1048576K
}
Event: 4.406 GC heap before
{Heap before GC invocations=4 (full 0):
 PSYoungGen      total 29696K, used 29694K [0x00000000eab00000, 0x00000000ecc00000, 0x0000000100000000)
  eden space 25600K, 100% used [0x00000000eab00000,0x00000000ec400000,0x00000000ec400000)
  from space 4096K, 99% used [0x00000000ec400000,0x00000000ec7ffa58,0x00000000ec800000)
  to   space 4096K, 0% used [0x00000000ec800000,0x00000000ec800000,0x00000000ecc00000)
 ParOldGen       total 68608K, used 5773K [0x00000000c0000000, 0x00000000c4300000, 0x00000000eab00000)
  object space 68608K, 8% used [0x00000000c0000000,0x00000000c05a3688,0x00000000c4300000)
 Metaspace       used 12169K, committed 12544K, reserved 1114112K
  class space    used 1204K, committed 1344K, reserved 1048576K
}
Event: 4.413 GC heap after
{Heap after GC invocations=4 (full 0):
 PSYoungGen      total 29696K, used 4064K [0x00000000eab00000, 0x00000000ecc00000, 0x0000000100000000)
  eden space 25600K, 0% used [0x00000000eab00000,0x00000000eab00000,0x00000000ec400000)
  from space 4096K, 99% used [0x00000000ec800000,0x00000000ecbf8320,0x00000000ecc00000)
  to   space 4096K, 0% used [0x00000000ec400000,0x00000000ec400000,0x00000000ec800000)
 ParOldGen       total 68608K, used 6728K [0x00000000c0000000, 0x00000000c4300000, 0x00000000eab00000)
  object space 68608K, 9% used [0x00000000c0000000,0x00000000c0692310,0x00000000c4300000)
 Metaspace       used 12169K, committed 12544K, reserved 1114112K
  class space    used 1204K, committed 1344K, reserved 1048576K
}
Event: 5.362 GC heap before
{Heap before GC invocations=5 (full 0):
 PSYoungGen      total 29696K, used 29664K [0x00000000eab00000, 0x00000000ecc00000, 0x0000000100000000)
  eden space 25600K, 100% used [0x00000000eab00000,0x00000000ec400000,0x00000000ec400000)
  from space 4096K, 99% used [0x00000000ec800000,0x00000000ecbf8320,0x00000000ecc00000)
  to   space 4096K, 0% used [0x00000000ec400000,0x00000000ec400000,0x00000000ec800000)
 ParOldGen       total 68608K, used 6728K [0x00000000c0000000, 0x00000000c4300000, 0x00000000eab00000)
  object space 68608K, 9% used [0x00000000c0000000,0x00000000c0692310,0x00000000c4300000)
 Metaspace       used 16069K, committed 16704K, reserved 1114112K
  class space    used 1580K, committed 1856K, reserved 1048576K
}
Event: 5.367 GC heap after
{Heap after GC invocations=5 (full 0):
 PSYoungGen      total 29184K, used 4084K [0x00000000eab00000, 0x00000000ecf80000, 0x0000000100000000)
  eden space 25088K, 0% used [0x00000000eab00000,0x00000000eab00000,0x00000000ec380000)
  from space 4096K, 99% used [0x00000000ec400000,0x00000000ec7fd288,0x00000000ec800000)
  to   space 6144K, 0% used [0x00000000ec980000,0x00000000ec980000,0x00000000ecf80000)
 ParOldGen       total 68608K, used 8236K [0x00000000c0000000, 0x00000000c4300000, 0x00000000eab00000)
  object space 68608K, 12% used [0x00000000c0000000,0x00000000c080b290,0x00000000c4300000)
 Metaspace       used 16069K, committed 16704K, reserved 1114112K
  class space    used 1580K, committed 1856K, reserved 1048576K
}
Event: 6.347 GC heap before
{Heap before GC invocations=6 (full 0):
 PSYoungGen      total 29184K, used 29172K [0x00000000eab00000, 0x00000000ecf80000, 0x0000000100000000)
  eden space 25088K, 100% used [0x00000000eab00000,0x00000000ec380000,0x00000000ec380000)
  from space 4096K, 99% used [0x00000000ec400000,0x00000000ec7fd288,0x00000000ec800000)
  to   space 6144K, 0% used [0x00000000ec980000,0x00000000ec980000,0x00000000ecf80000)
 ParOldGen       total 68608K, used 8236K [0x00000000c0000000, 0x00000000c4300000, 0x00000000eab00000)
  object space 68608K, 12% used [0x00000000c0000000,0x00000000c080b290,0x00000000c4300000)
 Metaspace       used 18717K, committed 19520K, reserved 1114112K
  class space    used 1878K, committed 2176K, reserved 1048576K
}
Event: 6.355 GC heap after
{Heap after GC invocations=6 (full 0):
 PSYoungGen      total 30208K, used 5206K [0x00000000eab00000, 0x00000000ecf00000, 0x0000000100000000)
  eden space 24576K, 0% used [0x00000000eab00000,0x00000000eab00000,0x00000000ec300000)
  from space 5632K, 92% used [0x00000000ec980000,0x00000000ece95b40,0x00000000ecf00000)
  to   space 5632K, 0% used [0x00000000ec400000,0x00000000ec400000,0x00000000ec980000)
 ParOldGen       total 68608K, used 8244K [0x00000000c0000000, 0x00000000c4300000, 0x00000000eab00000)
  object space 68608K, 12% used [0x00000000c0000000,0x00000000c080d290,0x00000000c4300000)
 Metaspace       used 18717K, committed 19520K, reserved 1114112K
  class space    used 1878K, committed 2176K, reserved 1048576K
}
Event: 6.883 GC heap before
{Heap before GC invocations=7 (full 0):
 PSYoungGen      total 30208K, used 21364K [0x00000000eab00000, 0x00000000ecf00000, 0x0000000100000000)
  eden space 24576K, 65% used [0x00000000eab00000,0x00000000ebac7818,0x00000000ec300000)
  from space 5632K, 92% used [0x00000000ec980000,0x00000000ece95b40,0x00000000ecf00000)
  to   space 5632K, 0% used [0x00000000ec400000,0x00000000ec400000,0x00000000ec980000)
 ParOldGen       total 68608K, used 8244K [0x00000000c0000000, 0x00000000c4300000, 0x00000000eab00000)
  object space 68608K, 12% used [0x00000000c0000000,0x00000000c080d290,0x00000000c4300000)
 Metaspace       used 20624K, committed 21504K, reserved 1114112K
  class space    used 2106K, committed 2432K, reserved 1048576K
}
Event: 6.891 GC heap after
{Heap after GC invocations=7 (full 0):
 PSYoungGen      total 29184K, used 4508K [0x00000000eab00000, 0x00000000ecd00000, 0x0000000100000000)
  eden space 24576K, 0% used [0x00000000eab00000,0x00000000eab00000,0x00000000ec300000)
  from space 4608K, 97% used [0x00000000ec400000,0x00000000ec867258,0x00000000ec880000)
  to   space 4608K, 0% used [0x00000000ec880000,0x00000000ec880000,0x00000000ecd00000)
 ParOldGen       total 68608K, used 9356K [0x00000000c0000000, 0x00000000c4300000, 0x00000000eab00000)
  object space 68608K, 13% used [0x00000000c0000000,0x00000000c0923290,0x00000000c4300000)
 Metaspace       used 20624K, committed 21504K, reserved 1114112K
  class space    used 2106K, committed 2432K, reserved 1048576K
}
Event: 6.891 GC heap before
{Heap before GC invocations=8 (full 1):
 PSYoungGen      total 29184K, used 4508K [0x00000000eab00000, 0x00000000ecd00000, 0x0000000100000000)
  eden space 24576K, 0% used [0x00000000eab00000,0x00000000eab00000,0x00000000ec300000)
  from space 4608K, 97% used [0x00000000ec400000,0x00000000ec867258,0x00000000ec880000)
  to   space 4608K, 0% used [0x00000000ec880000,0x00000000ec880000,0x00000000ecd00000)
 ParOldGen       total 68608K, used 9356K [0x00000000c0000000, 0x00000000c4300000, 0x00000000eab00000)
  object space 68608K, 13% used [0x00000000c0000000,0x00000000c0923290,0x00000000c4300000)
 Metaspace       used 20624K, committed 21504K, reserved 1114112K
  class space    used 2106K, committed 2432K, reserved 1048576K
}
Event: 6.933 GC heap after
{Heap after GC invocations=8 (full 1):
 PSYoungGen      total 29184K, used 0K [0x00000000eab00000, 0x00000000ecd00000, 0x0000000100000000)
  eden space 24576K, 0% used [0x00000000eab00000,0x00000000eab00000,0x00000000ec300000)
  from space 4608K, 0% used [0x00000000ec400000,0x00000000ec400000,0x00000000ec880000)
  to   space 4608K, 0% used [0x00000000ec880000,0x00000000ec880000,0x00000000ecd00000)
 ParOldGen       total 68608K, used 13056K [0x00000000c0000000, 0x00000000c4300000, 0x00000000eab00000)
  object space 68608K, 19% used [0x00000000c0000000,0x00000000c0cc0250,0x00000000c4300000)
 Metaspace       used 20611K, committed 21504K, reserved 1114112K
  class space    used 2103K, committed 2432K, reserved 1048576K
}
Event: 7.173 GC heap before
{Heap before GC invocations=9 (full 1):
 PSYoungGen      total 29184K, used 24321K [0x00000000eab00000, 0x00000000ecd00000, 0x0000000100000000)
  eden space 24576K, 98% used [0x00000000eab00000,0x00000000ec2c0770,0x00000000ec300000)
  from space 4608K, 0% used [0x00000000ec400000,0x00000000ec400000,0x00000000ec880000)
  to   space 4608K, 0% used [0x00000000ec880000,0x00000000ec880000,0x00000000ecd00000)
 ParOldGen       total 68608K, used 13056K [0x00000000c0000000, 0x00000000c4300000, 0x00000000eab00000)
  object space 68608K, 19% used [0x00000000c0000000,0x00000000c0cc0250,0x00000000c4300000)
 Metaspace       used 22724K, committed 23680K, reserved 1114112K
  class space    used 2273K, committed 2688K, reserved 1048576K
}
Event: 7.174 GC heap after
{Heap after GC invocations=9 (full 1):
 PSYoungGen      total 25600K, used 1473K [0x00000000eab00000, 0x00000000eca00000, 0x0000000100000000)
  eden space 24064K, 0% used [0x00000000eab00000,0x00000000eab00000,0x00000000ec280000)
  from space 1536K, 95% used [0x00000000ec880000,0x00000000ec9f0458,0x00000000eca00000)
  to   space 3072K, 0% used [0x00000000ec400000,0x00000000ec400000,0x00000000ec700000)
 ParOldGen       total 68608K, used 13064K [0x00000000c0000000, 0x00000000c4300000, 0x00000000eab00000)
  object space 68608K, 19% used [0x00000000c0000000,0x00000000c0cc2250,0x00000000c4300000)
 Metaspace       used 22724K, committed 23680K, reserved 1114112K
  class space    used 2273K, committed 2688K, reserved 1048576K
}
Event: 7.411 GC heap before
{Heap before GC invocations=10 (full 1):
 PSYoungGen      total 25600K, used 25493K [0x00000000eab00000, 0x00000000eca00000, 0x0000000100000000)
  eden space 24064K, 99% used [0x00000000eab00000,0x00000000ec275288,0x00000000ec280000)
  from space 1536K, 95% used [0x00000000ec880000,0x00000000ec9f0458,0x00000000eca00000)
  to   space 3072K, 0% used [0x00000000ec400000,0x00000000ec400000,0x00000000ec700000)
 ParOldGen       total 68608K, used 13064K [0x00000000c0000000, 0x00000000c4300000, 0x00000000eab00000)
  object space 68608K, 19% used [0x00000000c0000000,0x00000000c0cc2250,0x00000000c4300000)
 Metaspace       used 26383K, committed 27328K, reserved 1114112K
  class space    used 2539K, committed 2944K, reserved 1048576K
}
Event: 7.413 GC heap after
{Heap after GC invocations=10 (full 1):
 PSYoungGen      total 26624K, used 1869K [0x00000000eab00000, 0x00000000ec900000, 0x0000000100000000)
  eden space 23552K, 0% used [0x00000000eab00000,0x00000000eab00000,0x00000000ec200000)
  from space 3072K, 60% used [0x00000000ec400000,0x00000000ec5d37b8,0x00000000ec700000)
  to   space 2048K, 0% used [0x00000000ec700000,0x00000000ec700000,0x00000000ec900000)
 ParOldGen       total 68608K, used 13064K [0x00000000c0000000, 0x00000000c4300000, 0x00000000eab00000)
  object space 68608K, 19% used [0x00000000c0000000,0x00000000c0cc2250,0x00000000c4300000)
 Metaspace       used 26383K, committed 27328K, reserved 1114112K
  class space    used 2539K, committed 2944K, reserved 1048576K
}
Event: 7.728 GC heap before
{Heap before GC invocations=11 (full 1):
 PSYoungGen      total 26624K, used 25374K [0x00000000eab00000, 0x00000000ec900000, 0x0000000100000000)
  eden space 23552K, 99% used [0x00000000eab00000,0x00000000ec1f4430,0x00000000ec200000)
  from space 3072K, 60% used [0x00000000ec400000,0x00000000ec5d37b8,0x00000000ec700000)
  to   space 2048K, 0% used [0x00000000ec700000,0x00000000ec700000,0x00000000ec900000)
 ParOldGen       total 68608K, used 13064K [0x00000000c0000000, 0x00000000c4300000, 0x00000000eab00000)
  object space 68608K, 19% used [0x00000000c0000000,0x00000000c0cc2250,0x00000000c4300000)
 Metaspace       used 28126K, committed 29120K, reserved 1114112K
  class space    used 2671K, committed 3072K, reserved 1048576K
}
Event: 7.730 GC heap after
{Heap after GC invocations=11 (full 1):
 PSYoungGen      total 25088K, used 2021K [0x00000000eab00000, 0x00000000ec900000, 0x0000000100000000)
  eden space 23040K, 0% used [0x00000000eab00000,0x00000000eab00000,0x00000000ec180000)
  from space 2048K, 98% used [0x00000000ec700000,0x00000000ec8f96c8,0x00000000ec900000)
  to   space 2560K, 0% used [0x00000000ec400000,0x00000000ec400000,0x00000000ec680000)
 ParOldGen       total 68608K, used 14587K [0x00000000c0000000, 0x00000000c4300000, 0x00000000eab00000)
  object space 68608K, 21% used [0x00000000c0000000,0x00000000c0e3edb0,0x00000000c4300000)
 Metaspace       used 28126K, committed 29120K, reserved 1114112K
  class space    used 2671K, committed 3072K, reserved 1048576K
}

Dll operation events (10 events):
Event: 0.019 Loaded shared library c:\Users\dinet\.vscode-insiders\extensions\redhat.java-1.40.0-win32-x64\jre\21.0.6-win32-x86_64\bin\java.dll
Event: 0.089 Loaded shared library c:\Users\dinet\.vscode-insiders\extensions\redhat.java-1.40.0-win32-x64\jre\21.0.6-win32-x86_64\bin\zip.dll
Event: 0.108 Loaded shared library C:\Users\dinet\.vscode-insiders\extensions\redhat.java-1.40.0-win32-x64\jre\21.0.6-win32-x86_64\bin\instrument.dll
Event: 0.112 Loaded shared library C:\Users\dinet\.vscode-insiders\extensions\redhat.java-1.40.0-win32-x64\jre\21.0.6-win32-x86_64\bin\net.dll
Event: 0.114 Loaded shared library C:\Users\dinet\.vscode-insiders\extensions\redhat.java-1.40.0-win32-x64\jre\21.0.6-win32-x86_64\bin\nio.dll
Event: 0.117 Loaded shared library C:\Users\dinet\.vscode-insiders\extensions\redhat.java-1.40.0-win32-x64\jre\21.0.6-win32-x86_64\bin\zip.dll
Event: 0.144 Loaded shared library C:\Users\dinet\.vscode-insiders\extensions\redhat.java-1.40.0-win32-x64\jre\21.0.6-win32-x86_64\bin\jimage.dll
Event: 0.246 Loaded shared library c:\Users\dinet\.vscode-insiders\extensions\redhat.java-1.40.0-win32-x64\jre\21.0.6-win32-x86_64\bin\verify.dll
Event: 2.004 Loaded shared library C:\Users\dinet\AppData\Roaming\Code - Insiders\User\globalStorage\redhat.java\1.40.0\config_win\org.eclipse.equinox.launcher\org.eclipse.equinox.launcher.win32.win32.x86_64_1.2.1200.v20250212-0927\eclipse_11909.dll
Event: 5.690 Loaded shared library C:\Users\dinet\AppData\Local\Temp\jna-95589112\jna16890826527257837359.dll

Deoptimization events (20 events):
Event: 7.881 Thread 0x00000179f3c53900 Uncommon trap: trap_request=0xffffffde fr.pc=0x00000179e817c4f4 relative=0x00000000000003d4
Event: 7.881 Thread 0x00000179f3c53900 Uncommon trap: reason=class_check action=maybe_recompile pc=0x00000179e817c4f4 method=java.io.ObjectInputStream$PeekInputStream.peek()I @ 17 c2
Event: 7.881 Thread 0x00000179f3c53900 DEOPT PACKING pc=0x00000179e817c4f4 sp=0x0000000ac25fde50
Event: 7.881 Thread 0x00000179f3c53900 DEOPT UNPACKING pc=0x00000179e7a86da2 sp=0x0000000ac25fde00 mode 2
Event: 7.887 Thread 0x00000179f3c53900 Uncommon trap: trap_request=0xffffff45 fr.pc=0x00000179e816d9d0 relative=0x0000000000000230
Event: 7.887 Thread 0x00000179f3c53900 Uncommon trap: reason=unstable_if action=reinterpret pc=0x00000179e816d9d0 method=java.lang.AbstractStringBuilder.appendChars([CII)V @ 43 c2
Event: 7.887 Thread 0x00000179f3c53900 DEOPT PACKING pc=0x00000179e816d9d0 sp=0x0000000ac25fdd00
Event: 7.887 Thread 0x00000179f3c53900 DEOPT UNPACKING pc=0x00000179e7a86da2 sp=0x0000000ac25fdc78 mode 2
Event: 7.887 Thread 0x00000179f3c53900 Uncommon trap: trap_request=0xffffff45 fr.pc=0x00000179e8022134 relative=0x0000000000000114
Event: 7.887 Thread 0x00000179f3c53900 Uncommon trap: reason=unstable_if action=reinterpret pc=0x00000179e8022134 method=java.lang.String.getBytes([BIB)V @ 5 c2
Event: 7.887 Thread 0x00000179f3c53900 DEOPT PACKING pc=0x00000179e8022134 sp=0x0000000ac25fdc50
Event: 7.887 Thread 0x00000179f3c53900 DEOPT UNPACKING pc=0x00000179e7a86da2 sp=0x0000000ac25fdbf8 mode 2
Event: 7.903 Thread 0x00000179f3c53900 Uncommon trap: trap_request=0xffffff45 fr.pc=0x00000179e807fcc4 relative=0x0000000000000124
Event: 7.903 Thread 0x00000179f3c53900 Uncommon trap: reason=unstable_if action=reinterpret pc=0x00000179e807fcc4 method=jdk.internal.org.objectweb.asm.SymbolTable.put(Ljdk/internal/org/objectweb/asm/SymbolTable$Entry;)Ljdk/internal/org/objectweb/asm/SymbolTable$Entry; @ 13 c2
Event: 7.903 Thread 0x00000179f3c53900 DEOPT PACKING pc=0x00000179e807fcc4 sp=0x0000000ac25fb8d0
Event: 7.903 Thread 0x00000179f3c53900 DEOPT UNPACKING pc=0x00000179e7a86da2 sp=0x0000000ac25fb830 mode 2
Event: 7.912 Thread 0x00000179f3c53900 Uncommon trap: trap_request=0xffffff45 fr.pc=0x00000179e80bf2e8 relative=0x0000000000000388
Event: 7.912 Thread 0x00000179f3c53900 Uncommon trap: reason=unstable_if action=reinterpret pc=0x00000179e80bf2e8 method=java.lang.Integer.parseInt(Ljava/lang/String;I)I @ 119 c2
Event: 7.912 Thread 0x00000179f3c53900 DEOPT PACKING pc=0x00000179e80bf2e8 sp=0x0000000ac25fc780
Event: 7.912 Thread 0x00000179f3c53900 DEOPT UNPACKING pc=0x00000179e7a86da2 sp=0x0000000ac25fc6e8 mode 2

Classes loaded (20 events):
Event: 7.866 Loading class com/sun/org/apache/xml/internal/serializer/WriterChain done
Event: 7.866 Loading class com/sun/org/apache/xml/internal/serializer/WriterToUTF8Buffered done
Event: 7.866 Loading class com/sun/org/apache/xml/internal/serializer/WriterToASCI
Event: 7.866 Loading class com/sun/org/apache/xml/internal/serializer/WriterToASCI done
Event: 7.885 Loading class sun/nio/cs/UTF_8$Encoder
Event: 7.885 Loading class sun/nio/cs/UTF_8$Encoder done
Event: 7.915 Loading class javax/crypto/IllegalBlockSizeException
Event: 7.915 Loading class javax/crypto/IllegalBlockSizeException done
Event: 7.915 Loading class javax/crypto/BadPaddingException
Event: 7.915 Loading class javax/crypto/BadPaddingException done
Event: 7.917 Loading class java/security/InvalidAlgorithmParameterException
Event: 7.917 Loading class java/security/InvalidAlgorithmParameterException done
Event: 7.917 Loading class java/security/spec/InvalidKeySpecException
Event: 7.917 Loading class java/security/spec/InvalidKeySpecException done
Event: 7.917 Loading class javax/crypto/NoSuchPaddingException
Event: 7.917 Loading class javax/crypto/NoSuchPaddingException done
Event: 7.917 Loading class java/security/spec/InvalidParameterSpecException
Event: 7.917 Loading class java/security/spec/InvalidParameterSpecException done
Event: 7.918 Loading class javax/crypto/spec/PBEKeySpec
Event: 7.918 Loading class javax/crypto/spec/PBEKeySpec done

Classes unloaded (7 events):
Event: 6.897 Thread 0x00000179f16a2cb0 Unloading class 0x000001798119a400 'java/lang/invoke/LambdaForm$MH+0x000001798119a400'
Event: 6.897 Thread 0x00000179f16a2cb0 Unloading class 0x000001798119a000 'java/lang/invoke/LambdaForm$MH+0x000001798119a000'
Event: 6.897 Thread 0x00000179f16a2cb0 Unloading class 0x0000017981199c00 'java/lang/invoke/LambdaForm$MH+0x0000017981199c00'
Event: 6.897 Thread 0x00000179f16a2cb0 Unloading class 0x0000017981199800 'java/lang/invoke/LambdaForm$MH+0x0000017981199800'
Event: 6.897 Thread 0x00000179f16a2cb0 Unloading class 0x0000017981199400 'java/lang/invoke/LambdaForm$BMH+0x0000017981199400'
Event: 6.897 Thread 0x00000179f16a2cb0 Unloading class 0x0000017981199000 'java/lang/invoke/LambdaForm$DMH+0x0000017981199000'
Event: 6.897 Thread 0x00000179f16a2cb0 Unloading class 0x0000017981193c00 'java/lang/invoke/LambdaForm$DMH+0x0000017981193c00'

Classes redefined (0 events):
No events

Internal exceptions (20 events):
Event: 6.859 Thread 0x00000179f3c53900 Exception <a 'java/lang/NoSuchMethodError'{0x00000000eb988fa8}: 'java.lang.Object java.lang.invoke.Invokers$Holder.invoker(java.lang.Object, java.lang.Object, java.lang.Object, java.lang.Object, java.lang.Object, java.lang.Object, java.lang.Object, java.lang.Object, java.lang.Object, java.lang.Object, java.lang.Object, java.lang.Object, java.lang.Object)'> (0x00000000eb988fa8) 
thrown [s\src\hotspot\share\interpreter\linkResolver.cpp, line 773]
Event: 6.860 Thread 0x00000179f3c53900 Exception <a 'java/lang/NoSuchMethodError'{0x00000000eb993440}: 'java.lang.Object java.lang.invoke.DelegatingMethodHandle$Holder.delegate(java.lang.Object, java.lang.Object, java.lang.Object, java.lang.Object, java.lang.Object, java.lang.Object, java.lang.Object, java.lang.Object, java.lang.Object, java.lang.Object, java.lang.Object, java.lang.Object, java.lang.Object)'> (0x00000000eb993440) 
thrown [s\src\hotspot\share\interpreter\linkResolver.cpp, line 773]
Event: 6.869 Thread 0x00000179f3c53900 Exception <a 'java/lang/NoSuchMethodError'{0x00000000eb9fdc28}: static Lorg/eclipse/m2e/core/internal/lifecyclemapping/model/PluginExecutionMetadata;.<clinit>()V> (0x00000000eb9fdc28) 
thrown [s\src\hotspot\share\prims\jni.cpp, line 1111]
Event: 6.879 Thread 0x00000179f3c53900 Exception <a 'java/lang/NoSuchMethodError'{0x00000000eba593b0}: static Lorg/eclipse/m2e/core/internal/lifecyclemapping/model/PluginExecutionFilter;.<clinit>()V> (0x00000000eba593b0) 
thrown [s\src\hotspot\share\prims\jni.cpp, line 1111]
Event: 6.882 Thread 0x00000179f3c53900 Exception <a 'java/lang/NoSuchMethodError'{0x00000000eba89150}: static Lorg/eclipse/m2e/core/internal/project/registry/MavenProjectFacade$MavenProjectConfiguration;.<clinit>()V> (0x00000000eba89150) 
thrown [s\src\hotspot\share\prims\jni.cpp, line 1111]
Event: 7.032 Thread 0x00000179f3c53900 Exception <a 'java/lang/NoSuchMethodError'{0x00000000eb0b1990}: 'double java.lang.invoke.DirectMethodHandle$Holder.invokeStatic(java.lang.Object, java.lang.Object)'> (0x00000000eb0b1990) 
thrown [s\src\hotspot\share\interpreter\linkResolver.cpp, line 773]
Event: 7.032 Thread 0x00000179f3c53900 Exception <a 'java/lang/NoSuchMethodError'{0x00000000eb0b52a0}: 'double java.lang.invoke.DirectMethodHandle$Holder.invokeStaticInit(java.lang.Object, java.lang.Object)'> (0x00000000eb0b52a0) 
thrown [s\src\hotspot\share\interpreter\linkResolver.cpp, line 773]
Event: 7.159 Thread 0x00000179f3c53900 Exception <a 'java/io/FileNotFoundException'{0x00000000ec154a58}> (0x00000000ec154a58) 
thrown [s\src\hotspot\share\prims\jni.cpp, line 520]
Event: 7.159 Thread 0x00000179f3c53900 Exception <a 'java/io/FileNotFoundException'{0x00000000ec1558e0}> (0x00000000ec1558e0) 
thrown [s\src\hotspot\share\prims\jni.cpp, line 520]
Event: 7.159 Thread 0x00000179f3c53900 Exception <a 'java/io/FileNotFoundException'{0x00000000ec156868}> (0x00000000ec156868) 
thrown [s\src\hotspot\share\prims\jni.cpp, line 520]
Event: 7.339 Thread 0x00000179f3c53900 Implicit null exception at 0x00000179e818c475 to 0x00000179e818c588
Event: 7.465 Thread 0x00000179f3c53900 Exception <a 'java/lang/NoSuchMethodError'{0x00000000eb5f1420}: 'java.lang.Object java.lang.invoke.DirectMethodHandle$Holder.newInvokeSpecial(java.lang.Object, int, java.lang.Object, java.lang.Object)'> (0x00000000eb5f1420) 
thrown [s\src\hotspot\share\interpreter\linkResolver.cpp, line 773]
Event: 7.468 Thread 0x00000179f3c53900 Exception <a 'java/io/FileNotFoundException'{0x00000000eb613ee8}> (0x00000000eb613ee8) 
thrown [s\src\hotspot\share\prims\jni.cpp, line 520]
Event: 7.672 Thread 0x00000179f3c53900 Exception <a 'java/lang/ClassNotFoundException'{0x00000000ebe85230}: com/sun/org/apache/xerces/internal/impl/msg/spi/DOMMessagesProvider> (0x00000000ebe85230) 
thrown [s\src\hotspot\share\classfile\systemDictionary.cpp, line 312]
Event: 7.673 Thread 0x00000179f3c53900 Exception <a 'java/lang/ClassNotFoundException'{0x00000000ebe969e8}: com/sun/org/apache/xerces/internal/impl/msg/spi/XMLSerializerMessagesProvider> (0x00000000ebe969e8) 
thrown [s\src\hotspot\share\classfile\systemDictionary.cpp, line 312]
Event: 7.674 Thread 0x00000179f3c53900 Exception <a 'java/lang/ClassNotFoundException'{0x00000000ebea3d08}: com/sun/org/apache/xerces/internal/impl/msg/spi/XMLMessagesProvider> (0x00000000ebea3d08) 
thrown [s\src\hotspot\share\classfile\systemDictionary.cpp, line 312]
Event: 7.803 Thread 0x00000179f3c53900 Exception <a 'java/lang/ClassNotFoundException'{0x00000000eae12040}: com/sun/org/apache/xml/internal/serializer/spi/XMLEntitiesProvider> (0x00000000eae12040) 
thrown [s\src\hotspot\share\classfile\systemDictionary.cpp, line 312]
Event: 7.892 Thread 0x00000179f3c53900 Exception <a 'java/io/FileNotFoundException'{0x00000000eb1cfb50}> (0x00000000eb1cfb50) 
thrown [s\src\hotspot\share\prims\jni.cpp, line 520]
Event: 7.906 Thread 0x00000179f3c53900 Exception <a 'java/lang/UnsatisfiedLinkError'{0x00000000eb2e5010}: The specified procedure could not be found.
> (0x00000000eb2e5010) 
thrown [s\src\hotspot\share\prims\jni.cpp, line 539]
Event: 7.911 Thread 0x00000179f3c53900 Exception <a 'java/io/FileNotFoundException'{0x00000000eb2fccf8}> (0x00000000eb2fccf8) 
thrown [s\src\hotspot\share\prims\jni.cpp, line 520]

ZGC Phase Switch (0 events):
No events

VM Operations (20 events):
Event: 6.933 Executing VM operation: CollectForMetadataAllocation (Metadata GC Threshold)
Event: 6.933 Executing VM operation: CollectForMetadataAllocation (Metadata GC Threshold) done
Event: 7.173 Executing VM operation: ParallelGCFailedAllocation (Allocation Failure)
Event: 7.174 Executing VM operation: ParallelGCFailedAllocation (Allocation Failure) done
Event: 7.411 Executing VM operation: ParallelGCFailedAllocation (Allocation Failure)
Event: 7.413 Executing VM operation: ParallelGCFailedAllocation (Allocation Failure) done
Event: 7.613 Executing VM operation: HandshakeAllThreads (Deoptimize)
Event: 7.613 Executing VM operation: HandshakeAllThreads (Deoptimize) done
Event: 7.705 Executing VM operation: HandshakeAllThreads (Deoptimize)
Event: 7.705 Executing VM operation: HandshakeAllThreads (Deoptimize) done
Event: 7.728 Executing VM operation: ParallelGCFailedAllocation (Allocation Failure)
Event: 7.730 Executing VM operation: ParallelGCFailedAllocation (Allocation Failure) done
Event: 7.769 Executing VM operation: HandshakeAllThreads (Deoptimize)
Event: 7.769 Executing VM operation: HandshakeAllThreads (Deoptimize) done
Event: 7.801 Executing VM operation: HandshakeAllThreads (Deoptimize)
Event: 7.801 Executing VM operation: HandshakeAllThreads (Deoptimize) done
Event: 7.805 Executing VM operation: HandshakeAllThreads (Deoptimize)
Event: 7.805 Executing VM operation: HandshakeAllThreads (Deoptimize) done
Event: 7.833 Executing VM operation: HandshakeAllThreads (Deoptimize)
Event: 7.833 Executing VM operation: HandshakeAllThreads (Deoptimize) done

Memory protections (0 events):
No events

Nmethod flushes (0 events):
No events

Events (20 events):
Event: 0.053 Thread 0x00000179dd30beb0 Thread added: 0x00000179f16c30d0
Event: 0.053 Thread 0x00000179dd30beb0 Thread added: 0x00000179f16c3fe0
Event: 0.053 Thread 0x00000179dd30beb0 Thread added: 0x00000179f16c4ef0
Event: 0.053 Thread 0x00000179dd30beb0 Thread added: 0x00000179f16c8960
Event: 0.053 Thread 0x00000179dd30beb0 Thread added: 0x00000179f16c9790
Event: 0.054 Thread 0x00000179dd30beb0 Thread added: 0x00000179f16e4be0
Event: 0.077 Thread 0x00000179dd30beb0 Thread added: 0x00000179f3176110
Event: 0.391 Thread 0x00000179dd30beb0 Thread added: 0x00000179f33a5220
Event: 1.827 Thread 0x00000179dd30beb0 Thread added: 0x00000179f39c4140
Event: 1.987 Thread 0x00000179dd30beb0 Thread added: 0x00000179f37de940
Event: 2.045 Thread 0x00000179f37de940 Thread added: 0x00000179f3c52ed0
Event: 2.051 Thread 0x00000179dd30beb0 Thread added: 0x00000179f3c53900
Event: 2.628 Thread 0x00000179f3c53900 Thread added: 0x00000179f8585670
Event: 3.431 Thread 0x00000179f3c53900 Thread added: 0x00000179f845fce0
Event: 3.632 Thread 0x00000179f3c53900 Thread added: 0x00000179f3ad0160
Event: 4.749 Thread 0x00000179f3c53900 Thread added: 0x00000179f84d5890
Event: 5.736 Thread 0x00000179f3c53900 Thread added: 0x00000179f84d4b70
Event: 5.861 Thread 0x00000179f3c53900 Thread added: 0x00000179f84d5f20
Event: 5.900 Thread 0x00000179f3c53900 Thread added: 0x00000179f84d3e50
Event: 7.694 Thread 0x00000179f3c53900 Thread added: 0x00000179f84d5200


Dynamic libraries:
0x00007ff66f1f0000 - 0x00007ff66f1fe000 	c:\Users\dinet\.vscode-insiders\extensions\redhat.java-1.40.0-win32-x64\jre\21.0.6-win32-x86_64\bin\java.exe
0x00007ffb37450000 - 0x00007ffb37667000 	C:\Windows\SYSTEM32\ntdll.dll
0x00007ffb368c0000 - 0x00007ffb36984000 	C:\Windows\System32\KERNEL32.DLL
0x00007ffb347f0000 - 0x00007ffb34bc1000 	C:\Windows\System32\KERNELBASE.dll
0x00007ffb34590000 - 0x00007ffb346a1000 	C:\Windows\System32\ucrtbase.dll
0x00007ffb2e450000 - 0x00007ffb2e468000 	c:\Users\dinet\.vscode-insiders\extensions\redhat.java-1.40.0-win32-x64\jre\21.0.6-win32-x86_64\bin\jli.dll
0x00007ffb2bac0000 - 0x00007ffb2bade000 	c:\Users\dinet\.vscode-insiders\extensions\redhat.java-1.40.0-win32-x64\jre\21.0.6-win32-x86_64\bin\VCRUNTIME140.dll
0x00007ffb35500000 - 0x00007ffb356b1000 	C:\Windows\System32\USER32.dll
0x00007ffb34f50000 - 0x00007ffb34f76000 	C:\Windows\System32\win32u.dll
0x00007ffb35870000 - 0x00007ffb35899000 	C:\Windows\System32\GDI32.dll
0x00007ffb34f80000 - 0x00007ffb3509b000 	C:\Windows\System32\gdi32full.dll
0x00007ffb34c00000 - 0x00007ffb34c9a000 	C:\Windows\System32\msvcp_win.dll
0x00007ffb19160000 - 0x00007ffb193f2000 	C:\Windows\WinSxS\amd64_microsoft.windows.common-controls_6595b64144ccf1df_6.0.22621.4830_none_270fe7d773858e80\COMCTL32.dll
0x00007ffb35e40000 - 0x00007ffb35ee7000 	C:\Windows\System32\msvcrt.dll
0x00007ffb35260000 - 0x00007ffb35291000 	C:\Windows\System32\IMM32.DLL
0x00007ffb2f0c0000 - 0x00007ffb2f0cc000 	c:\Users\dinet\.vscode-insiders\extensions\redhat.java-1.40.0-win32-x64\jre\21.0.6-win32-x86_64\bin\vcruntime140_1.dll
0x00007ffb03aa0000 - 0x00007ffb03b2d000 	c:\Users\dinet\.vscode-insiders\extensions\redhat.java-1.40.0-win32-x64\jre\21.0.6-win32-x86_64\bin\msvcp140.dll
0x00007ffae80c0000 - 0x00007ffae8e50000 	c:\Users\dinet\.vscode-insiders\extensions\redhat.java-1.40.0-win32-x64\jre\21.0.6-win32-x86_64\bin\server\jvm.dll
0x00007ffb35120000 - 0x00007ffb351d1000 	C:\Windows\System32\ADVAPI32.dll
0x00007ffb36800000 - 0x00007ffb368a7000 	C:\Windows\System32\sechost.dll
0x00007ffb34bd0000 - 0x00007ffb34bf8000 	C:\Windows\System32\bcrypt.dll
0x00007ffb352a0000 - 0x00007ffb353b4000 	C:\Windows\System32\RPCRT4.dll
0x00007ffb36fa0000 - 0x00007ffb37011000 	C:\Windows\System32\WS2_32.dll
0x00007ffb33e10000 - 0x00007ffb33e5d000 	C:\Windows\SYSTEM32\POWRPROF.dll
0x00007ffb31de0000 - 0x00007ffb31e14000 	C:\Windows\SYSTEM32\WINMM.dll
0x00007ffb2bae0000 - 0x00007ffb2baea000 	C:\Windows\SYSTEM32\VERSION.dll
0x00007ffb33df0000 - 0x00007ffb33e03000 	C:\Windows\SYSTEM32\UMPDC.dll
0x00007ffb335b0000 - 0x00007ffb335c8000 	C:\Windows\SYSTEM32\kernel.appcore.dll
0x00007ffb2d750000 - 0x00007ffb2d75a000 	c:\Users\dinet\.vscode-insiders\extensions\redhat.java-1.40.0-win32-x64\jre\21.0.6-win32-x86_64\bin\jimage.dll
0x00007ffb31b60000 - 0x00007ffb31d92000 	C:\Windows\SYSTEM32\DBGHELP.DLL
0x00007ffb37020000 - 0x00007ffb373b0000 	C:\Windows\System32\combase.dll
0x00007ffb36d00000 - 0x00007ffb36dd7000 	C:\Windows\System32\OLEAUT32.dll
0x00007ffb31da0000 - 0x00007ffb31dd2000 	C:\Windows\SYSTEM32\dbgcore.DLL
0x00007ffb350a0000 - 0x00007ffb3511b000 	C:\Windows\System32\bcryptPrimitives.dll
0x00007ffb2bab0000 - 0x00007ffb2babf000 	c:\Users\dinet\.vscode-insiders\extensions\redhat.java-1.40.0-win32-x64\jre\21.0.6-win32-x86_64\bin\instrument.dll
0x00007ffb2b700000 - 0x00007ffb2b71f000 	c:\Users\dinet\.vscode-insiders\extensions\redhat.java-1.40.0-win32-x64\jre\21.0.6-win32-x86_64\bin\java.dll
0x00007ffb35ef0000 - 0x00007ffb36778000 	C:\Windows\System32\SHELL32.dll
0x00007ffb346b0000 - 0x00007ffb347ef000 	C:\Windows\System32\wintypes.dll
0x00007ffb324a0000 - 0x00007ffb32dad000 	C:\Windows\SYSTEM32\windows.storage.dll
0x00007ffb36a10000 - 0x00007ffb36b1a000 	C:\Windows\System32\SHCORE.dll
0x00007ffb373b0000 - 0x00007ffb3740e000 	C:\Windows\System32\shlwapi.dll
0x00007ffb344c0000 - 0x00007ffb344eb000 	C:\Windows\SYSTEM32\profapi.dll
0x00007ffb2aea0000 - 0x00007ffb2aeb8000 	c:\Users\dinet\.vscode-insiders\extensions\redhat.java-1.40.0-win32-x64\jre\21.0.6-win32-x86_64\bin\zip.dll
0x00007ffb2baa0000 - 0x00007ffb2bab0000 	C:\Users\dinet\.vscode-insiders\extensions\redhat.java-1.40.0-win32-x64\jre\21.0.6-win32-x86_64\bin\net.dll
0x00007ffb2fb30000 - 0x00007ffb2fc5c000 	C:\Windows\SYSTEM32\WINHTTP.dll
0x00007ffb33aa0000 - 0x00007ffb33b0a000 	C:\Windows\system32\mswsock.dll
0x00007ffb1f2f0000 - 0x00007ffb1f306000 	C:\Users\dinet\.vscode-insiders\extensions\redhat.java-1.40.0-win32-x64\jre\21.0.6-win32-x86_64\bin\nio.dll
0x00007ffb2ae90000 - 0x00007ffb2aea0000 	c:\Users\dinet\.vscode-insiders\extensions\redhat.java-1.40.0-win32-x64\jre\21.0.6-win32-x86_64\bin\verify.dll
0x00007ffb03970000 - 0x00007ffb039b5000 	C:\Users\dinet\AppData\Roaming\Code - Insiders\User\globalStorage\redhat.java\1.40.0\config_win\org.eclipse.equinox.launcher\org.eclipse.equinox.launcher.win32.win32.x86_64_1.2.1200.v20250212-0927\eclipse_11909.dll
0x00007ffb36de0000 - 0x00007ffb36f81000 	C:\Windows\System32\ole32.dll
0x00007ffb33d10000 - 0x00007ffb33d2b000 	C:\Windows\SYSTEM32\CRYPTSP.dll
0x00007ffb33510000 - 0x00007ffb33547000 	C:\Windows\system32\rsaenh.dll
0x00007ffb33bb0000 - 0x00007ffb33bd8000 	C:\Windows\SYSTEM32\USERENV.dll
0x00007ffb33db0000 - 0x00007ffb33dbc000 	C:\Windows\SYSTEM32\CRYPTBASE.dll
0x00007ffb33010000 - 0x00007ffb3303d000 	C:\Windows\SYSTEM32\IPHLPAPI.DLL
0x00007ffb35e30000 - 0x00007ffb35e39000 	C:\Windows\System32\NSI.dll
0x00007ffb030f0000 - 0x00007ffb03139000 	C:\Users\dinet\AppData\Local\Temp\jna-95589112\jna16890826527257837359.dll
0x00007ffb36990000 - 0x00007ffb36998000 	C:\Windows\System32\PSAPI.DLL
0x00007ffb2fad0000 - 0x00007ffb2fae9000 	C:\Windows\SYSTEM32\dhcpcsvc6.DLL
0x00007ffb2f9d0000 - 0x00007ffb2f9ef000 	C:\Windows\SYSTEM32\dhcpcsvc.DLL

dbghelp: loaded successfully - version: 4.0.5 - missing functions: none
symbol engine: initialized successfully - sym options: 0x614 - pdb path: .;c:\Users\dinet\.vscode-insiders\extensions\redhat.java-1.40.0-win32-x64\jre\21.0.6-win32-x86_64\bin;C:\Windows\SYSTEM32;C:\Windows\WinSxS\amd64_microsoft.windows.common-controls_6595b64144ccf1df_6.0.22621.4830_none_270fe7d773858e80;c:\Users\dinet\.vscode-insiders\extensions\redhat.java-1.40.0-win32-x64\jre\21.0.6-win32-x86_64\bin\server;C:\Users\dinet\AppData\Roaming\Code - Insiders\User\globalStorage\redhat.java\1.40.0\config_win\org.eclipse.equinox.launcher\org.eclipse.equinox.launcher.win32.win32.x86_64_1.2.1200.v20250212-0927;C:\Users\dinet\AppData\Local\Temp\jna-95589112

VM Arguments:
jvm_args: --add-modules=ALL-SYSTEM --add-opens=java.base/java.util=ALL-UNNAMED --add-opens=java.base/java.lang=ALL-UNNAMED --add-opens=java.base/sun.nio.fs=ALL-UNNAMED -Declipse.application=org.eclipse.jdt.ls.core.id1 -Dosgi.bundles.defaultStartLevel=4 -Declipse.product=org.eclipse.jdt.ls.core.product -Djava.import.generatesMetadataFilesAtProjectRoot=false -DDetectVMInstallationsJob.disabled=true -Dfile.encoding=utf8 -XX:+UseParallelGC -XX:GCTimeRatio=4 -XX:AdaptiveSizePolicyWeight=90 -Dsun.zip.disableMemoryMapping=true -Xmx1G -Xms100m -Xlog:disable -javaagent:c:\Users\dinet\.vscode-insiders\extensions\redhat.java-1.40.0-win32-x64\lombok\lombok-1.18.36.jar -XX:+HeapDumpOnOutOfMemoryError -XX:HeapDumpPath=c:\Users\dinet\AppData\Roaming\Code - Insiders\User\workspaceStorage\78a03c1d3b4e49dd4f2ee61ea7f2fdde\redhat.java -Daether.dependencyCollector.impl=bf -Djdt.core.sharedIndexLocation=C:\Users\dinet\AppData\Roaming\.jdt\index 
java_command: c:\Users\dinet\.vscode-insiders\extensions\redhat.java-1.40.0-win32-x64\server\plugins\org.eclipse.equinox.launcher_1.6.1000.v20250131-0606.jar -configuration c:\Users\dinet\AppData\Roaming\Code - Insiders\User\globalStorage\redhat.java\1.40.0\config_win -data c:\Users\dinet\AppData\Roaming\Code - Insiders\User\workspaceStorage\78a03c1d3b4e49dd4f2ee61ea7f2fdde\redhat.java\jdt_ws --pipe=\\.\pipe\lsp-59cdc12dc02e8a908d96dd5ad7cd7ca9-sock
java_class_path (initial): c:\Users\dinet\.vscode-insiders\extensions\redhat.java-1.40.0-win32-x64\server\plugins\org.eclipse.equinox.launcher_1.6.1000.v20250131-0606.jar
Launcher Type: SUN_STANDARD

[Global flags]
    uintx AdaptiveSizePolicyWeight                 = 90                                        {product} {command line}
     intx CICompilerCount                          = 4                                         {product} {ergonomic}
    uintx GCTimeRatio                              = 4                                         {product} {command line}
     bool HeapDumpOnOutOfMemoryError               = true                                   {manageable} {command line}
    ccstr HeapDumpPath                             = c:\Users\dinet\AppData\Roaming\Code - Insiders\User\workspaceStorage\78a03c1d3b4e49dd4f2ee61ea7f2fdde\redhat.java         {manageable} {command line}
   size_t InitialHeapSize                          = 104857600                                 {product} {command line}
   size_t MaxHeapSize                              = 1073741824                                {product} {command line}
   size_t MaxNewSize                               = 357564416                                 {product} {ergonomic}
   size_t MinHeapDeltaBytes                        = 524288                                    {product} {ergonomic}
   size_t MinHeapSize                              = 104857600                                 {product} {command line}
   size_t NewSize                                  = 34603008                                  {product} {ergonomic}
    uintx NonNMethodCodeHeapSize                   = 5839372                                {pd product} {ergonomic}
    uintx NonProfiledCodeHeapSize                  = 122909434                              {pd product} {ergonomic}
   size_t OldSize                                  = 70254592                                  {product} {ergonomic}
    uintx ProfiledCodeHeapSize                     = 122909434                              {pd product} {ergonomic}
    uintx ReservedCodeCacheSize                    = 251658240                              {pd product} {ergonomic}
     bool SegmentedCodeCache                       = true                                      {product} {ergonomic}
   size_t SoftMaxHeapSize                          = 1073741824                             {manageable} {ergonomic}
     bool UseCompressedOops                        = true                           {product lp64_product} {ergonomic}
     bool UseLargePagesIndividualAllocation        = false                                  {pd product} {ergonomic}
     bool UseParallelGC                            = true                                      {product} {command line}

Logging:
Log output configuration:
 #0: stdout all=off uptime,level,tags foldmultilines=false
 #1: stderr all=off uptime,level,tags foldmultilines=false

Environment Variables:
PATH=c:\Users\dinet\AppData\Local\Programs\cursor\resources\app\bin;C:\Program Files\MySQL\MySQL Server 8.0\bin;C:\Program Files\Java\jdk-21\bin;C:\Program Files\Common Files\Oracle\Java\javapath;D:\apache-maven-3.9.9-bin\apache-maven-3.9.9\bin;C:\Windows\system32;C:\Windows;C:\Windows\System32\Wbem;C:\Windows\System32\WindowsPowerShell\v1.0\;C:\Windows\System32\OpenSSH\;C:\Program Files (x86)\Microsoft SQL Server\160\Tools\Binn\;C:\Program Files\Microsoft SQL Server\160\Tools\Binn\;C:\Program Files\Microsoft SQL Server\Client SDK\ODBC\170\Tools\Binn\;C:\Program Files\Microsoft SQL Server\160\DTS\Binn\;C:\Program Files\nodejs\;C:\Program Files\Git\cmd;C:\Users\dinet\AppData\Local\Microsoft\WindowsApps;C:\Users\dinet\AppData\Roaming\npm;c:\Users\dinet\AppData\Local\Programs\cursor\resources\app\bin;c:\Users\dinet\AppData\Local\Programs\cursor\resources\app\bin;C:\Program Files\dotnet\;C:\Program Files\MongoDB\mongosh-2.4.0-win32-x64\bin;D:\azure-cli-2.70.0-x64\bin;C:\Program Files\Docker\Docker\resources\bin;C:\Program Files\apache-maven-3.9.9-bin\apache-maven-3.9.9\bin;C:\Users\dinet\AppData\Local\Microsoft\WindowsApps;C:\Users\dinet\AppData\Local\Programs\Microsoft VS Code\bin;C:\Users\dinet\AppData\Roaming\npm;C:\Program Files\JetBrains\WebStorm 2024.3.2.1\bin;;C:\Users\dinet\AppData\Local\Programs\Microsoft VS Code Insiders\bin
USERNAME=dinet
OS=Windows_NT
PROCESSOR_IDENTIFIER=Intel64 Family 6 Model 140 Stepping 1, GenuineIntel
TMP=C:\Users\dinet\AppData\Local\Temp
TEMP=C:\Users\dinet\AppData\Local\Temp




Periodic native trim disabled

---------------  S Y S T E M  ---------------

OS:
 Windows 11 , 64 bit Build 22621 (10.0.22621.4974)
OS uptime: 0 days 7:09 hours
Hyper-V role detected

CPU: total 8 (initial active 8) (4 cores per cpu, 2 threads per core) family 6 model 140 stepping 1 microcode 0x8a, cx8, cmov, fxsr, ht, mmx, 3dnowpref, sse, sse2, sse3, ssse3, sse4.1, sse4.2, popcnt, lzcnt, tsc, tscinvbit, avx, avx2, aes, erms, clmul, bmi1, bmi2, adx, avx512f, avx512dq, avx512cd, avx512bw, avx512vl, sha, fma, vzeroupper, avx512_vpopcntdq, avx512_vpclmulqdq, avx512_vaes, avx512_vnni, clflush, clflushopt, clwb, avx512_vbmi2, avx512_vbmi, hv, rdtscp, rdpid, fsrm, gfni, avx512_bitalg, f16c, cet_ibt, cet_ss, avx512_ifma
Processor Information for processor 0
  Max Mhz: 2419, Current Mhz: 2419, Mhz Limit: 2419
Processor Information for processor 1
  Max Mhz: 2419, Current Mhz: 1209, Mhz Limit: 2419
Processor Information for processor 2
  Max Mhz: 2419, Current Mhz: 2419, Mhz Limit: 2419
Processor Information for processor 3
  Max Mhz: 2419, Current Mhz: 2419, Mhz Limit: 2419
Processor Information for processor 4
  Max Mhz: 2419, Current Mhz: 1209, Mhz Limit: 2419
Processor Information for processor 5
  Max Mhz: 2419, Current Mhz: 2419, Mhz Limit: 2419
Processor Information for processor 6
  Max Mhz: 2419, Current Mhz: 2419, Mhz Limit: 2419
Processor Information for processor 7
  Max Mhz: 2419, Current Mhz: 2419, Mhz Limit: 2419

Memory: 4k page, system-wide physical 7991M (137M free)
TotalPageFile size 20708M (AvailPageFile size 3M)
current process WorkingSet (physical memory assigned to process): 168M, peak: 168M
current process commit charge ("private bytes"): 261M, peak: 263M

vm_info: OpenJDK 64-Bit Server VM (21.0.6+7-LTS) for windows-amd64 JRE (21.0.6+7-LTS), built on 2025-01-21T00:00:00Z by "admin" with MS VC++ 17.7 (VS2022)

END.
