#
# There is insufficient memory for the Java Runtime Environment to continue.
# Native memory allocation (malloc) failed to allocate 262160 bytes. Error detail: Chunk::new
# Possible reasons:
#   The system is out of physical RAM or swap space
#   This process is running with CompressedOops enabled, and the Java Heap may be blocking the growth of the native heap
# Possible solutions:
#   Reduce memory load on the system
#   Increase physical memory or swap space
#   Check if swap backing store is full
#   Decrease Java heap size (-Xmx/-Xms)
#   Decrease number of Java threads
#   Decrease Java thread stack sizes (-Xss)
#   Set larger code cache with -XX:ReservedCodeCacheSize=
#   JVM is running with Unscaled Compressed Oops mode in which the Java heap is
#     placed in the first 4GB address space. The Java Heap base address is the
#     maximum limit for the native heap growth. Please use -XX:HeapBaseMinAddress
#     to set the Java Heap base and to place the Java Heap above 4GB virtual address.
# This output file may be truncated or incomplete.
#
#  Out of Memory Error (arena.cpp:168), pid=14140, tid=11024
#
# JRE version: OpenJDK Runtime Environment Temurin-21.0.6+7 (21.0.6+7) (build 21.0.6+7-LTS)
# Java VM: OpenJDK 64-Bit Server VM Temurin-21.0.6+7 (21.0.6+7-LTS, mixed mode, sharing, tiered, compressed oops, compressed class ptrs, parallel gc, windows-amd64)
# No core dump will be written. Minidumps are not enabled by default on client versions of Windows
#

---------------  S U M M A R Y ------------

Command Line: --add-modules=ALL-SYSTEM --add-opens=java.base/java.util=ALL-UNNAMED --add-opens=java.base/java.lang=ALL-UNNAMED --add-opens=java.base/sun.nio.fs=ALL-UNNAMED -Declipse.application=org.eclipse.jdt.ls.core.id1 -Dosgi.bundles.defaultStartLevel=4 -Declipse.product=org.eclipse.jdt.ls.core.product -Djava.import.generatesMetadataFilesAtProjectRoot=false -DDetectVMInstallationsJob.disabled=true -Dfile.encoding=utf8 -XX:+UseParallelGC -XX:GCTimeRatio=4 -XX:AdaptiveSizePolicyWeight=90 -Dsun.zip.disableMemoryMapping=true -Xmx1G -Xms100m -Xlog:disable -javaagent:c:\Users\dinet\.vscode-insiders\extensions\redhat.java-1.40.0-win32-x64\lombok\lombok-1.18.36.jar c:\Users\dinet\.vscode-insiders\extensions\redhat.java-1.40.0-win32-x64\server\plugins\org.eclipse.equinox.launcher_1.6.1000.v20250131-0606.jar -configuration c:\Users\dinet\AppData\Roaming\Code - Insiders\User\globalStorage\redhat.java\1.40.0\config_ss_win -data c:\Users\dinet\AppData\Roaming\Code - Insiders\User\workspaceStorage\dabadabde1c83beb8ffe71b872dfda3c\redhat.java\ss_ws --pipe=\\.\pipe\lsp-99e607835ff3130f9cbc49b43cd2afa1-sock

Host: 11th Gen Intel(R) Core(TM) i5-1135G7 @ 2.40GHz, 8 cores, 7G,  Windows 11 , 64 bit Build 22621 (10.0.22621.4974)
Time: Sat Mar 22 10:04:11 2025 Sri Lanka Standard Time elapsed time: 2.855231 seconds (0d 0h 0m 2s)

---------------  T H R E A D  ---------------

Current thread (0x0000016628cbc420):  JavaThread "C2 CompilerThread0" daemon [_thread_in_native, id=11024, stack(0x0000003990300000,0x0000003990400000) (1024K)]


Current CompileTask:
C2:2855 2324       4       org.eclipse.core.internal.dtree.DataTreeReader::readNode (248 bytes)

Stack: [0x0000003990300000,0x0000003990400000]
Native frames: (J=compiled Java code, j=interpreted, Vv=VM code, C=native code)
V  [jvm.dll+0x6cdee9]
V  [jvm.dll+0x8a83d1]
V  [jvm.dll+0x8aa8fe]
V  [jvm.dll+0x8aafe3]
V  [jvm.dll+0x27f706]
V  [jvm.dll+0xc500d]
V  [jvm.dll+0xc5543]
V  [jvm.dll+0xc5135]
V  [jvm.dll+0x6f51df]
V  [jvm.dll+0x394062]
V  [jvm.dll+0x39c3a2]
V  [jvm.dll+0x6ddce8]
V  [jvm.dll+0x1ca62c]
V  [jvm.dll+0x2f1cdc]
V  [jvm.dll+0x6e8512]
V  [jvm.dll+0x6e0503]
V  [jvm.dll+0x6dfc1e]
V  [jvm.dll+0x6ddd0c]
V  [jvm.dll+0x1ca62c]
V  [jvm.dll+0x2f1cdc]
V  [jvm.dll+0x6e8512]
V  [jvm.dll+0x6e0503]
V  [jvm.dll+0x6dfc1e]
V  [jvm.dll+0x6ddd0c]
V  [jvm.dll+0x1ca62c]
V  [jvm.dll+0x1cb1ac]
V  [jvm.dll+0x2f1cdc]
V  [jvm.dll+0x6e8512]
V  [jvm.dll+0x6e0503]
V  [jvm.dll+0x6dfc1e]
V  [jvm.dll+0x6ddd0c]
V  [jvm.dll+0x1ca62c]
V  [jvm.dll+0x1cb1ac]
V  [jvm.dll+0x2f1cdc]
V  [jvm.dll+0x6e8512]
V  [jvm.dll+0x6e0503]
V  [jvm.dll+0x6dfc1e]
V  [jvm.dll+0x6ddd0c]
V  [jvm.dll+0x1ca62c]
V  [jvm.dll+0x1cb1ac]
V  [jvm.dll+0x1cb1ac]
V  [jvm.dll+0x2f1cdc]
V  [jvm.dll+0x6e8512]
V  [jvm.dll+0x6e0503]
V  [jvm.dll+0x6dfc1e]
V  [jvm.dll+0x6ddd0c]
V  [jvm.dll+0x1ca62c]
V  [jvm.dll+0x1cb1ac]
V  [jvm.dll+0x1cb1ac]
V  [jvm.dll+0x2f1cdc]
V  [jvm.dll+0x6e8512]
V  [jvm.dll+0x6e0503]
V  [jvm.dll+0x6dfc1e]
V  [jvm.dll+0x6ddd0c]
V  [jvm.dll+0x1ca62c]
V  [jvm.dll+0x1cb1ac]
V  [jvm.dll+0x2f1cdc]
V  [jvm.dll+0x6e8512]
V  [jvm.dll+0x6e0503]
V  [jvm.dll+0x6dfc1e]
V  [jvm.dll+0x6ddd0c]
V  [jvm.dll+0x1ca62c]
V  [jvm.dll+0x246b3e]
V  [jvm.dll+0x1c75ee]
V  [jvm.dll+0x25685a]
V  [jvm.dll+0x254dfa]
V  [jvm.dll+0x3f0256]
V  [jvm.dll+0x851f8b]
V  [jvm.dll+0x6cc5ed]
C  [ucrtbase.dll+0x29333]
C  [KERNEL32.DLL+0x1259d]
C  [ntdll.dll+0x5af38]


---------------  P R O C E S S  ---------------

Threads class SMR info:
_java_thread_list=0x000001667052d690, length=17, elements={
0x00000166148fc0c0, 0x0000016628cb0650, 0x0000016628cb1600, 0x0000016628cb5b20,
0x0000016628cb6b90, 0x0000016628cb90f0, 0x0000016628cbac80, 0x0000016628cbc420,
0x0000016628ccc6e0, 0x000001666b82def0, 0x000001666ba5ac60, 0x00000166707ab340,
0x00000166707ca930, 0x0000016670466310, 0x000001667079e0a0, 0x00000166702fddb0,
0x00000166708acdd0
}

Java Threads: ( => current thread )
  0x00000166148fc0c0 JavaThread "main"                              [_thread_blocked, id=2124, stack(0x000000398f900000,0x000000398fa00000) (1024K)]
  0x0000016628cb0650 JavaThread "Reference Handler"          daemon [_thread_blocked, id=5088, stack(0x000000398fd00000,0x000000398fe00000) (1024K)]
  0x0000016628cb1600 JavaThread "Finalizer"                  daemon [_thread_blocked, id=9444, stack(0x000000398fe00000,0x000000398ff00000) (1024K)]
  0x0000016628cb5b20 JavaThread "Signal Dispatcher"          daemon [_thread_blocked, id=17104, stack(0x000000398ff00000,0x0000003990000000) (1024K)]
  0x0000016628cb6b90 JavaThread "Attach Listener"            daemon [_thread_blocked, id=19200, stack(0x0000003990000000,0x0000003990100000) (1024K)]
  0x0000016628cb90f0 JavaThread "Service Thread"             daemon [_thread_blocked, id=1808, stack(0x0000003990100000,0x0000003990200000) (1024K)]
  0x0000016628cbac80 JavaThread "Monitor Deflation Thread"   daemon [_thread_blocked, id=8180, stack(0x0000003990200000,0x0000003990300000) (1024K)]
=>0x0000016628cbc420 JavaThread "C2 CompilerThread0"         daemon [_thread_in_native, id=11024, stack(0x0000003990300000,0x0000003990400000) (1024K)]
  0x0000016628ccc6e0 JavaThread "C1 CompilerThread0"         daemon [_thread_blocked, id=15648, stack(0x0000003990400000,0x0000003990500000) (1024K)]
  0x000001666b82def0 JavaThread "Common-Cleaner"             daemon [_thread_blocked, id=4208, stack(0x0000003990500000,0x0000003990600000) (1024K)]
  0x000001666ba5ac60 JavaThread "Notification Thread"        daemon [_thread_blocked, id=16780, stack(0x0000003990600000,0x0000003990700000) (1024K)]
  0x00000166707ab340 JavaThread "Active Thread: Equinox Container: 363ff455-c289-48db-a586-2de10bb684d1"        [_thread_blocked, id=18080, stack(0x0000003990d00000,0x0000003990e00000) (1024K)]
  0x00000166707ca930 JavaThread "Framework Event Dispatcher: Equinox Container: 363ff455-c289-48db-a586-2de10bb684d1" daemon [_thread_blocked, id=6752, stack(0x0000003990e00000,0x0000003990f00000) (1024K)]
  0x0000016670466310 JavaThread "Start Level: Equinox Container: 363ff455-c289-48db-a586-2de10bb684d1" daemon [_thread_in_vm, id=20040, stack(0x0000003990f00000,0x0000003991000000) (1024K)]
  0x000001667079e0a0 JavaThread "SCR Component Actor"        daemon [_thread_blocked, id=15560, stack(0x0000003991000000,0x0000003991100000) (1024K)]
  0x00000166702fddb0 JavaThread "SCR Component Registry"     daemon [_thread_blocked, id=16532, stack(0x0000003991200000,0x0000003991300000) (1024K)]
  0x00000166708acdd0 JavaThread "Worker-JM"                         [_thread_blocked, id=15928, stack(0x0000003991300000,0x0000003991400000) (1024K)]
Total: 17

Other Threads:
  0x00000166149be770 VMThread "VM Thread"                           [id=10904, stack(0x000000398fc00000,0x000000398fd00000) (1024K)]
  0x0000016614967c90 WatcherThread "VM Periodic Task Thread"        [id=15912, stack(0x000000398fb00000,0x000000398fc00000) (1024K)]
  0x000001661491bff0 WorkerThread "GC Thread#0"                     [id=1372, stack(0x000000398fa00000,0x000000398fb00000) (1024K)]
  0x000001667070c1e0 WorkerThread "GC Thread#1"                     [id=17396, stack(0x0000003990700000,0x0000003990800000) (1024K)]
  0x000001667070c580 WorkerThread "GC Thread#2"                     [id=13844, stack(0x0000003990800000,0x0000003990900000) (1024K)]
  0x00000166703b44c0 WorkerThread "GC Thread#3"                     [id=10620, stack(0x0000003990900000,0x0000003990a00000) (1024K)]
  0x00000166703b4860 WorkerThread "GC Thread#4"                     [id=17552, stack(0x0000003990a00000,0x0000003990b00000) (1024K)]
  0x0000016670747550 WorkerThread "GC Thread#5"                     [id=3216, stack(0x0000003990b00000,0x0000003990c00000) (1024K)]
  0x00000166707478f0 WorkerThread "GC Thread#6"                     [id=8576, stack(0x0000003990c00000,0x0000003990d00000) (1024K)]
  0x00000166707da520 WorkerThread "GC Thread#7"                     [id=12372, stack(0x0000003991100000,0x0000003991200000) (1024K)]
Total: 10

Threads with active compile tasks:
C2 CompilerThread0  2891 2324       4       org.eclipse.core.internal.dtree.DataTreeReader::readNode (248 bytes)
Total: 1

VM state: not at safepoint (normal execution)

VM Mutex/Monitor currently owned by a thread: None

OutOfMemory and StackOverflow Exception counts:
OutOfMemoryError java_heap_errors=1
LinkageErrors=39

Heap address: 0x00000000c0000000, size: 1024 MB, Compressed Oops mode: 32-bit

CDS archive(s) mapped at: [0x0000016629000000-0x0000016629ba0000-0x0000016629ba0000), size 12189696, SharedBaseAddress: 0x0000016629000000, ArchiveRelocationMode: 1.
Compressed class space mapped at: 0x000001662a000000-0x000001666a000000, reserved size: 1073741824
Narrow klass base: 0x0000016629000000, Narrow klass shift: 0, Narrow klass range: 0x100000000

GC Precious Log:
 CardTable entry size: 512
 CPUs: 8 total, 8 available
 Memory: 7991M
 Large Page Support: Disabled
 NUMA Support: Disabled
 Compressed Oops: Enabled (32-bit)
 Alignments: Space 512K, Generation 512K, Heap 2M
 Heap Min Capacity: 100M
 Heap Initial Capacity: 100M
 Heap Max Capacity: 1G
 Pre-touch: Disabled
 Parallel Workers: 8

Heap:
 PSYoungGen      total 29696K, used 15521K [0x00000000eab00000, 0x00000000ecc00000, 0x0000000100000000)
  eden space 25600K, 44% used [0x00000000eab00000,0x00000000eb628f78,0x00000000ec400000)
  from space 4096K, 99% used [0x00000000ec400000,0x00000000ec7ff608,0x00000000ec800000)
  to   space 4096K, 0% used [0x00000000ec800000,0x00000000ec800000,0x00000000ecc00000)
 ParOldGen       total 68608K, used 2713K [0x00000000c0000000, 0x00000000c4300000, 0x00000000eab00000)
  object space 68608K, 3% used [0x00000000c0000000,0x00000000c02a6740,0x00000000c4300000)
 Metaspace       used 13799K, committed 14272K, reserved 1114112K
  class space    used 1386K, committed 1600K, reserved 1048576K

Card table byte_map: [0x00000166142a0000,0x00000166144b0000] _byte_map_base: 0x0000016613ca0000

Marking Bits: (ParMarkBitMap*) 0x00007fffb9223260
 Begin Bits: [0x0000016626af0000, 0x0000016627af0000)
 End Bits:   [0x0000016627af0000, 0x0000016628af0000)

Polling page: 0x00000166128e0000

Metaspace:

Usage:
  Non-class:     12.12 MB used.
      Class:      1.35 MB used.
       Both:     13.48 MB used.

Virtual space:
  Non-class space:       64.00 MB reserved,      12.38 MB ( 19%) committed,  1 nodes.
      Class space:        1.00 GB reserved,       1.56 MB ( <1%) committed,  1 nodes.
             Both:        1.06 GB reserved,      13.94 MB (  1%) committed. 

Chunk freelists:
   Non-Class:  3.45 MB
       Class:  14.39 MB
        Both:  17.84 MB

MaxMetaspaceSize: unlimited
CompressedClassSpaceSize: 1.00 GB
Initial GC threshold: 21.00 MB
Current GC threshold: 21.00 MB
CDS: on
 - commit_granule_bytes: 65536.
 - commit_granule_words: 8192.
 - virtual_space_node_default_size: 8388608.
 - enlarge_chunks_in_place: 1.
 - use_allocation_guard: 0.


Internal statistics:

num_allocs_failed_limit: 0.
num_arena_births: 416.
num_arena_deaths: 0.
num_vsnodes_births: 2.
num_vsnodes_deaths: 0.
num_space_committed: 223.
num_space_uncommitted: 0.
num_chunks_returned_to_freelist: 0.
num_chunks_taken_from_freelist: 903.
num_chunk_merges: 0.
num_chunk_splits: 584.
num_chunks_enlarged: 345.
num_inconsistent_stats: 0.

CodeHeap 'non-profiled nmethods': size=120000Kb used=918Kb max_used=918Kb free=119082Kb
 bounds [0x000001661f5c0000, 0x000001661f830000, 0x0000016626af0000]
CodeHeap 'profiled nmethods': size=120000Kb used=4540Kb max_used=4540Kb free=115459Kb
 bounds [0x0000016617af0000, 0x0000016617f60000, 0x000001661f020000]
CodeHeap 'non-nmethods': size=5760Kb used=1267Kb max_used=1279Kb free=4493Kb
 bounds [0x000001661f020000, 0x000001661f290000, 0x000001661f5c0000]
 total_blobs=2867 nmethods=2339 adapters=434
 compilation: enabled
              stopped_count=0, restarted_count=0
 full_count=0

Compilation events (20 events):
Event: 2.813 Thread 0x0000016628ccc6e0 2308       3       org.eclipse.core.internal.resources.ResourceInfo::setBits (41 bytes)
Event: 2.813 Thread 0x0000016628ccc6e0 nmethod 2308 0x0000016617f51490 code [0x0000016617f51620, 0x0000016617f51748]
Event: 2.813 Thread 0x0000016628ccc6e0 2310       3       org.eclipse.core.internal.resources.ResourceInfo::readFrom (49 bytes)
Event: 2.814 Thread 0x0000016628ccc6e0 nmethod 2310 0x0000016617f51810 code [0x0000016617f51a00, 0x0000016617f51e88]
Event: 2.814 Thread 0x0000016628ccc6e0 2309       3       org.eclipse.core.internal.resources.SaveManager::readElement (46 bytes)
Event: 2.814 Thread 0x0000016628ccc6e0 nmethod 2309 0x0000016617f51f90 code [0x0000016617f521e0, 0x0000016617f52968]
Event: 2.814 Thread 0x0000016628ccc6e0 2300       3       jdk.internal.misc.Unsafe::weakCompareAndSetLong (11 bytes)
Event: 2.814 Thread 0x0000016628ccc6e0 nmethod 2300 0x0000016617f52d10 code [0x0000016617f52ea0, 0x0000016617f52fc8]
Event: 2.828 Thread 0x0000016628cbc420 nmethod 2276 0x000001661f6a1110 code [0x000001661f6a1840, 0x000001661f6a2da0]
Event: 2.828 Thread 0x0000016628cbc420 2277       4       java.lang.invoke.MethodType::hashCode (53 bytes)
Event: 2.830 Thread 0x0000016628cbc420 nmethod 2277 0x000001661f6a4190 code [0x000001661f6a4340, 0x000001661f6a4530]
Event: 2.830 Thread 0x0000016628cbc420 2311       4       java.io.FilterInputStream::read (11 bytes)
Event: 2.831 Thread 0x0000016628cbc420 nmethod 2311 0x000001661f6a4710 code [0x000001661f6a48a0, 0x000001661f6a49a8]
Event: 2.831 Thread 0x0000016628cbc420 2317       4       jdk.internal.misc.Unsafe::getLongUnaligned (12 bytes)
Event: 2.833 Thread 0x0000016628cbc420 nmethod 2317 0x000001661f6a4a90 code [0x000001661f6a4c20, 0x000001661f6a4cf0]
Event: 2.833 Thread 0x0000016628cbc420 2316       4       java.io.DataInputStream::readLong (20 bytes)
Event: 2.836 Thread 0x0000016628cbc420 nmethod 2316 0x000001661f6a4d90 code [0x000001661f6a4f40, 0x000001661f6a5178]
Event: 2.836 Thread 0x0000016628cbc420 2324       4       org.eclipse.core.internal.dtree.DataTreeReader::readNode (248 bytes)
Event: 2.842 Thread 0x0000016628ccc6e0 2329       3       java.io.BufferedInputStream::getBufIfOpen (61 bytes)
Event: 2.843 Thread 0x0000016628ccc6e0 nmethod 2329 0x0000016617f53090 code [0x0000016617f53260, 0x0000016617f535e8]

GC Heap History (6 events):
Event: 0.868 GC heap before
{Heap before GC invocations=1 (full 0):
 PSYoungGen      total 29696K, used 25600K [0x00000000eab00000, 0x00000000ecc00000, 0x0000000100000000)
  eden space 25600K, 100% used [0x00000000eab00000,0x00000000ec400000,0x00000000ec400000)
  from space 4096K, 0% used [0x00000000ec800000,0x00000000ec800000,0x00000000ecc00000)
  to   space 4096K, 0% used [0x00000000ec400000,0x00000000ec400000,0x00000000ec800000)
 ParOldGen       total 68608K, used 0K [0x00000000c0000000, 0x00000000c4300000, 0x00000000eab00000)
  object space 68608K, 0% used [0x00000000c0000000,0x00000000c0000000,0x00000000c4300000)
 Metaspace       used 4321K, committed 4544K, reserved 1114112K
  class space    used 434K, committed 512K, reserved 1048576K
}
Event: 0.886 GC heap after
{Heap after GC invocations=1 (full 0):
 PSYoungGen      total 29696K, used 3205K [0x00000000eab00000, 0x00000000ecc00000, 0x0000000100000000)
  eden space 25600K, 0% used [0x00000000eab00000,0x00000000eab00000,0x00000000ec400000)
  from space 4096K, 78% used [0x00000000ec400000,0x00000000ec7217f0,0x00000000ec800000)
  to   space 4096K, 0% used [0x00000000ec800000,0x00000000ec800000,0x00000000ecc00000)
 ParOldGen       total 68608K, used 16K [0x00000000c0000000, 0x00000000c4300000, 0x00000000eab00000)
  object space 68608K, 0% used [0x00000000c0000000,0x00000000c0004000,0x00000000c4300000)
 Metaspace       used 4321K, committed 4544K, reserved 1114112K
  class space    used 434K, committed 512K, reserved 1048576K
}
Event: 1.737 GC heap before
{Heap before GC invocations=2 (full 0):
 PSYoungGen      total 29696K, used 28805K [0x00000000eab00000, 0x00000000ecc00000, 0x0000000100000000)
  eden space 25600K, 100% used [0x00000000eab00000,0x00000000ec400000,0x00000000ec400000)
  from space 4096K, 78% used [0x00000000ec400000,0x00000000ec7217f0,0x00000000ec800000)
  to   space 4096K, 0% used [0x00000000ec800000,0x00000000ec800000,0x00000000ecc00000)
 ParOldGen       total 68608K, used 16K [0x00000000c0000000, 0x00000000c4300000, 0x00000000eab00000)
  object space 68608K, 0% used [0x00000000c0000000,0x00000000c0004000,0x00000000c4300000)
 Metaspace       used 8158K, committed 8512K, reserved 1114112K
  class space    used 804K, committed 960K, reserved 1048576K
}
Event: 1.744 GC heap after
{Heap after GC invocations=2 (full 0):
 PSYoungGen      total 29696K, used 4094K [0x00000000eab00000, 0x00000000ecc00000, 0x0000000100000000)
  eden space 25600K, 0% used [0x00000000eab00000,0x00000000eab00000,0x00000000ec400000)
  from space 4096K, 99% used [0x00000000ec800000,0x00000000ecbffa90,0x00000000ecc00000)
  to   space 4096K, 0% used [0x00000000ec400000,0x00000000ec400000,0x00000000ec800000)
 ParOldGen       total 68608K, used 810K [0x00000000c0000000, 0x00000000c4300000, 0x00000000eab00000)
  object space 68608K, 1% used [0x00000000c0000000,0x00000000c00cab08,0x00000000c4300000)
 Metaspace       used 8158K, committed 8512K, reserved 1114112K
  class space    used 804K, committed 960K, reserved 1048576K
}
Event: 2.695 GC heap before
{Heap before GC invocations=3 (full 0):
 PSYoungGen      total 29696K, used 29694K [0x00000000eab00000, 0x00000000ecc00000, 0x0000000100000000)
  eden space 25600K, 100% used [0x00000000eab00000,0x00000000ec400000,0x00000000ec400000)
  from space 4096K, 99% used [0x00000000ec800000,0x00000000ecbffa90,0x00000000ecc00000)
  to   space 4096K, 0% used [0x00000000ec400000,0x00000000ec400000,0x00000000ec800000)
 ParOldGen       total 68608K, used 810K [0x00000000c0000000, 0x00000000c4300000, 0x00000000eab00000)
  object space 68608K, 1% used [0x00000000c0000000,0x00000000c00cab08,0x00000000c4300000)
 Metaspace       used 12916K, committed 13440K, reserved 1114112K
  class space    used 1297K, committed 1536K, reserved 1048576K
}
Event: 2.700 GC heap after
{Heap after GC invocations=3 (full 0):
 PSYoungGen      total 29696K, used 4093K [0x00000000eab00000, 0x00000000ecc00000, 0x0000000100000000)
  eden space 25600K, 0% used [0x00000000eab00000,0x00000000eab00000,0x00000000ec400000)
  from space 4096K, 99% used [0x00000000ec400000,0x00000000ec7ff608,0x00000000ec800000)
  to   space 4096K, 0% used [0x00000000ec800000,0x00000000ec800000,0x00000000ecc00000)
 ParOldGen       total 68608K, used 2713K [0x00000000c0000000, 0x00000000c4300000, 0x00000000eab00000)
  object space 68608K, 3% used [0x00000000c0000000,0x00000000c02a6740,0x00000000c4300000)
 Metaspace       used 12916K, committed 13440K, reserved 1114112K
  class space    used 1297K, committed 1536K, reserved 1048576K
}

Dll operation events (9 events):
Event: 0.020 Loaded shared library c:\Users\dinet\.vscode-insiders\extensions\redhat.java-1.40.0-win32-x64\jre\21.0.6-win32-x86_64\bin\java.dll
Event: 0.094 Loaded shared library c:\Users\dinet\.vscode-insiders\extensions\redhat.java-1.40.0-win32-x64\jre\21.0.6-win32-x86_64\bin\zip.dll
Event: 0.116 Loaded shared library C:\Users\dinet\.vscode-insiders\extensions\redhat.java-1.40.0-win32-x64\jre\21.0.6-win32-x86_64\bin\instrument.dll
Event: 0.120 Loaded shared library C:\Users\dinet\.vscode-insiders\extensions\redhat.java-1.40.0-win32-x64\jre\21.0.6-win32-x86_64\bin\net.dll
Event: 0.121 Loaded shared library C:\Users\dinet\.vscode-insiders\extensions\redhat.java-1.40.0-win32-x64\jre\21.0.6-win32-x86_64\bin\nio.dll
Event: 0.124 Loaded shared library C:\Users\dinet\.vscode-insiders\extensions\redhat.java-1.40.0-win32-x64\jre\21.0.6-win32-x86_64\bin\zip.dll
Event: 0.144 Loaded shared library C:\Users\dinet\.vscode-insiders\extensions\redhat.java-1.40.0-win32-x64\jre\21.0.6-win32-x86_64\bin\jimage.dll
Event: 0.223 Loaded shared library c:\Users\dinet\.vscode-insiders\extensions\redhat.java-1.40.0-win32-x64\jre\21.0.6-win32-x86_64\bin\verify.dll
Event: 1.673 Loaded shared library C:\Users\dinet\AppData\Roaming\Code - Insiders\User\globalStorage\redhat.java\1.40.0\config_ss_win\org.eclipse.equinox.launcher\org.eclipse.equinox.launcher.win32.win32.x86_64_1.2.1200.v20250212-0927\eclipse_11909.dll

Deoptimization events (20 events):
Event: 2.393 Thread 0x0000016670466310 Uncommon trap: trap_request=0xffffffc6 fr.pc=0x000001661f68091c relative=0x00000000000004dc
Event: 2.393 Thread 0x0000016670466310 Uncommon trap: reason=bimorphic_or_optimized_type_check action=maybe_recompile pc=0x000001661f68091c method=java.io.DataInputStream.readUnsignedByte()I @ 4 c2
Event: 2.393 Thread 0x0000016670466310 DEOPT PACKING pc=0x000001661f68091c sp=0x0000003990ff86a0
Event: 2.393 Thread 0x0000016670466310 DEOPT UNPACKING pc=0x000001661f076da2 sp=0x0000003990ff85e8 mode 2
Event: 2.393 Thread 0x0000016670466310 Uncommon trap: trap_request=0xffffffc6 fr.pc=0x000001661f68091c relative=0x00000000000004dc
Event: 2.393 Thread 0x0000016670466310 Uncommon trap: reason=bimorphic_or_optimized_type_check action=maybe_recompile pc=0x000001661f68091c method=java.io.DataInputStream.readUnsignedByte()I @ 4 c2
Event: 2.393 Thread 0x0000016670466310 DEOPT PACKING pc=0x000001661f68091c sp=0x0000003990ff86a0
Event: 2.393 Thread 0x0000016670466310 DEOPT UNPACKING pc=0x000001661f076da2 sp=0x0000003990ff85e8 mode 2
Event: 2.393 Thread 0x0000016670466310 Uncommon trap: trap_request=0xffffffc6 fr.pc=0x000001661f68091c relative=0x00000000000004dc
Event: 2.393 Thread 0x0000016670466310 Uncommon trap: reason=bimorphic_or_optimized_type_check action=maybe_recompile pc=0x000001661f68091c method=java.io.DataInputStream.readUnsignedByte()I @ 4 c2
Event: 2.393 Thread 0x0000016670466310 DEOPT PACKING pc=0x000001661f68091c sp=0x0000003990ff86a0
Event: 2.393 Thread 0x0000016670466310 DEOPT UNPACKING pc=0x000001661f076da2 sp=0x0000003990ff85e8 mode 2
Event: 2.606 Thread 0x0000016670466310 Uncommon trap: trap_request=0xffffff45 fr.pc=0x000001661f60f118 relative=0x0000000000000f58
Event: 2.606 Thread 0x0000016670466310 Uncommon trap: reason=unstable_if action=reinterpret pc=0x000001661f60f118 method=lombok.patcher.PatchScript.classMatches(Ljava/lang/String;Ljava/util/Collection;)Z @ 25 c2
Event: 2.606 Thread 0x0000016670466310 DEOPT PACKING pc=0x000001661f60f118 sp=0x0000003990ff6be0
Event: 2.606 Thread 0x0000016670466310 DEOPT UNPACKING pc=0x000001661f076da2 sp=0x0000003990ff6ba0 mode 2
Event: 2.711 Thread 0x0000016670466310 Uncommon trap: trap_request=0xffffff45 fr.pc=0x000001661f69300c relative=0x00000000000011ec
Event: 2.711 Thread 0x0000016670466310 Uncommon trap: reason=unstable_if action=reinterpret pc=0x000001661f69300c method=java.util.Properties.loadConvert([CIILjava/lang/StringBuilder;)Ljava/lang/String; @ 491 c2
Event: 2.711 Thread 0x0000016670466310 DEOPT PACKING pc=0x000001661f69300c sp=0x0000003990ff7830
Event: 2.711 Thread 0x0000016670466310 DEOPT UNPACKING pc=0x000001661f076da2 sp=0x0000003990ff7820 mode 2

Classes loaded (20 events):
Event: 2.709 Loading class java/lang/IllegalCallerException
Event: 2.709 Loading class java/lang/IllegalCallerException done
Event: 2.712 Loading class java/lang/invoke/DirectMethodHandle$1
Event: 2.713 Loading class java/lang/invoke/DirectMethodHandle$1 done
Event: 2.743 Loading class java/util/stream/SortedOps
Event: 2.744 Loading class java/util/stream/SortedOps done
Event: 2.744 Loading class java/util/stream/SortedOps$OfRef
Event: 2.744 Loading class java/util/stream/ReferencePipeline$StatefulOp
Event: 2.744 Loading class java/util/stream/ReferencePipeline$StatefulOp done
Event: 2.744 Loading class java/util/stream/SortedOps$OfRef done
Event: 2.744 Loading class java/util/stream/SortedOps$RefSortingSink
Event: 2.744 Loading class java/util/stream/SortedOps$AbstractRefSortingSink
Event: 2.744 Loading class java/util/stream/SortedOps$AbstractRefSortingSink done
Event: 2.744 Loading class java/util/stream/SortedOps$RefSortingSink done
Event: 2.766 Loading class java/util/zip/ZipOutputStream
Event: 2.767 Loading class java/util/zip/DeflaterOutputStream
Event: 2.768 Loading class java/util/zip/DeflaterOutputStream done
Event: 2.768 Loading class java/util/zip/ZipOutputStream done
Event: 2.768 Loading class java/util/concurrent/ExecutionException
Event: 2.768 Loading class java/util/concurrent/ExecutionException done

Classes unloaded (0 events):
No events

Classes redefined (0 events):
No events

Internal exceptions (20 events):
Event: 0.985 Thread 0x00000166148fc0c0 Exception <a 'java/lang/NoSuchMethodError'{0x00000000ead52be8}: 'void java.lang.invoke.DirectMethodHandle$Holder.invokeStatic(java.lang.Object, java.lang.Object)'> (0x00000000ead52be8) 
thrown [s\src\hotspot\share\interpreter\linkResolver.cpp, line 773]
Event: 0.986 Thread 0x00000166148fc0c0 Exception <a 'java/lang/NoSuchMethodError'{0x00000000ead55f90}: 'void java.lang.invoke.DirectMethodHandle$Holder.invokeStaticInit(java.lang.Object, java.lang.Object)'> (0x00000000ead55f90) 
thrown [s\src\hotspot\share\interpreter\linkResolver.cpp, line 773]
Event: 0.987 Thread 0x00000166148fc0c0 Exception <a 'java/lang/NoSuchMethodError'{0x00000000ead5cf90}: 'int java.lang.invoke.DirectMethodHandle$Holder.invokeStaticInit(java.lang.Object, java.lang.Object)'> (0x00000000ead5cf90) 
thrown [s\src\hotspot\share\interpreter\linkResolver.cpp, line 773]
Event: 1.091 Thread 0x00000166148fc0c0 Exception <a 'java/lang/NoSuchMethodError'{0x00000000eae9bfb8}: 'void java.lang.invoke.DirectMethodHandle$Holder.invokeSpecial(java.lang.Object, java.lang.Object, java.lang.Object)'> (0x00000000eae9bfb8) 
thrown [s\src\hotspot\share\interpreter\linkResolver.cpp, line 773]
Event: 1.337 Thread 0x00000166148fc0c0 Exception <a 'java/lang/NoSuchMethodError'{0x00000000eb7444b0}: 'int java.lang.invoke.DirectMethodHandle$Holder.invokeVirtual(java.lang.Object, java.lang.Object)'> (0x00000000eb7444b0) 
thrown [s\src\hotspot\share\interpreter\linkResolver.cpp, line 773]
Event: 1.462 Thread 0x00000166148fc0c0 Exception <a 'java/lang/NoSuchMethodError'{0x00000000eba81c10}: 'java.lang.Object java.lang.invoke.DirectMethodHandle$Holder.newInvokeSpecial(java.lang.Object, int, java.lang.Object)'> (0x00000000eba81c10) 
thrown [s\src\hotspot\share\interpreter\linkResolver.cpp, line 773]
Event: 1.495 Thread 0x00000166148fc0c0 Exception <a 'java/lang/NoSuchMethodError'{0x00000000ebc1c640}: 'java.lang.Object java.lang.invoke.DirectMethodHandle$Holder.newInvokeSpecial(java.lang.Object, java.lang.Object, java.lang.Object, java.lang.Object, int, java.lang.Object)'> (0x00000000ebc1c640) 
thrown [s\src\hotspot\share\interpreter\linkResolver.cpp, line 773]
Event: 1.639 Thread 0x00000166148fc0c0 Exception <a 'java/lang/UnsatisfiedLinkError'{0x00000000ec0ae0f0}: 'void org.eclipse.equinox.launcher.JNIBridge._update_splash()'> (0x00000000ec0ae0f0) 
thrown [s\src\hotspot\share\prims\nativeLookup.cpp, line 415]
Event: 1.767 Thread 0x0000016670466310 Exception <a 'java/lang/NullPointerException'{0x00000000eabea228}> (0x00000000eabea228) 
thrown [s\src\hotspot\share\interpreter\linkResolver.cpp, line 1372]
Event: 1.767 Thread 0x0000016670466310 Exception <a 'java/lang/NullPointerException'{0x00000000eabea508}> (0x00000000eabea508) 
thrown [s\src\hotspot\share\interpreter\linkResolver.cpp, line 1372]
Event: 2.135 Thread 0x0000016670466310 Exception <a 'java/io/FileNotFoundException'{0x00000000eb72e990}> (0x00000000eb72e990) 
thrown [s\src\hotspot\share\prims\jni.cpp, line 520]
Event: 2.345 Thread 0x0000016670466310 Exception <a 'java/lang/NoSuchMethodError'{0x00000000eba08020}: 'java.lang.Object java.lang.invoke.Invokers$Holder.linkToTargetMethod(java.lang.Object, long, java.lang.Object)'> (0x00000000eba08020) 
thrown [s\src\hotspot\share\interpreter\linkResolver.cpp, line 773]
Event: 2.460 Thread 0x0000016670466310 Exception <a 'java/lang/NoSuchMethodError'{0x00000000ebd9f240}: 'void java.lang.invoke.DirectMethodHandle$Holder.invokeInterface(java.lang.Object, java.lang.Object, java.lang.Object)'> (0x00000000ebd9f240) 
thrown [s\src\hotspot\share\interpreter\linkResolver.cpp, line 773]
Event: 2.528 Thread 0x0000016670466310 Exception <a 'java/lang/NoSuchMethodError'{0x00000000ebfa1498}: 'void java.lang.invoke.Invokers$Holder.invokeExact_MT(java.lang.Object, java.lang.Object, java.lang.Object)'> (0x00000000ebfa1498) 
thrown [s\src\hotspot\share\interpreter\linkResolver.cpp, line 773]
Event: 2.635 Thread 0x0000016670466310 Exception <a 'java/lang/NoSuchMethodError'{0x00000000ec26bfa8}: 'java.lang.Object java.lang.invoke.DirectMethodHandle$Holder.invokeVirtual(java.lang.Object, java.lang.Object, java.lang.Object)'> (0x00000000ec26bfa8) 
thrown [s\src\hotspot\share\interpreter\linkResolver.cpp, line 773]
Event: 2.638 Thread 0x0000016670466310 Exception <a 'java/lang/NoSuchMethodError'{0x00000000ec284220}: 'java.lang.Object java.lang.invoke.DelegatingMethodHandle$Holder.reinvoke_L(java.lang.Object, java.lang.Object, java.lang.Object, java.lang.Object, int, int)'> (0x00000000ec284220) 
thrown [s\src\hotspot\share\interpreter\linkResolver.cpp, line 773]
Event: 2.640 Thread 0x0000016670466310 Exception <a 'java/lang/NoSuchMethodError'{0x00000000ec2a1228}: 'java.lang.Object java.lang.invoke.DirectMethodHandle$Holder.newInvokeSpecial(java.lang.Object, java.lang.Object, java.lang.Object, java.lang.Object, java.lang.Object, java.lang.Object)'> (0x00000000ec2a1228) 
thrown [s\src\hotspot\share\interpreter\linkResolver.cpp, line 773]
Event: 2.643 Thread 0x0000016670466310 Exception <a 'java/lang/NoSuchMethodError'{0x00000000ec2bd820}: 'void java.lang.invoke.Invokers$Holder.invokeExact_MT(java.lang.Object, java.lang.Object, java.lang.Object, java.lang.Object)'> (0x00000000ec2bd820) 
thrown [s\src\hotspot\share\interpreter\linkResolver.cpp, line 773]
Event: 2.727 Thread 0x0000016670466310 Exception <a 'java/io/FileNotFoundException'{0x00000000eac51c40}> (0x00000000eac51c40) 
thrown [s\src\hotspot\share\prims\jni.cpp, line 520]
Event: 2.728 Thread 0x0000016670466310 Exception <a 'java/io/FileNotFoundException'{0x00000000eac59020}> (0x00000000eac59020) 
thrown [s\src\hotspot\share\prims\jni.cpp, line 520]

ZGC Phase Switch (0 events):
No events

VM Operations (20 events):
Event: 0.479 Executing VM operation: HandshakeAllThreads (Deoptimize)
Event: 0.479 Executing VM operation: HandshakeAllThreads (Deoptimize) done
Event: 0.868 Executing VM operation: ParallelGCFailedAllocation (Allocation Failure)
Event: 0.886 Executing VM operation: ParallelGCFailedAllocation (Allocation Failure) done
Event: 1.438 Executing VM operation: HandshakeAllThreads (Deoptimize)
Event: 1.438 Executing VM operation: HandshakeAllThreads (Deoptimize) done
Event: 1.447 Executing VM operation: HandshakeAllThreads (Deoptimize)
Event: 1.447 Executing VM operation: HandshakeAllThreads (Deoptimize) done
Event: 1.492 Executing VM operation: HandshakeAllThreads (Deoptimize)
Event: 1.492 Executing VM operation: HandshakeAllThreads (Deoptimize) done
Event: 1.736 Executing VM operation: ParallelGCFailedAllocation (Allocation Failure)
Event: 1.744 Executing VM operation: ParallelGCFailedAllocation (Allocation Failure) done
Event: 1.763 Executing VM operation: HandshakeAllThreads (Deoptimize)
Event: 1.763 Executing VM operation: HandshakeAllThreads (Deoptimize) done
Event: 1.925 Executing VM operation: HandshakeAllThreads (Deoptimize)
Event: 1.925 Executing VM operation: HandshakeAllThreads (Deoptimize) done
Event: 2.394 Executing VM operation: HandshakeAllThreads (Deoptimize)
Event: 2.394 Executing VM operation: HandshakeAllThreads (Deoptimize) done
Event: 2.695 Executing VM operation: ParallelGCFailedAllocation (Allocation Failure)
Event: 2.700 Executing VM operation: ParallelGCFailedAllocation (Allocation Failure) done

Memory protections (0 events):
No events

Nmethod flushes (0 events):
No events

Events (17 events):
Event: 0.039 Thread 0x00000166148fc0c0 Thread added: 0x00000166148fc0c0
Event: 0.056 Thread 0x00000166148fc0c0 Thread added: 0x0000016628cb0650
Event: 0.056 Thread 0x00000166148fc0c0 Thread added: 0x0000016628cb1600
Event: 0.056 Thread 0x00000166148fc0c0 Thread added: 0x0000016628cb5b20
Event: 0.056 Thread 0x00000166148fc0c0 Thread added: 0x0000016628cb6b90
Event: 0.056 Thread 0x00000166148fc0c0 Thread added: 0x0000016628cb90f0
Event: 0.056 Thread 0x00000166148fc0c0 Thread added: 0x0000016628cbac80
Event: 0.056 Thread 0x00000166148fc0c0 Thread added: 0x0000016628cbc420
Event: 0.056 Thread 0x00000166148fc0c0 Thread added: 0x0000016628ccc6e0
Event: 0.079 Thread 0x00000166148fc0c0 Thread added: 0x000001666b82def0
Event: 0.312 Thread 0x00000166148fc0c0 Thread added: 0x000001666ba5ac60
Event: 1.419 Thread 0x00000166148fc0c0 Thread added: 0x00000166707ab340
Event: 1.633 Thread 0x00000166148fc0c0 Thread added: 0x00000166707ca930
Event: 1.637 Thread 0x00000166148fc0c0 Thread added: 0x0000016670466310
Event: 1.688 Thread 0x0000016670466310 Thread added: 0x000001667079e0a0
Event: 1.904 Thread 0x0000016670466310 Thread added: 0x00000166702fddb0
Event: 2.473 Thread 0x0000016670466310 Thread added: 0x00000166708acdd0


Dynamic libraries:
0x00007ff6f29a0000 - 0x00007ff6f29ae000 	c:\Users\dinet\.vscode-insiders\extensions\redhat.java-1.40.0-win32-x64\jre\21.0.6-win32-x86_64\bin\java.exe
0x00007ff836530000 - 0x00007ff836747000 	C:\Windows\SYSTEM32\ntdll.dll
0x00007ff835a10000 - 0x00007ff835ad4000 	C:\Windows\System32\KERNEL32.DLL
0x00007ff833810000 - 0x00007ff833be1000 	C:\Windows\System32\KERNELBASE.dll
0x00007ff833e70000 - 0x00007ff833f81000 	C:\Windows\System32\ucrtbase.dll
0x00007ff81b230000 - 0x00007ff81b24e000 	c:\Users\dinet\.vscode-insiders\extensions\redhat.java-1.40.0-win32-x64\jre\21.0.6-win32-x86_64\bin\VCRUNTIME140.dll
0x00007ff81b210000 - 0x00007ff81b228000 	c:\Users\dinet\.vscode-insiders\extensions\redhat.java-1.40.0-win32-x64\jre\21.0.6-win32-x86_64\bin\jli.dll
0x00007ff835ae0000 - 0x00007ff835c91000 	C:\Windows\System32\USER32.dll
0x00007ff809b60000 - 0x00007ff809df2000 	C:\Windows\WinSxS\amd64_microsoft.windows.common-controls_6595b64144ccf1df_6.0.22621.4830_none_270fe7d773858e80\COMCTL32.dll
0x00007ff8337e0000 - 0x00007ff833806000 	C:\Windows\System32\win32u.dll
0x00007ff8352a0000 - 0x00007ff835347000 	C:\Windows\System32\msvcrt.dll
0x00007ff835270000 - 0x00007ff835299000 	C:\Windows\System32\GDI32.dll
0x00007ff833c90000 - 0x00007ff833dab000 	C:\Windows\System32\gdi32full.dll
0x00007ff833bf0000 - 0x00007ff833c8a000 	C:\Windows\System32\msvcp_win.dll
0x00007ff8344e0000 - 0x00007ff834511000 	C:\Windows\System32\IMM32.DLL
0x00007ff82b550000 - 0x00007ff82b55c000 	c:\Users\dinet\.vscode-insiders\extensions\redhat.java-1.40.0-win32-x64\jre\21.0.6-win32-x86_64\bin\vcruntime140_1.dll
0x00007ff814f80000 - 0x00007ff81500d000 	c:\Users\dinet\.vscode-insiders\extensions\redhat.java-1.40.0-win32-x64\jre\21.0.6-win32-x86_64\bin\msvcp140.dll
0x00007fffb8570000 - 0x00007fffb9300000 	c:\Users\dinet\.vscode-insiders\extensions\redhat.java-1.40.0-win32-x64\jre\21.0.6-win32-x86_64\bin\server\jvm.dll
0x00007ff835d50000 - 0x00007ff835e01000 	C:\Windows\System32\ADVAPI32.dll
0x00007ff834520000 - 0x00007ff8345c7000 	C:\Windows\System32\sechost.dll
0x00007ff833670000 - 0x00007ff833698000 	C:\Windows\System32\bcrypt.dll
0x00007ff835150000 - 0x00007ff835264000 	C:\Windows\System32\RPCRT4.dll
0x00007ff835990000 - 0x00007ff835a01000 	C:\Windows\System32\WS2_32.dll
0x00007ff832ef0000 - 0x00007ff832f3d000 	C:\Windows\SYSTEM32\POWRPROF.dll
0x00007ff831010000 - 0x00007ff831044000 	C:\Windows\SYSTEM32\WINMM.dll
0x00007ff8298d0000 - 0x00007ff8298da000 	C:\Windows\SYSTEM32\VERSION.dll
0x00007ff832ed0000 - 0x00007ff832ee3000 	C:\Windows\SYSTEM32\UMPDC.dll
0x00007ff832690000 - 0x00007ff8326a8000 	C:\Windows\SYSTEM32\kernel.appcore.dll
0x00007ff823dd0000 - 0x00007ff823dda000 	c:\Users\dinet\.vscode-insiders\extensions\redhat.java-1.40.0-win32-x64\jre\21.0.6-win32-x86_64\bin\jimage.dll
0x00007ff830c40000 - 0x00007ff830e72000 	C:\Windows\SYSTEM32\DBGHELP.DLL
0x00007ff835f20000 - 0x00007ff8362b0000 	C:\Windows\System32\combase.dll
0x00007ff8362c0000 - 0x00007ff836397000 	C:\Windows\System32\OLEAUT32.dll
0x00007ff830fd0000 - 0x00007ff831002000 	C:\Windows\SYSTEM32\dbgcore.DLL
0x00007ff834180000 - 0x00007ff8341fb000 	C:\Windows\System32\bcryptPrimitives.dll
0x00007ff822e60000 - 0x00007ff822e6f000 	c:\Users\dinet\.vscode-insiders\extensions\redhat.java-1.40.0-win32-x64\jre\21.0.6-win32-x86_64\bin\instrument.dll
0x00007ff81b020000 - 0x00007ff81b03f000 	c:\Users\dinet\.vscode-insiders\extensions\redhat.java-1.40.0-win32-x64\jre\21.0.6-win32-x86_64\bin\java.dll
0x00007ff8348c0000 - 0x00007ff835148000 	C:\Windows\System32\SHELL32.dll
0x00007ff8336a0000 - 0x00007ff8337df000 	C:\Windows\System32\wintypes.dll
0x00007ff831580000 - 0x00007ff831e8d000 	C:\Windows\SYSTEM32\windows.storage.dll
0x00007ff8363e0000 - 0x00007ff8364ea000 	C:\Windows\System32\SHCORE.dll
0x00007ff834250000 - 0x00007ff8342ae000 	C:\Windows\System32\shlwapi.dll
0x00007ff8335a0000 - 0x00007ff8335cb000 	C:\Windows\SYSTEM32\profapi.dll
0x00007ff81b1f0000 - 0x00007ff81b208000 	c:\Users\dinet\.vscode-insiders\extensions\redhat.java-1.40.0-win32-x64\jre\21.0.6-win32-x86_64\bin\zip.dll
0x00007ff81b280000 - 0x00007ff81b290000 	C:\Users\dinet\.vscode-insiders\extensions\redhat.java-1.40.0-win32-x64\jre\21.0.6-win32-x86_64\bin\net.dll
0x00007ff82ec10000 - 0x00007ff82ed3c000 	C:\Windows\SYSTEM32\WINHTTP.dll
0x00007ff832b80000 - 0x00007ff832bea000 	C:\Windows\system32\mswsock.dll
0x00007ff81b1d0000 - 0x00007ff81b1e6000 	C:\Users\dinet\.vscode-insiders\extensions\redhat.java-1.40.0-win32-x64\jre\21.0.6-win32-x86_64\bin\nio.dll
0x00007ff81b1c0000 - 0x00007ff81b1d0000 	c:\Users\dinet\.vscode-insiders\extensions\redhat.java-1.40.0-win32-x64\jre\21.0.6-win32-x86_64\bin\verify.dll
0x00007ff819720000 - 0x00007ff819765000 	C:\Users\dinet\AppData\Roaming\Code - Insiders\User\globalStorage\redhat.java\1.40.0\config_ss_win\org.eclipse.equinox.launcher\org.eclipse.equinox.launcher.win32.win32.x86_64_1.2.1200.v20250212-0927\eclipse_11909.dll
0x00007ff834330000 - 0x00007ff8344d1000 	C:\Windows\System32\ole32.dll

dbghelp: loaded successfully - version: 4.0.5 - missing functions: none
symbol engine: initialized successfully - sym options: 0x614 - pdb path: .;c:\Users\dinet\.vscode-insiders\extensions\redhat.java-1.40.0-win32-x64\jre\21.0.6-win32-x86_64\bin;C:\Windows\SYSTEM32;C:\Windows\WinSxS\amd64_microsoft.windows.common-controls_6595b64144ccf1df_6.0.22621.4830_none_270fe7d773858e80;c:\Users\dinet\.vscode-insiders\extensions\redhat.java-1.40.0-win32-x64\jre\21.0.6-win32-x86_64\bin\server;C:\Users\dinet\AppData\Roaming\Code - Insiders\User\globalStorage\redhat.java\1.40.0\config_ss_win\org.eclipse.equinox.launcher\org.eclipse.equinox.launcher.win32.win32.x86_64_1.2.1200.v20250212-0927

VM Arguments:
jvm_args: --add-modules=ALL-SYSTEM --add-opens=java.base/java.util=ALL-UNNAMED --add-opens=java.base/java.lang=ALL-UNNAMED --add-opens=java.base/sun.nio.fs=ALL-UNNAMED -Declipse.application=org.eclipse.jdt.ls.core.id1 -Dosgi.bundles.defaultStartLevel=4 -Declipse.product=org.eclipse.jdt.ls.core.product -Djava.import.generatesMetadataFilesAtProjectRoot=false -DDetectVMInstallationsJob.disabled=true -Dfile.encoding=utf8 -XX:+UseParallelGC -XX:GCTimeRatio=4 -XX:AdaptiveSizePolicyWeight=90 -Dsun.zip.disableMemoryMapping=true -Xmx1G -Xms100m -Xlog:disable -javaagent:c:\Users\dinet\.vscode-insiders\extensions\redhat.java-1.40.0-win32-x64\lombok\lombok-1.18.36.jar 
java_command: c:\Users\dinet\.vscode-insiders\extensions\redhat.java-1.40.0-win32-x64\server\plugins\org.eclipse.equinox.launcher_1.6.1000.v20250131-0606.jar -configuration c:\Users\dinet\AppData\Roaming\Code - Insiders\User\globalStorage\redhat.java\1.40.0\config_ss_win -data c:\Users\dinet\AppData\Roaming\Code - Insiders\User\workspaceStorage\dabadabde1c83beb8ffe71b872dfda3c\redhat.java\ss_ws --pipe=\\.\pipe\lsp-99e607835ff3130f9cbc49b43cd2afa1-sock
java_class_path (initial): c:\Users\dinet\.vscode-insiders\extensions\redhat.java-1.40.0-win32-x64\server\plugins\org.eclipse.equinox.launcher_1.6.1000.v20250131-0606.jar
Launcher Type: SUN_STANDARD

[Global flags]
    uintx AdaptiveSizePolicyWeight                 = 90                                        {product} {command line}
     intx CICompilerCount                          = 4                                         {product} {ergonomic}
    uintx GCTimeRatio                              = 4                                         {product} {command line}
   size_t InitialHeapSize                          = 104857600                                 {product} {command line}
   size_t MaxHeapSize                              = 1073741824                                {product} {command line}
   size_t MaxNewSize                               = 357564416                                 {product} {ergonomic}
   size_t MinHeapDeltaBytes                        = 524288                                    {product} {ergonomic}
   size_t MinHeapSize                              = 104857600                                 {product} {command line}
   size_t NewSize                                  = 34603008                                  {product} {ergonomic}
    uintx NonNMethodCodeHeapSize                   = 5839372                                {pd product} {ergonomic}
    uintx NonProfiledCodeHeapSize                  = 122909434                              {pd product} {ergonomic}
   size_t OldSize                                  = 70254592                                  {product} {ergonomic}
    uintx ProfiledCodeHeapSize                     = 122909434                              {pd product} {ergonomic}
    uintx ReservedCodeCacheSize                    = 251658240                              {pd product} {ergonomic}
     bool SegmentedCodeCache                       = true                                      {product} {ergonomic}
   size_t SoftMaxHeapSize                          = 1073741824                             {manageable} {ergonomic}
     bool UseCompressedOops                        = true                           {product lp64_product} {ergonomic}
     bool UseLargePagesIndividualAllocation        = false                                  {pd product} {ergonomic}
     bool UseParallelGC                            = true                                      {product} {command line}

Logging:
Log output configuration:
 #0: stdout all=off uptime,level,tags foldmultilines=false
 #1: stderr all=off uptime,level,tags foldmultilines=false

Environment Variables:
PATH=c:\Users\dinet\AppData\Local\Programs\cursor\resources\app\bin;C:\Program Files\MySQL\MySQL Server 8.0\bin;C:\Program Files\Java\jdk-21\bin;C:\Program Files\Common Files\Oracle\Java\javapath;D:\apache-maven-3.9.9-bin\apache-maven-3.9.9\bin;C:\Windows\system32;C:\Windows;C:\Windows\System32\Wbem;C:\Windows\System32\WindowsPowerShell\v1.0\;C:\Windows\System32\OpenSSH\;C:\Program Files (x86)\Microsoft SQL Server\160\Tools\Binn\;C:\Program Files\Microsoft SQL Server\160\Tools\Binn\;C:\Program Files\Microsoft SQL Server\Client SDK\ODBC\170\Tools\Binn\;C:\Program Files\Microsoft SQL Server\160\DTS\Binn\;C:\Program Files\nodejs\;C:\Program Files\Git\cmd;C:\Users\dinet\AppData\Local\Microsoft\WindowsApps;C:\Users\dinet\AppData\Roaming\npm;c:\Users\dinet\AppData\Local\Programs\cursor\resources\app\bin;c:\Users\dinet\AppData\Local\Programs\cursor\resources\app\bin;C:\Program Files\dotnet\;C:\Program Files\MongoDB\mongosh-2.4.0-win32-x64\bin;D:\azure-cli-2.70.0-x64\bin;C:\Program Files\Docker\Docker\resources\bin;C:\Program Files\apache-maven-3.9.9-bin\apache-maven-3.9.9\bin;C:\Users\dinet\AppData\Local\Microsoft\WindowsApps;C:\Users\dinet\AppData\Local\Programs\Microsoft VS Code\bin;C:\Users\dinet\AppData\Roaming\npm;C:\Program Files\JetBrains\WebStorm 2024.3.2.1\bin;;C:\Users\dinet\AppData\Local\Programs\Microsoft VS Code Insiders\bin
USERNAME=dinet
OS=Windows_NT
PROCESSOR_IDENTIFIER=Intel64 Family 6 Model 140 Stepping 1, GenuineIntel
TMP=C:\Users\dinet\AppData\Local\Temp
TEMP=C:\Users\dinet\AppData\Local\Temp




Periodic native trim disabled

---------------  S Y S T E M  ---------------

OS:
 Windows 11 , 64 bit Build 22621 (10.0.22621.4974)
OS uptime: 0 days 3:37 hours
Hyper-V role detected

CPU: total 8 (initial active 8) (4 cores per cpu, 2 threads per core) family 6 model 140 stepping 1 microcode 0x8a, cx8, cmov, fxsr, ht, mmx, 3dnowpref, sse, sse2, sse3, ssse3, sse4.1, sse4.2, popcnt, lzcnt, tsc, tscinvbit, avx, avx2, aes, erms, clmul, bmi1, bmi2, adx, avx512f, avx512dq, avx512cd, avx512bw, avx512vl, sha, fma, vzeroupper, avx512_vpopcntdq, avx512_vpclmulqdq, avx512_vaes, avx512_vnni, clflush, clflushopt, clwb, avx512_vbmi2, avx512_vbmi, hv, rdtscp, rdpid, fsrm, gfni, avx512_bitalg, f16c, cet_ibt, cet_ss, avx512_ifma
Processor Information for the first 8 processors :
  Max Mhz: 2419, Current Mhz: 2419, Mhz Limit: 2419

Memory: 4k page, system-wide physical 7991M (231M free)
TotalPageFile size 17644M (AvailPageFile size 8M)
current process WorkingSet (physical memory assigned to process): 107M, peak: 107M
current process commit charge ("private bytes"): 216M, peak: 217M

vm_info: OpenJDK 64-Bit Server VM (21.0.6+7-LTS) for windows-amd64 JRE (21.0.6+7-LTS), built on 2025-01-21T00:00:00Z by "admin" with MS VC++ 17.7 (VS2022)

END.
