#
# There is insufficient memory for the Java Runtime Environment to continue.
# Native memory allocation (malloc) failed to allocate 1012496 bytes. Error detail: Chunk::new
# Possible reasons:
#   The system is out of physical RAM or swap space
#   This process is running with CompressedOops enabled, and the Java Heap may be blocking the growth of the native heap
# Possible solutions:
#   Reduce memory load on the system
#   Increase physical memory or swap space
#   Check if swap backing store is full
#   Decrease Java heap size (-Xmx/-Xms)
#   Decrease number of Java threads
#   Decrease Java thread stack sizes (-Xss)
#   Set larger code cache with -XX:ReservedCodeCacheSize=
#   JVM is running with Unscaled Compressed Oops mode in which the Java heap is
#     placed in the first 4GB address space. The Java Heap base address is the
#     maximum limit for the native heap growth. Please use -XX:HeapBaseMinAddress
#     to set the Java Heap base and to place the Java Heap above 4GB virtual address.
# This output file may be truncated or incomplete.
#
#  Out of Memory Error (arena.cpp:168), pid=19652, tid=5440
#
# JRE version: OpenJDK Runtime Environment Temurin-21.0.6+7 (21.0.6+7) (build 21.0.6+7-LTS)
# Java VM: OpenJDK 64-Bit Server VM Temurin-21.0.6+7 (21.0.6+7-LTS, mixed mode, sharing, tiered, compressed oops, compressed class ptrs, parallel gc, windows-amd64)
# No core dump will be written. Minidumps are not enabled by default on client versions of Windows
#

---------------  S U M M A R Y ------------

Command Line: --add-modules=ALL-SYSTEM --add-opens=java.base/java.util=ALL-UNNAMED --add-opens=java.base/java.lang=ALL-UNNAMED --add-opens=java.base/sun.nio.fs=ALL-UNNAMED -Declipse.application=org.eclipse.jdt.ls.core.id1 -Dosgi.bundles.defaultStartLevel=4 -Declipse.product=org.eclipse.jdt.ls.core.product -Djava.import.generatesMetadataFilesAtProjectRoot=false -DDetectVMInstallationsJob.disabled=true -Dfile.encoding=utf8 -XX:+UseParallelGC -XX:GCTimeRatio=4 -XX:AdaptiveSizePolicyWeight=90 -Dsun.zip.disableMemoryMapping=true -Xmx1G -Xms100m -Xlog:disable -javaagent:c:\Users\dinet\.vscode-insiders\extensions\redhat.java-1.41.0-win32-x64\lombok\lombok-1.18.36.jar c:\Users\dinet\.vscode-insiders\extensions\redhat.java-1.41.0-win32-x64\server\plugins\org.eclipse.equinox.launcher_1.6.1100.v20250306-0509.jar -configuration c:\Users\dinet\AppData\Roaming\Code - Insiders\User\globalStorage\redhat.java\1.41.0\config_ss_win -data c:\Users\dinet\AppData\Roaming\Code - Insiders\User\workspaceStorage\dabadabde1c83beb8ffe71b872dfda3c\redhat.java\ss_ws --pipe=\\.\pipe\lsp-85be4435db33b10fdedbd26cfe14a43a-sock

Host: 11th Gen Intel(R) Core(TM) i5-1135G7 @ 2.40GHz, 8 cores, 7G,  Windows 11 , 64 bit Build 22621 (10.0.22621.4974)
Time: Mon Mar 31 17:18:05 2025 Sri Lanka Standard Time elapsed time: 15.266769 seconds (0d 0h 0m 15s)

---------------  T H R E A D  ---------------

Current thread (0x000001cafe5bc070):  JavaThread "C2 CompilerThread0" daemon [_thread_in_native, id=5440, stack(0x0000007681400000,0x0000007681500000) (1024K)]


Current CompileTask:
C2:15266 4055       4       org.eclipse.core.internal.dtree.DataTreeWriter::writeNode (182 bytes)

Stack: [0x0000007681400000,0x0000007681500000]
Native frames: (J=compiled Java code, j=interpreted, Vv=VM code, C=native code)
V  [jvm.dll+0x6cdee9]
V  [jvm.dll+0x8a83d1]
V  [jvm.dll+0x8aa8fe]
V  [jvm.dll+0x8aafe3]
V  [jvm.dll+0x27f706]
V  [jvm.dll+0xc500d]
V  [jvm.dll+0xc5543]
V  [jvm.dll+0x3b6752]
V  [jvm.dll+0x1dfe13]
V  [jvm.dll+0x247b42]
V  [jvm.dll+0x246fcf]
V  [jvm.dll+0x1c75ee]
V  [jvm.dll+0x25685a]
V  [jvm.dll+0x254dfa]
V  [jvm.dll+0x3f0256]
V  [jvm.dll+0x851f8b]
V  [jvm.dll+0x6cc5ed]
C  [ucrtbase.dll+0x29333]
C  [KERNEL32.DLL+0x1259d]
C  [ntdll.dll+0x5af38]


---------------  P R O C E S S  ---------------

Threads class SMR info:
_java_thread_list=0x000001cad52e4550, length=34, elements={
0x000001caf6eb1360, 0x000001cafe5a8360, 0x000001caf92ac500, 0x000001caf92ae160,
0x000001cafe5b2b70, 0x000001cafe5b54c0, 0x000001cafe5b5b20, 0x000001cafe5bc070,
0x000001cafe5b9e90, 0x000001cad40c7610, 0x000001cad432db00, 0x000001cad4862fe0,
0x000001cad4825bc0, 0x000001cad4826220, 0x000001cad49a5490, 0x000001cad4cfdc80,
0x000001cad55e2610, 0x000001cad6101c10, 0x000001cad4fb7de0, 0x000001cad4fb5680,
0x000001cad4fb7750, 0x000001cad4fb4960, 0x000001cad4fb5d10, 0x000001cad4fb63a0,
0x000001cad4fb6a30, 0x000001cad4fb70c0, 0x000001cad4fb4ff0, 0x000001cad6520f00,
0x000001cad65201e0, 0x000001cad651e110, 0x000001cad651fb50, 0x000001cad651e7a0,
0x000001cad6520870, 0x000001cad651da80
}

Java Threads: ( => current thread )
  0x000001caf6eb1360 JavaThread "main"                              [_thread_blocked, id=10140, stack(0x0000007680a00000,0x0000007680b00000) (1024K)]
  0x000001cafe5a8360 JavaThread "Reference Handler"          daemon [_thread_blocked, id=20732, stack(0x0000007680e00000,0x0000007680f00000) (1024K)]
  0x000001caf92ac500 JavaThread "Finalizer"                  daemon [_thread_blocked, id=20108, stack(0x0000007680f00000,0x0000007681000000) (1024K)]
  0x000001caf92ae160 JavaThread "Signal Dispatcher"          daemon [_thread_blocked, id=17884, stack(0x0000007681000000,0x0000007681100000) (1024K)]
  0x000001cafe5b2b70 JavaThread "Attach Listener"            daemon [_thread_blocked, id=9000, stack(0x0000007681100000,0x0000007681200000) (1024K)]
  0x000001cafe5b54c0 JavaThread "Service Thread"             daemon [_thread_blocked, id=9876, stack(0x0000007681200000,0x0000007681300000) (1024K)]
  0x000001cafe5b5b20 JavaThread "Monitor Deflation Thread"   daemon [_thread_blocked, id=21616, stack(0x0000007681300000,0x0000007681400000) (1024K)]
=>0x000001cafe5bc070 JavaThread "C2 CompilerThread0"         daemon [_thread_in_native, id=5440, stack(0x0000007681400000,0x0000007681500000) (1024K)]
  0x000001cafe5b9e90 JavaThread "C1 CompilerThread0"         daemon [_thread_blocked, id=21700, stack(0x0000007681500000,0x0000007681600000) (1024K)]
  0x000001cad40c7610 JavaThread "Common-Cleaner"             daemon [_thread_blocked, id=13012, stack(0x0000007681600000,0x0000007681700000) (1024K)]
  0x000001cad432db00 JavaThread "Notification Thread"        daemon [_thread_blocked, id=16296, stack(0x0000007681800000,0x0000007681900000) (1024K)]
  0x000001cad4862fe0 JavaThread "Active Thread: Equinox Container: bfea40c8-6925-4f0f-9baf-ac74bfa1f088"        [_thread_blocked, id=12368, stack(0x0000007682000000,0x0000007682100000) (1024K)]
  0x000001cad4825bc0 JavaThread "Framework Event Dispatcher: Equinox Container: bfea40c8-6925-4f0f-9baf-ac74bfa1f088" daemon [_thread_blocked, id=21052, stack(0x0000007682100000,0x0000007682200000) (1024K)]
  0x000001cad4826220 JavaThread "Start Level: Equinox Container: bfea40c8-6925-4f0f-9baf-ac74bfa1f088" daemon [_thread_blocked, id=15252, stack(0x0000007682200000,0x0000007682300000) (1024K)]
  0x000001cad49a5490 JavaThread "SCR Component Actor"        daemon [_thread_blocked, id=22136, stack(0x0000007682300000,0x0000007682400000) (1024K)]
  0x000001cad4cfdc80 JavaThread "Worker-JM"                         [_thread_blocked, id=9432, stack(0x0000007681900000,0x0000007681a00000) (1024K)]
  0x000001cad55e2610 JavaThread "JNA Cleaner"                daemon [_thread_blocked, id=19156, stack(0x0000007682500000,0x0000007682600000) (1024K)]
  0x000001cad6101c10 JavaThread "Worker-0"                          [_thread_blocked, id=17580, stack(0x0000007682600000,0x0000007682700000) (1024K)]
  0x000001cad4fb7de0 JavaThread "Worker-1"                          [_thread_blocked, id=20380, stack(0x0000007682700000,0x0000007682800000) (1024K)]
  0x000001cad4fb5680 JavaThread "Thread-2"                   daemon [_thread_in_native, id=2168, stack(0x0000007682800000,0x0000007682900000) (1024K)]
  0x000001cad4fb7750 JavaThread "Thread-3"                   daemon [_thread_in_native, id=22424, stack(0x0000007682900000,0x0000007682a00000) (1024K)]
  0x000001cad4fb4960 JavaThread "Thread-4"                   daemon [_thread_in_native, id=10672, stack(0x0000007682a00000,0x0000007682b00000) (1024K)]
  0x000001cad4fb5d10 JavaThread "Thread-5"                   daemon [_thread_in_native, id=12248, stack(0x0000007682b00000,0x0000007682c00000) (1024K)]
  0x000001cad4fb63a0 JavaThread "Thread-6"                   daemon [_thread_in_native, id=13592, stack(0x0000007682c00000,0x0000007682d00000) (1024K)]
  0x000001cad4fb6a30 JavaThread "Thread-7"                   daemon [_thread_in_native, id=10592, stack(0x0000007682d00000,0x0000007682e00000) (1024K)]
  0x000001cad4fb70c0 JavaThread "Thread-8"                   daemon [_thread_in_native, id=7424, stack(0x0000007682e00000,0x0000007682f00000) (1024K)]
  0x000001cad4fb4ff0 JavaThread "Thread-9"                   daemon [_thread_in_native, id=19356, stack(0x0000007682f00000,0x0000007683000000) (1024K)]
  0x000001cad6520f00 JavaThread "Thread-10"                  daemon [_thread_in_native, id=3524, stack(0x0000007683000000,0x0000007683100000) (1024K)]
  0x000001cad65201e0 JavaThread "pool-2-thread-1"                   [_thread_blocked, id=16996, stack(0x0000007683100000,0x0000007683200000) (1024K)]
  0x000001cad651e110 JavaThread "WorkspaceEventsHandler"            [_thread_blocked, id=6504, stack(0x0000007683300000,0x0000007683400000) (1024K)]
  0x000001cad651fb50 JavaThread "pool-1-thread-1"                   [_thread_blocked, id=5260, stack(0x0000007683400000,0x0000007683500000) (1024K)]
  0x000001cad651e7a0 JavaThread "Worker-2: Shutdown..."             [_thread_in_Java, id=15320, stack(0x0000007683500000,0x0000007683600000) (1024K)]
  0x000001cad6520870 JavaThread "ForkJoinPool.commonPool-worker-1" daemon [_thread_blocked, id=19052, stack(0x0000007681700000,0x0000007681800000) (1024K)]
  0x000001cad651da80 JavaThread "pool-3-thread-1"                   [_thread_blocked, id=3036, stack(0x0000007683200000,0x0000007683300000) (1024K)]
Total: 34

Other Threads:
  0x000001cafe5a3840 VMThread "VM Thread"                           [id=8488, stack(0x0000007680d00000,0x0000007680e00000) (1024K)]
  0x000001caf9264450 WatcherThread "VM Periodic Task Thread"        [id=21836, stack(0x0000007680c00000,0x0000007680d00000) (1024K)]
  0x000001caf9214d30 WorkerThread "GC Thread#0"                     [id=21152, stack(0x0000007680b00000,0x0000007680c00000) (1024K)]
  0x000001cad4c70490 WorkerThread "GC Thread#1"                     [id=19952, stack(0x0000007681a00000,0x0000007681b00000) (1024K)]
  0x000001cad4c70830 WorkerThread "GC Thread#2"                     [id=2220, stack(0x0000007681b00000,0x0000007681c00000) (1024K)]
  0x000001cad4c70bd0 WorkerThread "GC Thread#3"                     [id=4284, stack(0x0000007681c00000,0x0000007681d00000) (1024K)]
  0x000001cad47d34a0 WorkerThread "GC Thread#4"                     [id=7504, stack(0x0000007681d00000,0x0000007681e00000) (1024K)]
  0x000001cad47d3840 WorkerThread "GC Thread#5"                     [id=17848, stack(0x0000007681e00000,0x0000007681f00000) (1024K)]
  0x000001cad47d3be0 WorkerThread "GC Thread#6"                     [id=4736, stack(0x0000007681f00000,0x0000007682000000) (1024K)]
  0x000001cad4c3c330 WorkerThread "GC Thread#7"                     [id=14532, stack(0x0000007682400000,0x0000007682500000) (1024K)]
Total: 10

Threads with active compile tasks:
C2 CompilerThread0  15285 4055       4       org.eclipse.core.internal.dtree.DataTreeWriter::writeNode (182 bytes)
Total: 1

VM state: not at safepoint (normal execution)

VM Mutex/Monitor currently owned by a thread: None

Heap address: 0x00000000c0000000, size: 1024 MB, Compressed Oops mode: 32-bit

CDS archive(s) mapped at: [0x000001ca8f000000-0x000001ca8fba0000-0x000001ca8fba0000), size 12189696, SharedBaseAddress: 0x000001ca8f000000, ArchiveRelocationMode: 1.
Compressed class space mapped at: 0x000001ca90000000-0x000001cad0000000, reserved size: 1073741824
Narrow klass base: 0x000001ca8f000000, Narrow klass shift: 0, Narrow klass range: 0x100000000

GC Precious Log:
 CardTable entry size: 512
 CPUs: 8 total, 8 available
 Memory: 7991M
 Large Page Support: Disabled
 NUMA Support: Disabled
 Compressed Oops: Enabled (32-bit)
 Alignments: Space 512K, Generation 512K, Heap 2M
 Heap Min Capacity: 100M
 Heap Initial Capacity: 100M
 Heap Max Capacity: 1G
 Pre-touch: Disabled
 Parallel Workers: 8

Heap:
 PSYoungGen      total 24064K, used 20628K [0x00000000eab00000, 0x00000000ec780000, 0x0000000100000000)
  eden space 23040K, 85% used [0x00000000eab00000,0x00000000ebe45358,0x00000000ec180000)
  from space 1024K, 87% used [0x00000000ec680000,0x00000000ec760020,0x00000000ec780000)
  to   space 2048K, 0% used [0x00000000ec380000,0x00000000ec380000,0x00000000ec580000)
 ParOldGen       total 68608K, used 20333K [0x00000000c0000000, 0x00000000c4300000, 0x00000000eab00000)
  object space 68608K, 29% used [0x00000000c0000000,0x00000000c13db748,0x00000000c4300000)
 Metaspace       used 30480K, committed 31296K, reserved 1114112K
  class space    used 2967K, committed 3328K, reserved 1048576K

Card table byte_map: [0x000001caf8b90000,0x000001caf8da0000] _byte_map_base: 0x000001caf8590000

Marking Bits: (ParMarkBitMap*) 0x00007ffbdd8b3260
 Begin Bits: [0x000001cafc3e0000, 0x000001cafd3e0000)
 End Bits:   [0x000001cafd3e0000, 0x000001cafe3e0000)

Polling page: 0x000001caf7020000

Metaspace:

Usage:
  Non-class:     26.87 MB used.
      Class:      2.90 MB used.
       Both:     29.77 MB used.

Virtual space:
  Non-class space:       64.00 MB reserved,      27.31 MB ( 43%) committed,  1 nodes.
      Class space:        1.00 GB reserved,       3.25 MB ( <1%) committed,  1 nodes.
             Both:        1.06 GB reserved,      30.56 MB (  3%) committed. 

Chunk freelists:
   Non-Class:  4.25 MB
       Class:  12.76 MB
        Both:  17.01 MB

MaxMetaspaceSize: unlimited
CompressedClassSpaceSize: 1.00 GB
Initial GC threshold: 21.00 MB
Current GC threshold: 35.00 MB
CDS: on
 - commit_granule_bytes: 65536.
 - commit_granule_words: 8192.
 - virtual_space_node_default_size: 8388608.
 - enlarge_chunks_in_place: 1.
 - use_allocation_guard: 0.


Internal statistics:

num_allocs_failed_limit: 3.
num_arena_births: 570.
num_arena_deaths: 14.
num_vsnodes_births: 2.
num_vsnodes_deaths: 0.
num_space_committed: 489.
num_space_uncommitted: 0.
num_chunks_returned_to_freelist: 17.
num_chunks_taken_from_freelist: 1775.
num_chunk_merges: 8.
num_chunk_splits: 1148.
num_chunks_enlarged: 723.
num_inconsistent_stats: 0.

CodeHeap 'non-profiled nmethods': size=120000Kb used=1977Kb max_used=1977Kb free=118022Kb
 bounds [0x000001ca87ad0000, 0x000001ca87d40000, 0x000001ca8f000000]
CodeHeap 'profiled nmethods': size=120000Kb used=8033Kb max_used=8033Kb free=111966Kb
 bounds [0x000001ca80000000, 0x000001ca807e0000, 0x000001ca87530000]
CodeHeap 'non-nmethods': size=5760Kb used=1358Kb max_used=1397Kb free=4401Kb
 bounds [0x000001ca87530000, 0x000001ca877a0000, 0x000001ca87ad0000]
 total_blobs=4681 nmethods=4039 adapters=548
 compilation: enabled
              stopped_count=0, restarted_count=0
 full_count=0

Compilation events (20 events):
Event: 14.978 Thread 0x000001cafe5b9e90 4041       3       org.eclipse.core.internal.watson.ElementTreeWriter$1::writeData (25 bytes)
Event: 14.979 Thread 0x000001cafe5b9e90 nmethod 4041 0x000001ca807d6090 code [0x000001ca807d6260, 0x000001ca807d6480]
Event: 14.979 Thread 0x000001cafe5b9e90 4042       3       org.eclipse.core.internal.resources.SaveManager::writeElement (36 bytes)
Event: 14.979 Thread 0x000001cafe5b9e90 nmethod 4042 0x000001ca807d6590 code [0x000001ca807d6820, 0x000001ca807d7318]
Event: 14.979 Thread 0x000001cafe5b9e90 4043       3       org.eclipse.core.internal.resources.ResourceInfo::writeTo (41 bytes)
Event: 14.980 Thread 0x000001cafe5b9e90 nmethod 4043 0x000001ca807d7790 code [0x000001ca807d7980, 0x000001ca807d7ec0]
Event: 14.980 Thread 0x000001cafe5bc070 nmethod 4019 0x000001ca87cb8790 code [0x000001ca87cb89a0, 0x000001ca87cb8e70]
Event: 14.980 Thread 0x000001cafe5bc070 4034       4       java.io.OutputStream::write (34 bytes)
Event: 14.994 Thread 0x000001cafe5bc070 nmethod 4034 0x000001ca87cb9390 code [0x000001ca87cb95c0, 0x000001ca87cb9fd0]
Event: 14.994 Thread 0x000001cafe5bc070 4044       4       java.io.DataOutputStream::writeUTF (389 bytes)
Event: 15.023 Thread 0x000001cafe5bc070 nmethod 4044 0x000001ca87cba890 code [0x000001ca87cbab40, 0x000001ca87cbbec0]
Event: 15.023 Thread 0x000001cafe5bc070 4052       4       org.eclipse.core.runtime.Path::equals (127 bytes)
Event: 15.026 Thread 0x000001cafe5bc070 nmethod 4052 0x000001ca87cbcd90 code [0x000001ca87cbcf40, 0x000001ca87cbd208]
Event: 15.026 Thread 0x000001cafe5bc070 4053       4       org.eclipse.core.runtime.Path::append (147 bytes)
Event: 15.034 Thread 0x000001cafe5bc070 nmethod 4053 0x000001ca87cbd410 code [0x000001ca87cbd600, 0x000001ca87cbde90]
Event: 15.034 Thread 0x000001cafe5bc070 4051       4       org.eclipse.core.runtime.Path::<init> (37 bytes)
Event: 15.035 Thread 0x000001cafe5bc070 nmethod 4051 0x000001ca87cbe310 code [0x000001ca87cbe4a0, 0x000001ca87cbe570]
Event: 15.035 Thread 0x000001cafe5bc070 4055       4       org.eclipse.core.internal.dtree.DataTreeWriter::writeNode (182 bytes)
Event: 15.216 Thread 0x000001cafe5b9e90 4059       3       java.io.BufferedOutputStream::flushBuffer (29 bytes)
Event: 15.217 Thread 0x000001cafe5b9e90 nmethod 4059 0x000001ca807d8010 code [0x000001ca807d81c0, 0x000001ca807d83e8]

GC Heap History (20 events):
Event: 1.485 GC heap before
{Heap before GC invocations=2 (full 0):
 PSYoungGen      total 29696K, used 28790K [0x00000000eab00000, 0x00000000ecc00000, 0x0000000100000000)
  eden space 25600K, 100% used [0x00000000eab00000,0x00000000ec400000,0x00000000ec400000)
  from space 4096K, 77% used [0x00000000ec400000,0x00000000ec71d800,0x00000000ec800000)
  to   space 4096K, 0% used [0x00000000ec800000,0x00000000ec800000,0x00000000ecc00000)
 ParOldGen       total 68608K, used 16K [0x00000000c0000000, 0x00000000c4300000, 0x00000000eab00000)
  object space 68608K, 0% used [0x00000000c0000000,0x00000000c0004000,0x00000000c4300000)
 Metaspace       used 8234K, committed 8512K, reserved 1114112K
  class space    used 815K, committed 960K, reserved 1048576K
}
Event: 1.489 GC heap after
{Heap after GC invocations=2 (full 0):
 PSYoungGen      total 29696K, used 4090K [0x00000000eab00000, 0x00000000ecc00000, 0x0000000100000000)
  eden space 25600K, 0% used [0x00000000eab00000,0x00000000eab00000,0x00000000ec400000)
  from space 4096K, 99% used [0x00000000ec800000,0x00000000ecbfe938,0x00000000ecc00000)
  to   space 4096K, 0% used [0x00000000ec400000,0x00000000ec400000,0x00000000ec800000)
 ParOldGen       total 68608K, used 857K [0x00000000c0000000, 0x00000000c4300000, 0x00000000eab00000)
  object space 68608K, 1% used [0x00000000c0000000,0x00000000c00d6698,0x00000000c4300000)
 Metaspace       used 8234K, committed 8512K, reserved 1114112K
  class space    used 815K, committed 960K, reserved 1048576K
}
Event: 2.326 GC heap before
{Heap before GC invocations=3 (full 0):
 PSYoungGen      total 29696K, used 29690K [0x00000000eab00000, 0x00000000ecc00000, 0x0000000100000000)
  eden space 25600K, 100% used [0x00000000eab00000,0x00000000ec400000,0x00000000ec400000)
  from space 4096K, 99% used [0x00000000ec800000,0x00000000ecbfe938,0x00000000ecc00000)
  to   space 4096K, 0% used [0x00000000ec400000,0x00000000ec400000,0x00000000ec800000)
 ParOldGen       total 68608K, used 857K [0x00000000c0000000, 0x00000000c4300000, 0x00000000eab00000)
  object space 68608K, 1% used [0x00000000c0000000,0x00000000c00d6698,0x00000000c4300000)
 Metaspace       used 12989K, committed 13504K, reserved 1114112K
  class space    used 1307K, committed 1536K, reserved 1048576K
}
Event: 2.330 GC heap after
{Heap after GC invocations=3 (full 0):
 PSYoungGen      total 29696K, used 4093K [0x00000000eab00000, 0x00000000ecc00000, 0x0000000100000000)
  eden space 25600K, 0% used [0x00000000eab00000,0x00000000eab00000,0x00000000ec400000)
  from space 4096K, 99% used [0x00000000ec400000,0x00000000ec7ff6c8,0x00000000ec800000)
  to   space 4096K, 0% used [0x00000000ec800000,0x00000000ec800000,0x00000000ecc00000)
 ParOldGen       total 68608K, used 2704K [0x00000000c0000000, 0x00000000c4300000, 0x00000000eab00000)
  object space 68608K, 3% used [0x00000000c0000000,0x00000000c02a41f0,0x00000000c4300000)
 Metaspace       used 12989K, committed 13504K, reserved 1114112K
  class space    used 1307K, committed 1536K, reserved 1048576K
}
Event: 3.946 GC heap before
{Heap before GC invocations=4 (full 0):
 PSYoungGen      total 29696K, used 29693K [0x00000000eab00000, 0x00000000ecc00000, 0x0000000100000000)
  eden space 25600K, 100% used [0x00000000eab00000,0x00000000ec400000,0x00000000ec400000)
  from space 4096K, 99% used [0x00000000ec400000,0x00000000ec7ff6c8,0x00000000ec800000)
  to   space 4096K, 0% used [0x00000000ec800000,0x00000000ec800000,0x00000000ecc00000)
 ParOldGen       total 68608K, used 2704K [0x00000000c0000000, 0x00000000c4300000, 0x00000000eab00000)
  object space 68608K, 3% used [0x00000000c0000000,0x00000000c02a41f0,0x00000000c4300000)
 Metaspace       used 15012K, committed 15680K, reserved 1114112K
  class space    used 1517K, committed 1792K, reserved 1048576K
}
Event: 3.954 GC heap after
{Heap after GC invocations=4 (full 0):
 PSYoungGen      total 29696K, used 4087K [0x00000000eab00000, 0x00000000ecc00000, 0x0000000100000000)
  eden space 25600K, 0% used [0x00000000eab00000,0x00000000eab00000,0x00000000ec400000)
  from space 4096K, 99% used [0x00000000ec800000,0x00000000ecbfdde8,0x00000000ecc00000)
  to   space 4096K, 0% used [0x00000000ec400000,0x00000000ec400000,0x00000000ec800000)
 ParOldGen       total 68608K, used 11471K [0x00000000c0000000, 0x00000000c4300000, 0x00000000eab00000)
  object space 68608K, 16% used [0x00000000c0000000,0x00000000c0b33c00,0x00000000c4300000)
 Metaspace       used 15012K, committed 15680K, reserved 1114112K
  class space    used 1517K, committed 1792K, reserved 1048576K
}
Event: 4.322 GC heap before
{Heap before GC invocations=5 (full 0):
 PSYoungGen      total 29696K, used 29682K [0x00000000eab00000, 0x00000000ecc00000, 0x0000000100000000)
  eden space 25600K, 99% used [0x00000000eab00000,0x00000000ec3fea88,0x00000000ec400000)
  from space 4096K, 99% used [0x00000000ec800000,0x00000000ecbfdde8,0x00000000ecc00000)
  to   space 4096K, 0% used [0x00000000ec400000,0x00000000ec400000,0x00000000ec800000)
 ParOldGen       total 68608K, used 11471K [0x00000000c0000000, 0x00000000c4300000, 0x00000000eab00000)
  object space 68608K, 16% used [0x00000000c0000000,0x00000000c0b33c00,0x00000000c4300000)
 Metaspace       used 17939K, committed 18560K, reserved 1114112K
  class space    used 1747K, committed 1984K, reserved 1048576K
}
Event: 4.328 GC heap after
{Heap after GC invocations=5 (full 0):
 PSYoungGen      total 29184K, used 4094K [0x00000000eab00000, 0x00000000ed380000, 0x0000000100000000)
  eden space 25088K, 0% used [0x00000000eab00000,0x00000000eab00000,0x00000000ec380000)
  from space 4096K, 99% used [0x00000000ec400000,0x00000000ec7ffab0,0x00000000ec800000)
  to   space 8192K, 0% used [0x00000000ecb80000,0x00000000ecb80000,0x00000000ed380000)
 ParOldGen       total 68608K, used 12131K [0x00000000c0000000, 0x00000000c4300000, 0x00000000eab00000)
  object space 68608K, 17% used [0x00000000c0000000,0x00000000c0bd8c70,0x00000000c4300000)
 Metaspace       used 17939K, committed 18560K, reserved 1114112K
  class space    used 1747K, committed 1984K, reserved 1048576K
}
Event: 4.600 GC heap before
{Heap before GC invocations=6 (full 0):
 PSYoungGen      total 29184K, used 21473K [0x00000000eab00000, 0x00000000ed380000, 0x0000000100000000)
  eden space 25088K, 69% used [0x00000000eab00000,0x00000000ebbf89f0,0x00000000ec380000)
  from space 4096K, 99% used [0x00000000ec400000,0x00000000ec7ffab0,0x00000000ec800000)
  to   space 8192K, 0% used [0x00000000ecb80000,0x00000000ecb80000,0x00000000ed380000)
 ParOldGen       total 68608K, used 12131K [0x00000000c0000000, 0x00000000c4300000, 0x00000000eab00000)
  object space 68608K, 17% used [0x00000000c0000000,0x00000000c0bd8c70,0x00000000c4300000)
 Metaspace       used 20869K, committed 21504K, reserved 1114112K
  class space    used 1973K, committed 2240K, reserved 1048576K
}
Event: 4.604 GC heap after
{Heap after GC invocations=6 (full 0):
 PSYoungGen      total 29696K, used 4434K [0x00000000eab00000, 0x00000000ed000000, 0x0000000100000000)
  eden space 25088K, 0% used [0x00000000eab00000,0x00000000eab00000,0x00000000ec380000)
  from space 4608K, 96% used [0x00000000ecb80000,0x00000000ecfd4a28,0x00000000ed000000)
  to   space 5120K, 0% used [0x00000000ec600000,0x00000000ec600000,0x00000000ecb00000)
 ParOldGen       total 68608K, used 12131K [0x00000000c0000000, 0x00000000c4300000, 0x00000000eab00000)
  object space 68608K, 17% used [0x00000000c0000000,0x00000000c0bd8c70,0x00000000c4300000)
 Metaspace       used 20869K, committed 21504K, reserved 1114112K
  class space    used 1973K, committed 2240K, reserved 1048576K
}
Event: 4.604 GC heap before
{Heap before GC invocations=7 (full 1):
 PSYoungGen      total 29696K, used 4434K [0x00000000eab00000, 0x00000000ed000000, 0x0000000100000000)
  eden space 25088K, 0% used [0x00000000eab00000,0x00000000eab00000,0x00000000ec380000)
  from space 4608K, 96% used [0x00000000ecb80000,0x00000000ecfd4a28,0x00000000ed000000)
  to   space 5120K, 0% used [0x00000000ec600000,0x00000000ec600000,0x00000000ecb00000)
 ParOldGen       total 68608K, used 12131K [0x00000000c0000000, 0x00000000c4300000, 0x00000000eab00000)
  object space 68608K, 17% used [0x00000000c0000000,0x00000000c0bd8c70,0x00000000c4300000)
 Metaspace       used 20869K, committed 21504K, reserved 1114112K
  class space    used 1973K, committed 2240K, reserved 1048576K
}
Event: 4.636 GC heap after
{Heap after GC invocations=7 (full 1):
 PSYoungGen      total 29696K, used 0K [0x00000000eab00000, 0x00000000ed000000, 0x0000000100000000)
  eden space 25088K, 0% used [0x00000000eab00000,0x00000000eab00000,0x00000000ec380000)
  from space 4608K, 0% used [0x00000000ecb80000,0x00000000ecb80000,0x00000000ed000000)
  to   space 5120K, 0% used [0x00000000ec600000,0x00000000ec600000,0x00000000ecb00000)
 ParOldGen       total 68608K, used 16172K [0x00000000c0000000, 0x00000000c4300000, 0x00000000eab00000)
  object space 68608K, 23% used [0x00000000c0000000,0x00000000c0fcb108,0x00000000c4300000)
 Metaspace       used 20856K, committed 21504K, reserved 1114112K
  class space    used 1969K, committed 2240K, reserved 1048576K
}
Event: 5.032 GC heap before
{Heap before GC invocations=8 (full 1):
 PSYoungGen      total 29696K, used 25088K [0x00000000eab00000, 0x00000000ed000000, 0x0000000100000000)
  eden space 25088K, 100% used [0x00000000eab00000,0x00000000ec380000,0x00000000ec380000)
  from space 4608K, 0% used [0x00000000ecb80000,0x00000000ecb80000,0x00000000ed000000)
  to   space 5120K, 0% used [0x00000000ec600000,0x00000000ec600000,0x00000000ecb00000)
 ParOldGen       total 68608K, used 16172K [0x00000000c0000000, 0x00000000c4300000, 0x00000000eab00000)
  object space 68608K, 23% used [0x00000000c0000000,0x00000000c0fcb108,0x00000000c4300000)
 Metaspace       used 22818K, committed 23488K, reserved 1114112K
  class space    used 2121K, committed 2368K, reserved 1048576K
}
Event: 5.034 GC heap after
{Heap after GC invocations=8 (full 1):
 PSYoungGen      total 27648K, used 2617K [0x00000000eab00000, 0x00000000ecc00000, 0x0000000100000000)
  eden space 24576K, 0% used [0x00000000eab00000,0x00000000eab00000,0x00000000ec300000)
  from space 3072K, 85% used [0x00000000ec600000,0x00000000ec88e4f8,0x00000000ec900000)
  to   space 3072K, 0% used [0x00000000ec900000,0x00000000ec900000,0x00000000ecc00000)
 ParOldGen       total 68608K, used 16180K [0x00000000c0000000, 0x00000000c4300000, 0x00000000eab00000)
  object space 68608K, 23% used [0x00000000c0000000,0x00000000c0fcd108,0x00000000c4300000)
 Metaspace       used 22818K, committed 23488K, reserved 1114112K
  class space    used 2121K, committed 2368K, reserved 1048576K
}
Event: 6.265 GC heap before
{Heap before GC invocations=9 (full 1):
 PSYoungGen      total 27648K, used 27193K [0x00000000eab00000, 0x00000000ecc00000, 0x0000000100000000)
  eden space 24576K, 100% used [0x00000000eab00000,0x00000000ec300000,0x00000000ec300000)
  from space 3072K, 85% used [0x00000000ec600000,0x00000000ec88e4f8,0x00000000ec900000)
  to   space 3072K, 0% used [0x00000000ec900000,0x00000000ec900000,0x00000000ecc00000)
 ParOldGen       total 68608K, used 16180K [0x00000000c0000000, 0x00000000c4300000, 0x00000000eab00000)
  object space 68608K, 23% used [0x00000000c0000000,0x00000000c0fcd108,0x00000000c4300000)
 Metaspace       used 25929K, committed 26816K, reserved 1114112K
  class space    used 2442K, committed 2816K, reserved 1048576K
}
Event: 6.267 GC heap after
{Heap after GC invocations=9 (full 1):
 PSYoungGen      total 27136K, used 3065K [0x00000000eab00000, 0x00000000ecc00000, 0x0000000100000000)
  eden space 24064K, 0% used [0x00000000eab00000,0x00000000eab00000,0x00000000ec280000)
  from space 3072K, 99% used [0x00000000ec900000,0x00000000ecbfe7b8,0x00000000ecc00000)
  to   space 4608K, 0% used [0x00000000ec300000,0x00000000ec300000,0x00000000ec780000)
 ParOldGen       total 68608K, used 17265K [0x00000000c0000000, 0x00000000c4300000, 0x00000000eab00000)
  object space 68608K, 25% used [0x00000000c0000000,0x00000000c10dc618,0x00000000c4300000)
 Metaspace       used 25929K, committed 26816K, reserved 1114112K
  class space    used 2442K, committed 2816K, reserved 1048576K
}
Event: 6.294 GC heap before
{Heap before GC invocations=10 (full 1):
 PSYoungGen      total 27136K, used 27129K [0x00000000eab00000, 0x00000000ecc00000, 0x0000000100000000)
  eden space 24064K, 100% used [0x00000000eab00000,0x00000000ec280000,0x00000000ec280000)
  from space 3072K, 99% used [0x00000000ec900000,0x00000000ecbfe7b8,0x00000000ecc00000)
  to   space 4608K, 0% used [0x00000000ec300000,0x00000000ec300000,0x00000000ec780000)
 ParOldGen       total 68608K, used 17265K [0x00000000c0000000, 0x00000000c4300000, 0x00000000eab00000)
  object space 68608K, 25% used [0x00000000c0000000,0x00000000c10dc618,0x00000000c4300000)
 Metaspace       used 25931K, committed 26816K, reserved 1114112K
  class space    used 2442K, committed 2816K, reserved 1048576K
}
Event: 6.298 GC heap after
{Heap after GC invocations=10 (full 1):
 PSYoungGen      total 27136K, used 3221K [0x00000000eab00000, 0x00000000ec980000, 0x0000000100000000)
  eden space 23552K, 0% used [0x00000000eab00000,0x00000000eab00000,0x00000000ec200000)
  from space 3584K, 89% used [0x00000000ec300000,0x00000000ec625618,0x00000000ec680000)
  to   space 3072K, 0% used [0x00000000ec680000,0x00000000ec680000,0x00000000ec980000)
 ParOldGen       total 68608K, used 17273K [0x00000000c0000000, 0x00000000c4300000, 0x00000000eab00000)
  object space 68608K, 25% used [0x00000000c0000000,0x00000000c10de618,0x00000000c4300000)
 Metaspace       used 25931K, committed 26816K, reserved 1114112K
  class space    used 2442K, committed 2816K, reserved 1048576K
}
Event: 6.619 GC heap before
{Heap before GC invocations=11 (full 1):
 PSYoungGen      total 27136K, used 26773K [0x00000000eab00000, 0x00000000ec980000, 0x0000000100000000)
  eden space 23552K, 100% used [0x00000000eab00000,0x00000000ec200000,0x00000000ec200000)
  from space 3584K, 89% used [0x00000000ec300000,0x00000000ec625618,0x00000000ec680000)
  to   space 3072K, 0% used [0x00000000ec680000,0x00000000ec680000,0x00000000ec980000)
 ParOldGen       total 68608K, used 17273K [0x00000000c0000000, 0x00000000c4300000, 0x00000000eab00000)
  object space 68608K, 25% used [0x00000000c0000000,0x00000000c10de618,0x00000000c4300000)
 Metaspace       used 28521K, committed 29376K, reserved 1114112K
  class space    used 2750K, committed 3072K, reserved 1048576K
}
Event: 6.622 GC heap after
{Heap after GC invocations=11 (full 1):
 PSYoungGen      total 24064K, used 896K [0x00000000eab00000, 0x00000000ec780000, 0x0000000100000000)
  eden space 23040K, 0% used [0x00000000eab00000,0x00000000eab00000,0x00000000ec180000)
  from space 1024K, 87% used [0x00000000ec680000,0x00000000ec760020,0x00000000ec780000)
  to   space 2048K, 0% used [0x00000000ec380000,0x00000000ec380000,0x00000000ec580000)
 ParOldGen       total 68608K, used 20333K [0x00000000c0000000, 0x00000000c4300000, 0x00000000eab00000)
  object space 68608K, 29% used [0x00000000c0000000,0x00000000c13db748,0x00000000c4300000)
 Metaspace       used 28521K, committed 29376K, reserved 1114112K
  class space    used 2750K, committed 3072K, reserved 1048576K
}

Dll operation events (10 events):
Event: 0.011 Loaded shared library c:\Users\dinet\.vscode-insiders\extensions\redhat.java-1.41.0-win32-x64\jre\21.0.6-win32-x86_64\bin\java.dll
Event: 0.074 Loaded shared library c:\Users\dinet\.vscode-insiders\extensions\redhat.java-1.41.0-win32-x64\jre\21.0.6-win32-x86_64\bin\zip.dll
Event: 0.098 Loaded shared library C:\Users\dinet\.vscode-insiders\extensions\redhat.java-1.41.0-win32-x64\jre\21.0.6-win32-x86_64\bin\instrument.dll
Event: 0.104 Loaded shared library C:\Users\dinet\.vscode-insiders\extensions\redhat.java-1.41.0-win32-x64\jre\21.0.6-win32-x86_64\bin\net.dll
Event: 0.106 Loaded shared library C:\Users\dinet\.vscode-insiders\extensions\redhat.java-1.41.0-win32-x64\jre\21.0.6-win32-x86_64\bin\nio.dll
Event: 0.109 Loaded shared library C:\Users\dinet\.vscode-insiders\extensions\redhat.java-1.41.0-win32-x64\jre\21.0.6-win32-x86_64\bin\zip.dll
Event: 0.132 Loaded shared library C:\Users\dinet\.vscode-insiders\extensions\redhat.java-1.41.0-win32-x64\jre\21.0.6-win32-x86_64\bin\jimage.dll
Event: 0.200 Loaded shared library c:\Users\dinet\.vscode-insiders\extensions\redhat.java-1.41.0-win32-x64\jre\21.0.6-win32-x86_64\bin\verify.dll
Event: 1.376 Loaded shared library C:\Users\dinet\AppData\Roaming\Code - Insiders\User\globalStorage\redhat.java\1.41.0\config_ss_win\org.eclipse.equinox.launcher\org.eclipse.equinox.launcher.win32.win32.x86_64_1.2.1300.v20250325-0811\eclipse_11911.dll
Event: 3.915 Loaded shared library C:\Users\dinet\AppData\Local\Temp\jna-95589112\jna4976935718952472255.dll

Deoptimization events (20 events):
Event: 8.578 Thread 0x000001cad651fb50 Uncommon trap: trap_request=0xffffffde fr.pc=0x000001ca87c8734c relative=0x000000000000040c
Event: 8.578 Thread 0x000001cad651fb50 Uncommon trap: reason=class_check action=maybe_recompile pc=0x000001ca87c8734c method=java.util.HashMap.removeNode(ILjava/lang/Object;Ljava/lang/Object;ZZ)Ljava/util/HashMap$Node; @ 283 c2
Event: 8.578 Thread 0x000001cad651fb50 DEOPT PACKING pc=0x000001ca87c8734c sp=0x00000076834fefb0
Event: 8.578 Thread 0x000001cad651fb50 DEOPT UNPACKING pc=0x000001ca87586da2 sp=0x00000076834feea8 mode 2
Event: 8.710 Thread 0x000001cad651fb50 Uncommon trap: trap_request=0xffffffde fr.pc=0x000001ca87c8734c relative=0x000000000000040c
Event: 8.710 Thread 0x000001cad651fb50 Uncommon trap: reason=class_check action=maybe_recompile pc=0x000001ca87c8734c method=java.util.HashMap.removeNode(ILjava/lang/Object;Ljava/lang/Object;ZZ)Ljava/util/HashMap$Node; @ 283 c2
Event: 8.710 Thread 0x000001cad651fb50 DEOPT PACKING pc=0x000001ca87c8734c sp=0x00000076834fefb0
Event: 8.710 Thread 0x000001cad651fb50 DEOPT UNPACKING pc=0x000001ca87586da2 sp=0x00000076834feea8 mode 2
Event: 8.719 Thread 0x000001cad651fb50 Uncommon trap: trap_request=0xffffffde fr.pc=0x000001ca87c85bd8 relative=0x0000000000000318
Event: 8.719 Thread 0x000001cad651fb50 Uncommon trap: reason=class_check action=maybe_recompile pc=0x000001ca87c85bd8 method=java.util.HashMap.removeNode(ILjava/lang/Object;Ljava/lang/Object;ZZ)Ljava/util/HashMap$Node; @ 283 c2
Event: 8.719 Thread 0x000001cad651fb50 DEOPT PACKING pc=0x000001ca87c85bd8 sp=0x00000076834fef10
Event: 8.719 Thread 0x000001cad651fb50 DEOPT UNPACKING pc=0x000001ca87586da2 sp=0x00000076834feea8 mode 2
Event: 14.965 Thread 0x000001cad651e7a0 Uncommon trap: trap_request=0xffffffde fr.pc=0x000001ca87b7bfd4 relative=0x0000000000000814
Event: 14.965 Thread 0x000001cad651e7a0 Uncommon trap: reason=class_check action=maybe_recompile pc=0x000001ca87b7bfd4 method=java.util.HashMap.computeIfAbsent(Ljava/lang/Object;Ljava/util/function/Function;)Ljava/lang/Object; @ 188 c2
Event: 14.965 Thread 0x000001cad651e7a0 DEOPT PACKING pc=0x000001ca87b7bfd4 sp=0x00000076835fed00
Event: 14.965 Thread 0x000001cad651e7a0 DEOPT UNPACKING pc=0x000001ca87586da2 sp=0x00000076835feca8 mode 2
Event: 14.965 Thread 0x000001cad651e7a0 Uncommon trap: trap_request=0xffffffde fr.pc=0x000001ca87b7bfd4 relative=0x0000000000000814
Event: 14.965 Thread 0x000001cad651e7a0 Uncommon trap: reason=class_check action=maybe_recompile pc=0x000001ca87b7bfd4 method=java.util.HashMap.computeIfAbsent(Ljava/lang/Object;Ljava/util/function/Function;)Ljava/lang/Object; @ 188 c2
Event: 14.965 Thread 0x000001cad651e7a0 DEOPT PACKING pc=0x000001ca87b7bfd4 sp=0x00000076835fed00
Event: 14.965 Thread 0x000001cad651e7a0 DEOPT UNPACKING pc=0x000001ca87586da2 sp=0x00000076835feca8 mode 2

Classes loaded (20 events):
Event: 14.871 Loading class java/util/concurrent/Executors$DelegatedExecutorService done
Event: 14.871 Loading class java/util/concurrent/Executors$DelegatedScheduledExecutorService done
Event: 14.873 Loading class java/util/concurrent/ConcurrentHashMap$EntrySpliterator
Event: 14.874 Loading class java/util/concurrent/ConcurrentHashMap$EntrySpliterator done
Event: 14.898 Loading class java/util/concurrent/ForkJoinTask$AdaptedCallable
Event: 14.898 Loading class java/util/concurrent/ForkJoinTask$AdaptedCallable done
Event: 14.938 Loading class java/util/stream/Nodes$CollectorTask$OfRef
Event: 14.949 Loading class java/util/stream/Nodes$CollectorTask
Event: 14.952 Loading class java/util/stream/Nodes$CollectorTask done
Event: 14.952 Loading class java/util/stream/Nodes$CollectorTask$OfRef done
Event: 14.952 Loading class java/util/function/LongFunction
Event: 14.952 Loading class java/util/function/LongFunction done
Event: 14.953 Loading class java/util/stream/Nodes$ConcNode
Event: 14.953 Loading class java/util/stream/Nodes$AbstractConcNode
Event: 14.953 Loading class java/util/stream/Nodes$AbstractConcNode done
Event: 14.953 Loading class java/util/stream/Nodes$ConcNode done
Event: 14.954 Loading class java/util/stream/Nodes$ToArrayTask$OfRef
Event: 14.954 Loading class java/util/stream/Nodes$ToArrayTask
Event: 14.954 Loading class java/util/stream/Nodes$ToArrayTask done
Event: 14.954 Loading class java/util/stream/Nodes$ToArrayTask$OfRef done

Classes unloaded (7 events):
Event: 4.611 Thread 0x000001cafe5a3840 Unloading class 0x000001ca9017b000 'java/lang/invoke/LambdaForm$MH+0x000001ca9017b000'
Event: 4.611 Thread 0x000001cafe5a3840 Unloading class 0x000001ca9017ac00 'java/lang/invoke/LambdaForm$MH+0x000001ca9017ac00'
Event: 4.611 Thread 0x000001cafe5a3840 Unloading class 0x000001ca9017a800 'java/lang/invoke/LambdaForm$MH+0x000001ca9017a800'
Event: 4.611 Thread 0x000001cafe5a3840 Unloading class 0x000001ca9017a400 'java/lang/invoke/LambdaForm$MH+0x000001ca9017a400'
Event: 4.611 Thread 0x000001cafe5a3840 Unloading class 0x000001ca9017a000 'java/lang/invoke/LambdaForm$BMH+0x000001ca9017a000'
Event: 4.611 Thread 0x000001cafe5a3840 Unloading class 0x000001ca90179c00 'java/lang/invoke/LambdaForm$DMH+0x000001ca90179c00'
Event: 4.611 Thread 0x000001cafe5a3840 Unloading class 0x000001ca90178800 'java/lang/invoke/LambdaForm$DMH+0x000001ca90178800'

Classes redefined (0 events):
No events

Internal exceptions (20 events):
Event: 6.477 Thread 0x000001cad6101c10 Exception <a 'sun/nio/fs/WindowsException'{0x00000000eb90b308}> (0x00000000eb90b308) 
thrown [s\src\hotspot\share\prims\jni.cpp, line 520]
Event: 6.477 Thread 0x000001cad6101c10 Exception <a 'sun/nio/fs/WindowsException'{0x00000000eb90b958}> (0x00000000eb90b958) 
thrown [s\src\hotspot\share\prims\jni.cpp, line 520]
Event: 6.478 Thread 0x000001cad6101c10 Exception <a 'sun/nio/fs/WindowsException'{0x00000000eb90cff8}> (0x00000000eb90cff8) 
thrown [s\src\hotspot\share\prims\jni.cpp, line 520]
Event: 6.478 Thread 0x000001cad6101c10 Exception <a 'sun/nio/fs/WindowsException'{0x00000000eb90d648}> (0x00000000eb90d648) 
thrown [s\src\hotspot\share\prims\jni.cpp, line 520]
Event: 6.479 Thread 0x000001cad6101c10 Exception <a 'java/lang/NoSuchMethodError'{0x00000000eb920688}: 'void java.lang.invoke.DirectMethodHandle$Holder.invokeVirtual(java.lang.Object, java.lang.Object, java.lang.Object, java.lang.Object)'> (0x00000000eb920688) 
thrown [s\src\hotspot\share\interpreter\linkResolver.cpp, line 773]
Event: 6.554 Thread 0x000001caf6eb1360 Exception <a 'java/lang/NoSuchMethodError'{0x00000000ec000bd8}: 'void java.lang.invoke.DirectMethodHandle$Holder.invokeSpecial(java.lang.Object, java.lang.Object, java.lang.Object, java.lang.Object, java.lang.Object, java.lang.Object)'> (0x00000000ec000bd8) 
thrown [s\src\hotspot\share\interpreter\linkResolver.cpp, line 773]
Event: 6.556 Thread 0x000001caf6eb1360 Exception <a 'java/lang/IncompatibleClassChangeError'{0x00000000ec009110}: Found class java.lang.Object, but interface was expected> (0x00000000ec009110) 
thrown [s\src\hotspot\share\interpreter\linkResolver.cpp, line 840]
Event: 6.557 Thread 0x000001caf6eb1360 Exception <a 'java/lang/IncompatibleClassChangeError'{0x00000000ec00af60}: Found class java.lang.Object, but interface was expected> (0x00000000ec00af60) 
thrown [s\src\hotspot\share\interpreter\linkResolver.cpp, line 840]
Event: 6.614 Thread 0x000001cad6101c10 Exception <a 'java/io/FileNotFoundException'{0x00000000ec1c0138}> (0x00000000ec1c0138) 
thrown [s\src\hotspot\share\prims\jni.cpp, line 520]
Event: 6.615 Thread 0x000001cad6101c10 Exception <a 'java/io/FileNotFoundException'{0x00000000ec1c1408}> (0x00000000ec1c1408) 
thrown [s\src\hotspot\share\prims\jni.cpp, line 520]
Event: 6.616 Thread 0x000001cad6101c10 Exception <a 'java/lang/NoSuchMethodError'{0x00000000ec1cf1e8}: 'java.lang.Object java.lang.invoke.DirectMethodHandle$Holder.newInvokeSpecial(java.lang.Object, java.lang.Object, java.lang.Object, int)'> (0x00000000ec1cf1e8) 
thrown [s\src\hotspot\share\interpreter\linkResolver.cpp, line 773]
Event: 6.616 Thread 0x000001cad6101c10 Exception <a 'java/lang/NoSuchMethodError'{0x00000000ec1d2ea0}: 'java.lang.Object java.lang.invoke.DirectMethodHandle$Holder.invokeSpecial(java.lang.Object, java.lang.Object, java.lang.Object, java.lang.Object, int)'> (0x00000000ec1d2ea0) 
thrown [s\src\hotspot\share\interpreter\linkResolver.cpp, line 773]
Event: 6.616 Thread 0x000001cad6101c10 Exception <a 'java/lang/NoSuchMethodError'{0x00000000ec1d6348}: 'java.lang.Object java.lang.invoke.Invokers$Holder.linkToTargetMethod(java.lang.Object, java.lang.Object, int, java.lang.Object)'> (0x00000000ec1d6348) 
thrown [s\src\hotspot\share\interpreter\linkResolver.cpp, line 773]
Event: 6.618 Thread 0x000001cad6101c10 Exception <a 'java/lang/NoSuchMethodError'{0x00000000ec1e1758}: 'void java.lang.invoke.DirectMethodHandle$Holder.invokeStaticInit(java.lang.Object, java.lang.Object, java.lang.Object)'> (0x00000000ec1e1758) 
thrown [s\src\hotspot\share\interpreter\linkResolver.cpp, line 773]
Event: 7.661 Thread 0x000001cad651fb50 Exception <a 'java/lang/NoSuchMethodError'{0x00000000eb25a000}: 'java.lang.Object java.lang.invoke.DirectMethodHandle$Holder.invokeInterface(java.lang.Object, java.lang.Object, java.lang.Object)'> (0x00000000eb25a000) 
thrown [s\src\hotspot\share\interpreter\linkResolver.cpp, line 773]
Event: 7.688 Thread 0x000001cad651fb50 Exception <a 'java/io/FileNotFoundException'{0x00000000eb2e91c0}> (0x00000000eb2e91c0) 
thrown [s\src\hotspot\share\prims\jni.cpp, line 520]
Event: 7.800 Thread 0x000001cad651fb50 Exception <a 'sun/nio/fs/WindowsException'{0x00000000eb4606a8}> (0x00000000eb4606a8) 
thrown [s\src\hotspot\share\prims\jni.cpp, line 520]
Event: 8.065 Thread 0x000001cad651fb50 Exception <a 'java/lang/IncompatibleClassChangeError'{0x00000000eb7b06d0}: Found class java.lang.Object, but interface was expected> (0x00000000eb7b06d0) 
thrown [s\src\hotspot\share\interpreter\linkResolver.cpp, line 840]
Event: 14.869 Thread 0x000001cad651fb50 Exception <a 'java/lang/NoSuchMethodError'{0x00000000eb959ec0}: 'void java.lang.invoke.DirectMethodHandle$Holder.invokeInterface(java.lang.Object, java.lang.Object)'> (0x00000000eb959ec0) 
thrown [s\src\hotspot\share\interpreter\linkResolver.cpp, line 773]
Event: 14.960 Thread 0x000001cad651e7a0 Exception <a 'java/io/FileNotFoundException'{0x00000000eba5f1f0}> (0x00000000eba5f1f0) 
thrown [s\src\hotspot\share\prims\jni.cpp, line 520]

ZGC Phase Switch (0 events):
No events

VM Operations (20 events):
Event: 5.784 Executing VM operation: HandshakeAllThreads (Deoptimize)
Event: 5.784 Executing VM operation: HandshakeAllThreads (Deoptimize) done
Event: 6.226 Executing VM operation: ParallelGCFailedAllocation (Allocation Failure)
Event: 6.267 Executing VM operation: ParallelGCFailedAllocation (Allocation Failure) done
Event: 6.294 Executing VM operation: ParallelGCFailedAllocation (Allocation Failure)
Event: 6.298 Executing VM operation: ParallelGCFailedAllocation (Allocation Failure) done
Event: 6.619 Executing VM operation: ParallelGCFailedAllocation (Allocation Failure)
Event: 6.622 Executing VM operation: ParallelGCFailedAllocation (Allocation Failure) done
Event: 7.629 Executing VM operation: Cleanup
Event: 7.644 Executing VM operation: Cleanup done
Event: 7.678 Executing VM operation: HandshakeAllThreads (Deoptimize)
Event: 7.678 Executing VM operation: HandshakeAllThreads (Deoptimize) done
Event: 7.828 Executing VM operation: HandshakeAllThreads (Deoptimize)
Event: 7.828 Executing VM operation: HandshakeAllThreads (Deoptimize) done
Event: 8.829 Executing VM operation: Cleanup
Event: 8.829 Executing VM operation: Cleanup done
Event: 14.878 Executing VM operation: Cleanup
Event: 14.893 Executing VM operation: Cleanup done
Event: 14.963 Executing VM operation: HandshakeAllThreads (Deoptimize)
Event: 14.963 Executing VM operation: HandshakeAllThreads (Deoptimize) done

Memory protections (0 events):
No events

Nmethod flushes (0 events):
No events

Events (20 events):
Event: 6.109 Thread 0x000001caf6eb1360 Thread added: 0x000001cad4fb70c0
Event: 6.109 Thread 0x000001caf6eb1360 Thread added: 0x000001cad4fb4ff0
Event: 6.110 Thread 0x000001caf6eb1360 Thread added: 0x000001cad6520f00
Event: 6.225 Thread 0x000001caf6eb1360 Thread added: 0x000001cad65201e0
Event: 6.268 Thread 0x000001cafe5b9e90 Thread added: 0x000001cad68e4f50
Event: 6.573 Thread 0x000001caf6eb1360 Thread added: 0x000001cad651e110
Event: 6.574 Thread 0x000001caf6eb1360 Thread added: 0x000001cad651fb50
Event: 6.610 Thread 0x000001cad4fb7de0 Thread added: 0x000001cad651e7a0
Event: 7.337 Thread 0x000001cad68e4f50 Thread exited: 0x000001cad68e4f50
Event: 7.836 Thread 0x000001cafe5bc070 Thread added: 0x000001cad68e5cf0
Event: 8.553 Thread 0x000001cad68e5cf0 Thread exited: 0x000001cad68e5cf0
Event: 9.030 Thread 0x000001cad4dbe240 Thread exited: 0x000001cad4dbe240
Event: 14.858 Thread 0x000001cad651fb50 Thread added: 0x000001cad6520870
Event: 14.872 Thread 0x000001cad651fb50 Thread added: 0x000001cad651da80
Event: 14.899 Thread 0x000001cad651e7a0 Thread added: 0x000001cad651ee30
Event: 14.954 Thread 0x000001cad651ee30 Thread added: 0x000001cad651f4c0
Event: 14.954 Thread 0x000001cad651ee30 Thread added: 0x000001cad4c01480
Event: 14.958 Thread 0x000001cad651f4c0 Thread exited: 0x000001cad651f4c0
Event: 14.958 Thread 0x000001cad4c01480 Thread exited: 0x000001cad4c01480
Event: 14.958 Thread 0x000001cad651ee30 Thread exited: 0x000001cad651ee30


Dynamic libraries:
0x00007ff7f5450000 - 0x00007ff7f545e000 	c:\Users\dinet\.vscode-insiders\extensions\redhat.java-1.41.0-win32-x64\jre\21.0.6-win32-x86_64\bin\java.exe
0x00007ffc41b50000 - 0x00007ffc41d67000 	C:\Windows\SYSTEM32\ntdll.dll
0x00007ffc40400000 - 0x00007ffc404c4000 	C:\Windows\System32\KERNEL32.DLL
0x00007ffc3f2f0000 - 0x00007ffc3f6c1000 	C:\Windows\System32\KERNELBASE.dll
0x00007ffc395f0000 - 0x00007ffc39687000 	C:\Windows\SYSTEM32\apphelp.dll
0x00007ffc3f6d0000 - 0x00007ffc3f7e1000 	C:\Windows\System32\ucrtbase.dll
0x00007ffc1c9a0000 - 0x00007ffc1c9b8000 	c:\Users\dinet\.vscode-insiders\extensions\redhat.java-1.41.0-win32-x64\jre\21.0.6-win32-x86_64\bin\jli.dll
0x00007ffc410c0000 - 0x00007ffc41271000 	C:\Windows\System32\USER32.dll
0x00007ffc3f0d0000 - 0x00007ffc3f0f6000 	C:\Windows\System32\win32u.dll
0x00007ffc40dc0000 - 0x00007ffc40de9000 	C:\Windows\System32\GDI32.dll
0x00007ffc3ee90000 - 0x00007ffc3efab000 	C:\Windows\System32\gdi32full.dll
0x00007ffc3f030000 - 0x00007ffc3f0ca000 	C:\Windows\System32\msvcp_win.dll
0x00007ffc25fe0000 - 0x00007ffc26272000 	C:\Windows\WinSxS\amd64_microsoft.windows.common-controls_6595b64144ccf1df_6.0.22621.4830_none_270fe7d773858e80\COMCTL32.dll
0x00007ffc40fc0000 - 0x00007ffc41067000 	C:\Windows\System32\msvcrt.dll
0x00007ffc278f0000 - 0x00007ffc2790e000 	c:\Users\dinet\.vscode-insiders\extensions\redhat.java-1.41.0-win32-x64\jre\21.0.6-win32-x86_64\bin\VCRUNTIME140.dll
0x00007ffc3f9a0000 - 0x00007ffc3f9d1000 	C:\Windows\System32\IMM32.DLL
0x00007ffc3a070000 - 0x00007ffc3a07c000 	c:\Users\dinet\.vscode-insiders\extensions\redhat.java-1.41.0-win32-x64\jre\21.0.6-win32-x86_64\bin\vcruntime140_1.dll
0x00007ffc07a20000 - 0x00007ffc07aad000 	c:\Users\dinet\.vscode-insiders\extensions\redhat.java-1.41.0-win32-x64\jre\21.0.6-win32-x86_64\bin\msvcp140.dll
0x00007ffbdcc00000 - 0x00007ffbdd990000 	c:\Users\dinet\.vscode-insiders\extensions\redhat.java-1.41.0-win32-x64\jre\21.0.6-win32-x86_64\bin\server\jvm.dll
0x00007ffc40860000 - 0x00007ffc40911000 	C:\Windows\System32\ADVAPI32.dll
0x00007ffc40df0000 - 0x00007ffc40e97000 	C:\Windows\System32\sechost.dll
0x00007ffc3f7f0000 - 0x00007ffc3f818000 	C:\Windows\System32\bcrypt.dll
0x00007ffc40940000 - 0x00007ffc40a54000 	C:\Windows\System32\RPCRT4.dll
0x00007ffc3f820000 - 0x00007ffc3f891000 	C:\Windows\System32\WS2_32.dll
0x00007ffc3e510000 - 0x00007ffc3e55d000 	C:\Windows\SYSTEM32\POWRPROF.dll
0x00007ffc3c300000 - 0x00007ffc3c334000 	C:\Windows\SYSTEM32\WINMM.dll
0x00007ffc39840000 - 0x00007ffc3984a000 	C:\Windows\SYSTEM32\VERSION.dll
0x00007ffc3e4f0000 - 0x00007ffc3e503000 	C:\Windows\SYSTEM32\UMPDC.dll
0x00007ffc3dcb0000 - 0x00007ffc3dcc8000 	C:\Windows\SYSTEM32\kernel.appcore.dll
0x00007ffc39dc0000 - 0x00007ffc39dca000 	c:\Users\dinet\.vscode-insiders\extensions\redhat.java-1.41.0-win32-x64\jre\21.0.6-win32-x86_64\bin\jimage.dll
0x00007ffc3bf80000 - 0x00007ffc3c1b2000 	C:\Windows\SYSTEM32\DBGHELP.DLL
0x00007ffc404d0000 - 0x00007ffc40860000 	C:\Windows\System32\combase.dll
0x00007ffc3f8a0000 - 0x00007ffc3f977000 	C:\Windows\System32\OLEAUT32.dll
0x00007ffc3c2c0000 - 0x00007ffc3c2f2000 	C:\Windows\SYSTEM32\dbgcore.DLL
0x00007ffc3f100000 - 0x00007ffc3f17b000 	C:\Windows\System32\bcryptPrimitives.dll
0x00007ffc38b20000 - 0x00007ffc38b2f000 	c:\Users\dinet\.vscode-insiders\extensions\redhat.java-1.41.0-win32-x64\jre\21.0.6-win32-x86_64\bin\instrument.dll
0x00007ffc104a0000 - 0x00007ffc104bf000 	c:\Users\dinet\.vscode-insiders\extensions\redhat.java-1.41.0-win32-x64\jre\21.0.6-win32-x86_64\bin\java.dll
0x00007ffc41280000 - 0x00007ffc41b08000 	C:\Windows\System32\SHELL32.dll
0x00007ffc3ed50000 - 0x00007ffc3ee8f000 	C:\Windows\System32\wintypes.dll
0x00007ffc3cba0000 - 0x00007ffc3d4ad000 	C:\Windows\SYSTEM32\windows.storage.dll
0x00007ffc40280000 - 0x00007ffc4038a000 	C:\Windows\System32\SHCORE.dll
0x00007ffc40d00000 - 0x00007ffc40d5e000 	C:\Windows\System32\shlwapi.dll
0x00007ffc3ebc0000 - 0x00007ffc3ebeb000 	C:\Windows\SYSTEM32\profapi.dll
0x00007ffc16cc0000 - 0x00007ffc16cd8000 	c:\Users\dinet\.vscode-insiders\extensions\redhat.java-1.41.0-win32-x64\jre\21.0.6-win32-x86_64\bin\zip.dll
0x00007ffc30430000 - 0x00007ffc30440000 	C:\Users\dinet\.vscode-insiders\extensions\redhat.java-1.41.0-win32-x64\jre\21.0.6-win32-x86_64\bin\net.dll
0x00007ffc3b280000 - 0x00007ffc3b3ac000 	C:\Windows\SYSTEM32\WINHTTP.dll
0x00007ffc3e1a0000 - 0x00007ffc3e20a000 	C:\Windows\system32\mswsock.dll
0x00007ffc0f830000 - 0x00007ffc0f846000 	C:\Users\dinet\.vscode-insiders\extensions\redhat.java-1.41.0-win32-x64\jre\21.0.6-win32-x86_64\bin\nio.dll
0x00007ffc2fc20000 - 0x00007ffc2fc30000 	c:\Users\dinet\.vscode-insiders\extensions\redhat.java-1.41.0-win32-x64\jre\21.0.6-win32-x86_64\bin\verify.dll
0x00007ffc0d620000 - 0x00007ffc0d665000 	C:\Users\dinet\AppData\Roaming\Code - Insiders\User\globalStorage\redhat.java\1.41.0\config_ss_win\org.eclipse.equinox.launcher\org.eclipse.equinox.launcher.win32.win32.x86_64_1.2.1300.v20250325-0811\eclipse_11911.dll
0x00007ffc400d0000 - 0x00007ffc40271000 	C:\Windows\System32\ole32.dll
0x00007ffc3e400000 - 0x00007ffc3e41b000 	C:\Windows\SYSTEM32\CRYPTSP.dll
0x00007ffc3dc10000 - 0x00007ffc3dc47000 	C:\Windows\system32\rsaenh.dll
0x00007ffc3e290000 - 0x00007ffc3e2b8000 	C:\Windows\SYSTEM32\USERENV.dll
0x00007ffc3e3f0000 - 0x00007ffc3e3fc000 	C:\Windows\SYSTEM32\CRYPTBASE.dll
0x00007ffc3d710000 - 0x00007ffc3d73d000 	C:\Windows\SYSTEM32\IPHLPAPI.DLL
0x00007ffc40930000 - 0x00007ffc40939000 	C:\Windows\System32\NSI.dll
0x00007ffc0d5d0000 - 0x00007ffc0d619000 	C:\Users\dinet\AppData\Local\Temp\jna-95589112\jna4976935718952472255.dll
0x00007ffc40b10000 - 0x00007ffc40b18000 	C:\Windows\System32\PSAPI.DLL
0x00007ffc3acf0000 - 0x00007ffc3ad09000 	C:\Windows\SYSTEM32\dhcpcsvc6.DLL
0x00007ffc3acd0000 - 0x00007ffc3acef000 	C:\Windows\SYSTEM32\dhcpcsvc.DLL

dbghelp: loaded successfully - version: 4.0.5 - missing functions: none
symbol engine: initialized successfully - sym options: 0x614 - pdb path: .;c:\Users\dinet\.vscode-insiders\extensions\redhat.java-1.41.0-win32-x64\jre\21.0.6-win32-x86_64\bin;C:\Windows\SYSTEM32;C:\Windows\WinSxS\amd64_microsoft.windows.common-controls_6595b64144ccf1df_6.0.22621.4830_none_270fe7d773858e80;c:\Users\dinet\.vscode-insiders\extensions\redhat.java-1.41.0-win32-x64\jre\21.0.6-win32-x86_64\bin\server;C:\Users\dinet\AppData\Roaming\Code - Insiders\User\globalStorage\redhat.java\1.41.0\config_ss_win\org.eclipse.equinox.launcher\org.eclipse.equinox.launcher.win32.win32.x86_64_1.2.1300.v20250325-0811;C:\Users\dinet\AppData\Local\Temp\jna-95589112

VM Arguments:
jvm_args: --add-modules=ALL-SYSTEM --add-opens=java.base/java.util=ALL-UNNAMED --add-opens=java.base/java.lang=ALL-UNNAMED --add-opens=java.base/sun.nio.fs=ALL-UNNAMED -Declipse.application=org.eclipse.jdt.ls.core.id1 -Dosgi.bundles.defaultStartLevel=4 -Declipse.product=org.eclipse.jdt.ls.core.product -Djava.import.generatesMetadataFilesAtProjectRoot=false -DDetectVMInstallationsJob.disabled=true -Dfile.encoding=utf8 -XX:+UseParallelGC -XX:GCTimeRatio=4 -XX:AdaptiveSizePolicyWeight=90 -Dsun.zip.disableMemoryMapping=true -Xmx1G -Xms100m -Xlog:disable -javaagent:c:\Users\dinet\.vscode-insiders\extensions\redhat.java-1.41.0-win32-x64\lombok\lombok-1.18.36.jar 
java_command: c:\Users\dinet\.vscode-insiders\extensions\redhat.java-1.41.0-win32-x64\server\plugins\org.eclipse.equinox.launcher_1.6.1100.v20250306-0509.jar -configuration c:\Users\dinet\AppData\Roaming\Code - Insiders\User\globalStorage\redhat.java\1.41.0\config_ss_win -data c:\Users\dinet\AppData\Roaming\Code - Insiders\User\workspaceStorage\dabadabde1c83beb8ffe71b872dfda3c\redhat.java\ss_ws --pipe=\\.\pipe\lsp-85be4435db33b10fdedbd26cfe14a43a-sock
java_class_path (initial): c:\Users\dinet\.vscode-insiders\extensions\redhat.java-1.41.0-win32-x64\server\plugins\org.eclipse.equinox.launcher_1.6.1100.v20250306-0509.jar
Launcher Type: SUN_STANDARD

[Global flags]
    uintx AdaptiveSizePolicyWeight                 = 90                                        {product} {command line}
     intx CICompilerCount                          = 4                                         {product} {ergonomic}
    uintx GCTimeRatio                              = 4                                         {product} {command line}
   size_t InitialHeapSize                          = 104857600                                 {product} {command line}
   size_t MaxHeapSize                              = 1073741824                                {product} {command line}
   size_t MaxNewSize                               = 357564416                                 {product} {ergonomic}
   size_t MinHeapDeltaBytes                        = 524288                                    {product} {ergonomic}
   size_t MinHeapSize                              = 104857600                                 {product} {command line}
   size_t NewSize                                  = 34603008                                  {product} {ergonomic}
    uintx NonNMethodCodeHeapSize                   = 5839372                                {pd product} {ergonomic}
    uintx NonProfiledCodeHeapSize                  = 122909434                              {pd product} {ergonomic}
   size_t OldSize                                  = 70254592                                  {product} {ergonomic}
    uintx ProfiledCodeHeapSize                     = 122909434                              {pd product} {ergonomic}
    uintx ReservedCodeCacheSize                    = 251658240                              {pd product} {ergonomic}
     bool SegmentedCodeCache                       = true                                      {product} {ergonomic}
   size_t SoftMaxHeapSize                          = 1073741824                             {manageable} {ergonomic}
     bool UseCompressedOops                        = true                           {product lp64_product} {ergonomic}
     bool UseLargePagesIndividualAllocation        = false                                  {pd product} {ergonomic}
     bool UseParallelGC                            = true                                      {product} {command line}

Logging:
Log output configuration:
 #0: stdout all=off uptime,level,tags foldmultilines=false
 #1: stderr all=off uptime,level,tags foldmultilines=false

Environment Variables:
PATH=c:\Users\dinet\AppData\Local\Programs\cursor\resources\app\bin;C:\Program Files\MySQL\MySQL Server 8.0\bin;C:\Program Files\Java\jdk-21\bin;C:\Program Files\Common Files\Oracle\Java\javapath;D:\apache-maven-3.9.9-bin\apache-maven-3.9.9\bin;C:\Windows\system32;C:\Windows;C:\Windows\System32\Wbem;C:\Windows\System32\WindowsPowerShell\v1.0\;C:\Windows\System32\OpenSSH\;C:\Program Files (x86)\Microsoft SQL Server\160\Tools\Binn\;C:\Program Files\Microsoft SQL Server\160\Tools\Binn\;C:\Program Files\Microsoft SQL Server\Client SDK\ODBC\170\Tools\Binn\;C:\Program Files\Microsoft SQL Server\160\DTS\Binn\;C:\Program Files\nodejs\;C:\Program Files\Git\cmd;C:\Users\dinet\AppData\Local\Microsoft\WindowsApps;C:\Users\dinet\AppData\Roaming\npm;c:\Users\dinet\AppData\Local\Programs\cursor\resources\app\bin;c:\Users\dinet\AppData\Local\Programs\cursor\resources\app\bin;C:\Program Files\dotnet\;C:\Program Files\MongoDB\mongosh-2.4.0-win32-x64\bin;D:\azure-cli-2.70.0-x64\bin;C:\Program Files\Docker\Docker\resources\bin;C:\Program Files\apache-maven-3.9.9-bin\apache-maven-3.9.9\bin;C:\Users\dinet\AppData\Local\Microsoft\WindowsApps;C:\Users\dinet\AppData\Roaming\npm;C:\Program Files\JetBrains\WebStorm 2024.3.2.1\bin;;C:\Users\dinet\AppData\Local\Programs\Microsoft VS Code Insiders\bin
USERNAME=dinet
OS=Windows_NT
PROCESSOR_IDENTIFIER=Intel64 Family 6 Model 140 Stepping 1, GenuineIntel
TMP=C:\Users\dinet\AppData\Local\Temp
TEMP=C:\Users\dinet\AppData\Local\Temp




Periodic native trim disabled

---------------  S Y S T E M  ---------------

OS:
 Windows 11 , 64 bit Build 22621 (10.0.22621.4974)
OS uptime: 2 days 1:07 hours
Hyper-V role detected

CPU: total 8 (initial active 8) (4 cores per cpu, 2 threads per core) family 6 model 140 stepping 1 microcode 0x8a, cx8, cmov, fxsr, ht, mmx, 3dnowpref, sse, sse2, sse3, ssse3, sse4.1, sse4.2, popcnt, lzcnt, tsc, tscinvbit, avx, avx2, aes, erms, clmul, bmi1, bmi2, adx, avx512f, avx512dq, avx512cd, avx512bw, avx512vl, sha, fma, vzeroupper, avx512_vpopcntdq, avx512_vpclmulqdq, avx512_vaes, avx512_vnni, clflush, clflushopt, clwb, avx512_vbmi2, avx512_vbmi, hv, rdtscp, rdpid, fsrm, gfni, avx512_bitalg, f16c, cet_ibt, cet_ss, avx512_ifma
Processor Information for the first 8 processors :
  Max Mhz: 2419, Current Mhz: 2419, Mhz Limit: 2419

Memory: 4k page, system-wide physical 7991M (322M free)
TotalPageFile size 19825M (AvailPageFile size 3M)
current process WorkingSet (physical memory assigned to process): 168M, peak: 178M
current process commit charge ("private bytes"): 256M, peak: 266M

vm_info: OpenJDK 64-Bit Server VM (21.0.6+7-LTS) for windows-amd64 JRE (21.0.6+7-LTS), built on 2025-01-21T00:00:00Z by "admin" with MS VC++ 17.7 (VS2022)

END.
